C:\Users\chadb\Documents\MCUXpressoIDE_11.7.0_9198\workspace\lpc_chip_43xx\inc/core_cm4.h:1467:22:NVIC_EnableIRQ	16	static
C:\Users\chadb\Documents\MCUXpressoIDE_11.7.0_9198\workspace\lpc_chip_43xx\inc/core_cm4.h:1520:22:NVIC_ClearPendingIRQ	16	static
C:\Users\chadb\Documents\MCUXpressoIDE_11.7.0_9198\workspace\lpc_chip_43xx\inc/rgu_18xx_43xx.h:119:20:Chip_RGU_TriggerReset	16	static
C:\Users\chadb\Documents\MCUXpressoIDE_11.7.0_9198\workspace\lpc_chip_43xx\inc/rgu_18xx_43xx.h:130:20:Chip_RGU_InReset	16	static
C:\Users\chadb\Documents\MCUXpressoIDE_11.7.0_9198\workspace\lpc_chip_43xx\inc/hsadc_18xx_43xx.h:250:20:Chip_HSADC_ConfigureTrigger	16	static
C:\Users\chadb\Documents\MCUXpressoIDE_11.7.0_9198\workspace\lpc_chip_43xx\inc/hsadc_18xx_43xx.h:365:20:Chip_HSADC_EnablePower	16	static
C:\Users\chadb\Documents\MCUXpressoIDE_11.7.0_9198\workspace\lpc_chip_43xx\inc/hsadc_18xx_43xx.h:438:20:Chip_HSADC_SetupDescEntry	24	static
C:\Users\chadb\Documents\MCUXpressoIDE_11.7.0_9198\workspace\lpc_chip_43xx\inc/hsadc_18xx_43xx.h:453:20:Chip_HSADC_UpdateDescTable	16	static
C:\Users\chadb\Documents\MCUXpressoIDE_11.7.0_9198\workspace\lpc_chip_43xx\inc/hsadc_18xx_43xx.h:484:20:Chip_HSADC_EnableInts	24	static
C:\Users\chadb\Documents\MCUXpressoIDE_11.7.0_9198\workspace\lpc_chip_43xx\inc/timer_18xx_43xx.h:159:20:Chip_TIMER_Enable	16	static
C:\Users\chadb\Documents\MCUXpressoIDE_11.7.0_9198\workspace\lpc_chip_43xx\inc/timer_18xx_43xx.h:217:20:Chip_TIMER_SetMatch	24	static
C:\Users\chadb\Documents\MCUXpressoIDE_11.7.0_9198\workspace\lpc_chip_43xx\inc/timer_18xx_43xx.h:248:20:Chip_TIMER_MatchEnableInt	16	static
C:\Users\chadb\Documents\MCUXpressoIDE_11.7.0_9198\workspace\lpc_chip_43xx\inc/timer_18xx_43xx.h:270:20:Chip_TIMER_ResetOnMatchEnable	16	static
../src/RD_ProbeScope_FreeRTOS_Test.c:61:17:getClockRate	24	static
../src/RD_ProbeScope_FreeRTOS_Test.c:73:13:setupClock	56	static
../src/RD_ProbeScope_FreeRTOS_Test.c:161:13:timer_setup	8	static
../src/RD_ProbeScope_FreeRTOS_Test.c:180:6:setupADC	16	static
../src/RD_ProbeScope_FreeRTOS_Test.c:283:13:setupHardware	8	static
../src/RD_ProbeScope_FreeRTOS_Test.c:301:13:getSample	4	static
../src/RD_ProbeScope_FreeRTOS_Test.c:320:5:main	24	static
