C:\Users\chadb\Documents\MCUXpressoIDE_11.7.0_9198\workspace\lpc_chip_43xx\inc/core_cm4.h:1467:22:NVIC_EnableIRQ	16	static
C:\Users\chadb\Documents\MCUXpressoIDE_11.7.0_9198\workspace\lpc_chip_43xx\inc/core_cm4.h:1480:22:NVIC_DisableIRQ	16	static
C:\Users\chadb\Documents\MCUXpressoIDE_11.7.0_9198\workspace\lpc_chip_43xx\inc\usbd_rom/usbd_core.h:557:20:USB_IsConfigured	24	static
../src/libusbdev.c:73:13:lusb_ResetEvent	16	static
../src/libusbdev.c:83:13:lusb_BulkIN_Hdlr	32	static
../src/libusbdev.c:95:13:lusb_IntrIN_Hdlr	40	static
../src/libusbdev.c:116:13:lusb_BulkOUT_Hdlr	32	static
../src/libusbdev.c:130:13:WCID_hdlr	32	static
../src/libusbdev.c:200:20:EP0_patch	24	static
../src/libusbdev.c:228:6:USB0_IRQHandler	8	static
../src/libusbdev.c:234:5:libusbdev_init	120	static
../src/libusbdev.c:312:6:libusbdev_Connected	8	static
../src/libusbdev.c:318:13:libusbdev_QueueReadReq	32	static
../src/libusbdev.c:336:9:libusbdev_QueueReadDone	16	static
../src/libusbdev.c:349:9:libusbdev_Read	24	static
../src/libusbdev.c:366:13:libusbdev_QueueSendReq	32	static
../src/libusbdev.c:385:9:libusbdev_QueueSendDone	16	static
../src/libusbdev.c:394:13:libusbdev_Send	24	static
../src/libusbdev.c:411:13:libusbdev_SendInterrupt	32	static
