Archive member included to satisfy reference by file (symbol)

C:\Users\chadb\Documents\MCUXpressoIDE_11.7.0_9198\workspace\lpc_chip_43xx\Debug\liblpc_chip_43xx.a(chip_18xx_43xx.o)
                              ./src/libusbdev.o (Chip_USB0_Init)
C:\Users\chadb\Documents\MCUXpressoIDE_11.7.0_9198\workspace\lpc_chip_43xx\Debug\liblpc_chip_43xx.a(clock_18xx_43xx.o)
                              C:\Users\chadb\Documents\MCUXpressoIDE_11.7.0_9198\workspace\lpc_chip_43xx\Debug\liblpc_chip_43xx.a(chip_18xx_43xx.o) (Chip_Clock_GetClockInputHz)
C:\Users\chadb\Documents\MCUXpressoIDE_11.7.0_9198\workspace\lpc_chip_43xx\Debug\liblpc_chip_43xx.a(fpu_init.o)
                              ./src/sysinit.o (fpuInit)
C:\Users\chadb\Documents\MCUXpressoIDE_11.7.0_9198\workspace\lpc_chip_43xx\Debug\liblpc_chip_43xx.a(sysinit_18xx_43xx.o)
                              ./src/sysinit.o (Chip_SystemInit)
c:/nxp/mcuxpressoide_11.7.0_9198/ide/plugins/com.nxp.mcuxpresso.tools.win32_11.7.0.202209140929/tools/bin/../lib/gcc/arm-none-eabi/10.3.1/../../../../arm-none-eabi/lib/thumb/v7e-m+fp/softfp\libcr_c.a(memset.o)
                              ./src/libusbdev.o (memset)
c:/nxp/mcuxpressoide_11.7.0_9198/ide/plugins/com.nxp.mcuxpresso.tools.win32_11.7.0.202209140929/tools/bin/../lib/gcc/arm-none-eabi/10.3.1/../../../../arm-none-eabi/lib/thumb/v7e-m+fp/softfp\libcr_c.a(__weak__main.o)
                              ./src/cr_startup_lpc43xx.o (__main)
c:/nxp/mcuxpressoide_11.7.0_9198/ide/plugins/com.nxp.mcuxpresso.tools.win32_11.7.0.202209140929/tools/bin/../lib/gcc/arm-none-eabi/10.3.1/../../../../arm-none-eabi/lib/thumb/v7e-m+fp/softfp\libcr_c.a(strcpy.o)
                              ./src/ProbeScope_Test.o (strcpy)
c:/nxp/mcuxpressoide_11.7.0_9198/ide/plugins/com.nxp.mcuxpresso.tools.win32_11.7.0.202209140929/tools/bin/../lib/gcc/arm-none-eabi/10.3.1/thumb/v7e-m+fp/softfp\libcr_eabihelpers.a(memcpy.o)
                              c:/nxp/mcuxpressoide_11.7.0_9198/ide/plugins/com.nxp.mcuxpresso.tools.win32_11.7.0.202209140929/tools/bin/../lib/gcc/arm-none-eabi/10.3.1/../../../../arm-none-eabi/lib/thumb/v7e-m+fp/softfp\libcr_c.a(memset.o) (__aeabi_lowlevel_memset)

Discarded input sections

 .group         0x00000000        0xc ./src/ProbeScope_Test.o
 .group         0x00000000        0xc ./src/ProbeScope_Test.o
 .group         0x00000000        0xc ./src/ProbeScope_Test.o
 .group         0x00000000        0xc ./src/ProbeScope_Test.o
 .group         0x00000000        0xc ./src/ProbeScope_Test.o
 .group         0x00000000        0xc ./src/ProbeScope_Test.o
 .group         0x00000000        0xc ./src/ProbeScope_Test.o
 .group         0x00000000        0xc ./src/ProbeScope_Test.o
 .group         0x00000000        0xc ./src/ProbeScope_Test.o
 .group         0x00000000        0xc ./src/ProbeScope_Test.o
 .group         0x00000000        0xc ./src/ProbeScope_Test.o
 .group         0x00000000        0xc ./src/ProbeScope_Test.o
 .group         0x00000000        0xc ./src/ProbeScope_Test.o
 .group         0x00000000        0xc ./src/ProbeScope_Test.o
 .group         0x00000000        0xc ./src/ProbeScope_Test.o
 .group         0x00000000        0xc ./src/ProbeScope_Test.o
 .group         0x00000000        0xc ./src/ProbeScope_Test.o
 .group         0x00000000        0xc ./src/ProbeScope_Test.o
 .group         0x00000000        0xc ./src/ProbeScope_Test.o
 .group         0x00000000        0xc ./src/ProbeScope_Test.o
 .group         0x00000000        0xc ./src/ProbeScope_Test.o
 .group         0x00000000        0xc ./src/ProbeScope_Test.o
 .group         0x00000000        0xc ./src/ProbeScope_Test.o
 .group         0x00000000        0xc ./src/ProbeScope_Test.o
 .group         0x00000000        0xc ./src/ProbeScope_Test.o
 .group         0x00000000        0xc ./src/ProbeScope_Test.o
 .group         0x00000000        0xc ./src/ProbeScope_Test.o
 .group         0x00000000        0xc ./src/ProbeScope_Test.o
 .group         0x00000000        0xc ./src/ProbeScope_Test.o
 .group         0x00000000        0xc ./src/ProbeScope_Test.o
 .group         0x00000000        0xc ./src/ProbeScope_Test.o
 .group         0x00000000        0xc ./src/ProbeScope_Test.o
 .group         0x00000000        0xc ./src/ProbeScope_Test.o
 .group         0x00000000        0xc ./src/ProbeScope_Test.o
 .group         0x00000000        0xc ./src/ProbeScope_Test.o
 .group         0x00000000        0xc ./src/ProbeScope_Test.o
 .group         0x00000000        0xc ./src/ProbeScope_Test.o
 .group         0x00000000        0xc ./src/ProbeScope_Test.o
 .group         0x00000000        0xc ./src/ProbeScope_Test.o
 .group         0x00000000        0xc ./src/ProbeScope_Test.o
 .group         0x00000000        0xc ./src/ProbeScope_Test.o
 .group         0x00000000        0xc ./src/ProbeScope_Test.o
 .group         0x00000000        0xc ./src/ProbeScope_Test.o
 .group         0x00000000        0xc ./src/ProbeScope_Test.o
[...]
Memory Configuration

Name             Origin             Length             Attributes
RamLoc128        0x10000000         0x00020000         xrw
RamLoc72         0x10080000         0x00012000         xrw
RamAHB32         0x20000000         0x00008000         xrw
RamAHB16         0x20008000         0x00004000         xrw
RamAHB_ETB16     0x2000c000         0x00004000         xrw
RamM0Sub16       0x18000000         0x00004000         xrw
RamM0Sub2        0x18004000         0x00000800         xrw
*default*        0x00000000         0xffffffff

Linker script and memory map

LOAD ./src/ProbeScope_Test.o
LOAD ./src/cr_start_m0.o
LOAD ./src/cr_startup_lpc43xx.o
LOAD ./src/crp.o
LOAD ./src/libusbdev.o
LOAD ./src/libusbdev_desc.o
LOAD ./src/sysinit.o
LOAD C:\Users\chadb\Documents\MCUXpressoIDE_11.7.0_9198\workspace\lpc_chip_43xx\Debug\liblpc_chip_43xx.a
START GROUP
LOAD c:/nxp/mcuxpressoide_11.7.0_9198/ide/plugins/com.nxp.mcuxpresso.tools.win32_11.7.0.202209140929/tools/bin/../lib/gcc/arm-none-eabi/10.3.1/../../../../arm-none-eabi/lib/thumb/v7e-m+fp/softfp\libcr_c.a
LOAD c:/nxp/mcuxpressoide_11.7.0_9198/ide/plugins/com.nxp.mcuxpresso.tools.win32_11.7.0.202209140929/tools/bin/../lib/gcc/arm-none-eabi/10.3.1/thumb/v7e-m+fp/softfp\libcr_eabihelpers.a
LOAD c:/nxp/mcuxpressoide_11.7.0_9198/ide/plugins/com.nxp.mcuxpresso.tools.win32_11.7.0.202209140929/tools/bin/../lib/gcc/arm-none-eabi/10.3.1/thumb/v7e-m+fp/softfp\libgcc.a
END GROUP
                0x10000000                __base_RamLoc128 = 0x10000000
                0x10000000                __base_RAM = 0x10000000
                0x10020000                __top_RamLoc128 = 0x10020000
                0x10020000                __top_RAM = 0x10020000
                0x10080000                __base_RamLoc72 = 0x10080000
                0x10080000                __base_RAM2 = 0x10080000
                0x10092000                __top_RamLoc72 = 0x10092000
                0x10092000                __top_RAM2 = 0x10092000
                0x20000000                __base_RamAHB32 = 0x20000000
                0x20000000                __base_RAM3 = 0x20000000
                0x20008000                __top_RamAHB32 = 0x20008000
                0x20008000                __top_RAM3 = 0x20008000
                0x20008000                __base_RamAHB16 = 0x20008000
                0x20008000                __base_RAM4 = 0x20008000
                0x2000c000                __top_RamAHB16 = 0x2000c000
                0x2000c000                __top_RAM4 = 0x2000c000
                0x2000c000                __base_RamAHB_ETB16 = 0x2000c000
                0x2000c000                __base_RAM5 = 0x2000c000
                0x20010000                __top_RamAHB_ETB16 = 0x20010000
                0x20010000                __top_RAM5 = 0x20010000
                0x18000000                __base_RamM0Sub16 = 0x18000000
                0x18000000                __base_RAM6 = 0x18000000
                0x18004000                __top_RamM0Sub16 = 0x18004000
                0x18004000                __top_RAM6 = 0x18004000
                0x18004000                __base_RamM0Sub2 = 0x18004000
                0x18004000                __base_RAM7 = 0x18004000
                0x18004800                __top_RamM0Sub2 = 0x18004800
                0x18004800                __top_RAM7 = 0x18004800

.text           0x10000000     0x1a38
 FILL mask 0xff
                0x10000000                __vectors_start__ = ABSOLUTE (.)
 *(.isr_vector)
 .isr_vector    0x10000000      0x114 ./src/cr_startup_lpc43xx.o
                0x10000000                g_pfnVectors
                0x10000114                . = ALIGN (0x4)
                0x10000114                __section_table_start = .
                0x10000114                __data_section_table = .
                0x10000114        0x4 LONG 0x10001a38 LOADADDR (.data)
                0x10000118        0x4 LONG 0x10001a38 ADDR (.data)
                0x1000011c        0x4 LONG 0x50 SIZEOF (.data)
                0x10000120        0x4 LONG 0x10001a38 LOADADDR (.data_RAM2)
                0x10000124        0x4 LONG 0x10080000 ADDR (.data_RAM2)
                0x10000128        0x4 LONG 0x0 SIZEOF (.data_RAM2)
                0x1000012c        0x4 LONG 0x10001a38 LOADADDR (.data_RAM3)
                0x10000130        0x4 LONG 0x20000000 ADDR (.data_RAM3)
                0x10000134        0x4 LONG 0x0 SIZEOF (.data_RAM3)
                0x10000138        0x4 LONG 0x10001a38 LOADADDR (.data_RAM4)
                0x1000013c        0x4 LONG 0x20008000 ADDR (.data_RAM4)
                0x10000140        0x4 LONG 0x0 SIZEOF (.data_RAM4)
                0x10000144        0x4 LONG 0x10001a38 LOADADDR (.data_RAM5)
                0x10000148        0x4 LONG 0x2000c000 ADDR (.data_RAM5)
                0x1000014c        0x4 LONG 0x0 SIZEOF (.data_RAM5)
                0x10000150        0x4 LONG 0x10001a38 LOADADDR (.data_RAM6)
                0x10000154        0x4 LONG 0x18000000 ADDR (.data_RAM6)
                0x10000158        0x4 LONG 0x0 SIZEOF (.data_RAM6)
                0x1000015c        0x4 LONG 0x10001a38 LOADADDR (.data_RAM7)
                0x10000160        0x4 LONG 0x18004000 ADDR (.data_RAM7)
                0x10000164        0x4 LONG 0x0 SIZEOF (.data_RAM7)
                0x10000168                __data_section_table_end = .
                0x10000168                __bss_section_table = .
                0x10000168        0x4 LONG 0x10001a88 ADDR (.bss)
                0x1000016c        0x4 LONG 0x1038 SIZEOF (.bss)
                0x10000170        0x4 LONG 0x10080000 ADDR (.bss_RAM2)
                0x10000174        0x4 LONG 0x0 SIZEOF (.bss_RAM2)
                0x10000178        0x4 LONG 0x20000000 ADDR (.bss_RAM3)
                0x1000017c        0x4 LONG 0x0 SIZEOF (.bss_RAM3)
                0x10000180        0x4 LONG 0x20008000 ADDR (.bss_RAM4)
                0x10000184        0x4 LONG 0x0 SIZEOF (.bss_RAM4)
                0x10000188        0x4 LONG 0x2000c000 ADDR (.bss_RAM5)
                0x1000018c        0x4 LONG 0x0 SIZEOF (.bss_RAM5)
                0x10000190        0x4 LONG 0x18000000 ADDR (.bss_RAM6)
                0x10000194        0x4 LONG 0x0 SIZEOF (.bss_RAM6)
                0x10000198        0x4 LONG 0x18004000 ADDR (.bss_RAM7)
                0x1000019c        0x4 LONG 0x0 SIZEOF (.bss_RAM7)
                0x100001a0                __bss_section_table_end = .
                0x100001a0                __section_table_end = .
 *(.after_vectors*)
 .after_vectors
                0x100001a0       0xbc ./src/cr_startup_lpc43xx.o
                0x100001a0                data_init
                0x100001e6                bss_init
                0x10000220                NMI_Handler
                0x10000226                HardFault_Handler
                0x1000022c                MemManage_Handler
                0x10000232                BusFault_Handler
                0x10000238                UsageFault_Handler
                0x1000023e                SVC_Handler
                0x10000244                DebugMon_Handler
                0x1000024a                PendSV_Handler
                0x10000250                SysTick_Handler
                0x10000256                ATIMER_IRQHandler
                0x10000256                I2C1_IRQHandler
                0x10000256                UART1_IRQHandler
                0x10000256                GPIO5_IRQHandler
                0x10000256                CAN1_IRQHandler
                0x10000256                USB1_IRQHandler
                0x10000256                I2S0_IRQHandler
                0x10000256                TIMER3_IRQHandler
                0x10000256                UART0_IRQHandler
                0x10000256                I2C0_IRQHandler
                0x10000256                SGPIO_IRQHandler
                0x10000256                FLASH_EEPROM_IRQHandler
                0x10000256                ADCHS_IRQHandler
                0x10000256                GPIO6_IRQHandler
                0x10000256                IntDefaultHandler
                0x10000256                GPIO1_IRQHandler
                0x10000256                SSP0_IRQHandler
                0x10000256                ADC1_IRQHandler
                0x10000256                RTC_IRQHandler
                0x10000256                TIMER0_IRQHandler
                0x10000256                SPI_IRQHandler
                0x10000256                LCD_IRQHandler
                0x10000256                RIT_IRQHandler
                0x10000256                TIMER1_IRQHandler
                0x10000256                UART2_IRQHandler
                0x10000256                GPIO2_IRQHandler
                0x10000256                I2S1_IRQHandler
                0x10000256                SSP1_IRQHandler
                0x10000256                GPIO3_IRQHandler
                0x10000256                SCT_IRQHandler
                0x10000256                SDIO_IRQHandler
                0x10000256                WDT_IRQHandler
                0x10000256                ADC0_IRQHandler
                0x10000256                GPIO7_IRQHandler
                0x10000256                SPIFI_IRQHandler
                0x10000256                QEI_IRQHandler
                0x10000256                ETH_IRQHandler
                0x10000256                CAN0_IRQHandler
                0x10000256                GINT0_IRQHandler
                0x10000256                DAC_IRQHandler
                0x10000256                M0SUB_IRQHandler
                0x10000256                GPIO0_IRQHandler
                0x10000256                DMA_IRQHandler
                0x10000256                EVRT_IRQHandler
                0x10000256                TIMER2_IRQHandler
                0x10000256                UART3_IRQHandler
                0x10000256                MCPWM_IRQHandler
                0x10000256                M0APP_IRQHandler
                0x10000256                GINT1_IRQHandler
                0x10000256                GPIO4_IRQHandler
                0x000002fc                . = 0x2fc
 *fill*         0x1000025c       0xa0 ff
                0x100002fc                PROVIDE (__CRP_WORD_START__ = .)
 *(.crp)
 .crp           0x100002fc        0x4 ./src/crp.o
                0x100002fc                CRP_WORD
                0x10000300                PROVIDE (__CRP_WORD_END__ = .)
                0x00000001                ASSERT (! ((__CRP_WORD_START__ == __CRP_WORD_END__)), Linker CRP Enabled, but no CRP_WORD provided within application)
 *(.text*)
 .text.main     0x10000300       0x80 ./src/ProbeScope_Test.o
                0x10000300                main
 .text.ResetISR
                0x10000380       0xc4 ./src/cr_startup_lpc43xx.o
                0x10000380                ResetISR
 .text.NVIC_EnableIRQ
                0x10000444       0x34 ./src/libusbdev.o
 .text.USB_IsConfigured
                0x10000478       0x28 ./src/libusbdev.o
 .text.lusb_ResetEvent
                0x100004a0       0x28 ./src/libusbdev.o
                0x100004a0                lusb_ResetEvent
 .text.lusb_BulkIN_Hdlr
                0x100004c8       0x30 ./src/libusbdev.o
                0x100004c8                lusb_BulkIN_Hdlr
 .text.lusb_IntrIN_Hdlr
                0x100004f8       0x5c ./src/libusbdev.o
                0x100004f8                lusb_IntrIN_Hdlr
 .text.lusb_BulkOUT_Hdlr
                0x10000554       0x44 ./src/libusbdev.o
                0x10000554                lusb_BulkOUT_Hdlr
 .text.WCID_hdlr
                0x10000598      0x1cc ./src/libusbdev.o
                0x10000598                WCID_hdlr
 .text.EP0_patch
                0x10000764       0x5c ./src/libusbdev.o
 .text.USB0_IRQHandler
                0x100007c0       0x20 ./src/libusbdev.o
                0x100007c0                USB0_IRQHandler
 .text.libusbdev_init
                0x100007e0      0x154 ./src/libusbdev.o
                0x100007e0                libusbdev_init
 .text.libusbdev_Connected
                0x10000934       0x18 ./src/libusbdev.o
                0x10000934                libusbdev_Connected
 .text.libusbdev_QueueReadReq
                0x1000094c       0x54 ./src/libusbdev.o
                0x1000094c                libusbdev_QueueReadReq
 .text.libusbdev_QueueReadDone
                0x100009a0       0x2c ./src/libusbdev.o
                0x100009a0                libusbdev_QueueReadDone
 .text.libusbdev_QueueSendReq
                0x100009cc       0x54 ./src/libusbdev.o
                0x100009cc                libusbdev_QueueSendReq
 .text.libusbdev_QueueSendDone
                0x10000a20       0x20 ./src/libusbdev.o
                0x10000a20                libusbdev_QueueSendDone
 .text.SystemInit
                0x10000a40       0x28 ./src/sysinit.o
                0x10000a40                SystemInit
 .text.Chip_CREG_EnableUSB0Phy
                0x10000a68       0x20 C:\Users\chadb\Documents\MCUXpressoIDE_11.7.0_9198\workspace\lpc_chip_43xx\Debug\liblpc_chip_43xx.a(chip_18xx_43xx.o)
 .text.Chip_USB_PllSetup
                0x10000a88       0x44 C:\Users\chadb\Documents\MCUXpressoIDE_11.7.0_9198\workspace\lpc_chip_43xx\Debug\liblpc_chip_43xx.a(chip_18xx_43xx.o)
 .text.Chip_USB0_Init
                0x10000acc       0x2e C:\Users\chadb\Documents\MCUXpressoIDE_11.7.0_9198\workspace\lpc_chip_43xx\Debug\liblpc_chip_43xx.a(chip_18xx_43xx.o)
                0x10000acc                Chip_USB0_Init
 *fill*         0x10000afa        0x2 ff
 .text.SystemCoreClockUpdate
                0x10000afc       0x18 C:\Users\chadb\Documents\MCUXpressoIDE_11.7.0_9198\workspace\lpc_chip_43xx\Debug\liblpc_chip_43xx.a(chip_18xx_43xx.o)
                0x10000afc                SystemCoreClockUpdate
 .text.ABS      0x10000b14       0x22 C:\Users\chadb\Documents\MCUXpressoIDE_11.7.0_9198\workspace\lpc_chip_43xx\Debug\liblpc_chip_43xx.a(clock_18xx_43xx.o)
 *fill*         0x10000b36        0x2 ff
 .text.pll_calc_divs
                0x10000b38      0x124 C:\Users\chadb\Documents\MCUXpressoIDE_11.7.0_9198\workspace\lpc_chip_43xx\Debug\liblpc_chip_43xx.a(clock_18xx_43xx.o)
 .text.pll_get_frac
                0x10000c5c      0x180 C:\Users\chadb\Documents\MCUXpressoIDE_11.7.0_9198\workspace\lpc_chip_43xx\Debug\liblpc_chip_43xx.a(clock_18xx_43xx.o)
 .text.Chip_Clock_GetDivRate
                0x10000ddc       0x40 C:\Users\chadb\Documents\MCUXpressoIDE_11.7.0_9198\workspace\lpc_chip_43xx\Debug\liblpc_chip_43xx.a(clock_18xx_43xx.o)
 .text.Chip_Clock_FindBaseClock
                0x10000e1c       0x90 C:\Users\chadb\Documents\MCUXpressoIDE_11.7.0_9198\workspace\lpc_chip_43xx\Debug\liblpc_chip_43xx.a(clock_18xx_43xx.o)
 .text.Chip_Clock_EnableCrystal
                0x10000eac       0x70 C:\Users\chadb\Documents\MCUXpressoIDE_11.7.0_9198\workspace\lpc_chip_43xx\Debug\liblpc_chip_43xx.a(clock_18xx_43xx.o)
                0x10000eac                Chip_Clock_EnableCrystal
 .text.Chip_Clock_CalcMainPLLValue
                0x10000f1c       0xd8 C:\Users\chadb\Documents\MCUXpressoIDE_11.7.0_9198\workspace\lpc_chip_43xx\Debug\liblpc_chip_43xx.a(clock_18xx_43xx.o)
                0x10000f1c                Chip_Clock_CalcMainPLLValue
 .text.Chip_Clock_GetMainPLLHz
                0x10000ff4       0xbc C:\Users\chadb\Documents\MCUXpressoIDE_11.7.0_9198\workspace\lpc_chip_43xx\Debug\liblpc_chip_43xx.a(clock_18xx_43xx.o)
                0x10000ff4                Chip_Clock_GetMainPLLHz
 .text.Chip_Clock_GetDividerSource
                0x100010b0       0x40 C:\Users\chadb\Documents\MCUXpressoIDE_11.7.0_9198\workspace\lpc_chip_43xx\Debug\liblpc_chip_43xx.a(clock_18xx_43xx.o)
                0x100010b0                Chip_Clock_GetDividerSource
 .text.Chip_Clock_GetDividerDivisor
                0x100010f0       0x38 C:\Users\chadb\Documents\MCUXpressoIDE_11.7.0_9198\workspace\lpc_chip_43xx\Debug\liblpc_chip_43xx.a(clock_18xx_43xx.o)
                0x100010f0                Chip_Clock_GetDividerDivisor
 .text.Chip_Clock_GetClockInputHz
                0x10001128      0x140 C:\Users\chadb\Documents\MCUXpressoIDE_11.7.0_9198\workspace\lpc_chip_43xx\Debug\liblpc_chip_43xx.a(clock_18xx_43xx.o)
                0x10001128                Chip_Clock_GetClockInputHz
 .text.Chip_Clock_GetBaseClocktHz
                0x10001268       0x24 C:\Users\chadb\Documents\MCUXpressoIDE_11.7.0_9198\workspace\lpc_chip_43xx\Debug\liblpc_chip_43xx.a(clock_18xx_43xx.o)
                0x10001268                Chip_Clock_GetBaseClocktHz
 .text.Chip_Clock_SetBaseClock
                0x1000128c       0x9c C:\Users\chadb\Documents\MCUXpressoIDE_11.7.0_9198\workspace\lpc_chip_43xx\Debug\liblpc_chip_43xx.a(clock_18xx_43xx.o)
                0x1000128c                Chip_Clock_SetBaseClock
 .text.Chip_Clock_EnableBaseClock
                0x10001328       0x3c C:\Users\chadb\Documents\MCUXpressoIDE_11.7.0_9198\workspace\lpc_chip_43xx\Debug\liblpc_chip_43xx.a(clock_18xx_43xx.o)
                0x10001328                Chip_Clock_EnableBaseClock
 .text.Chip_Clock_GetBaseClock
                0x10001364       0x4c C:\Users\chadb\Documents\MCUXpressoIDE_11.7.0_9198\workspace\lpc_chip_43xx\Debug\liblpc_chip_43xx.a(clock_18xx_43xx.o)
                0x10001364                Chip_Clock_GetBaseClock
 .text.Chip_Clock_EnableOpts
                0x100013b0       0x7c C:\Users\chadb\Documents\MCUXpressoIDE_11.7.0_9198\workspace\lpc_chip_43xx\Debug\liblpc_chip_43xx.a(clock_18xx_43xx.o)
                0x100013b0                Chip_Clock_EnableOpts
 .text.Chip_Clock_GetRate
                0x1000142c       0x88 C:\Users\chadb\Documents\MCUXpressoIDE_11.7.0_9198\workspace\lpc_chip_43xx\Debug\liblpc_chip_43xx.a(clock_18xx_43xx.o)
                0x1000142c                Chip_Clock_GetRate
 .text.Chip_Clock_SetupPLL
                0x100014b4       0x7c C:\Users\chadb\Documents\MCUXpressoIDE_11.7.0_9198\workspace\lpc_chip_43xx\Debug\liblpc_chip_43xx.a(clock_18xx_43xx.o)
                0x100014b4                Chip_Clock_SetupPLL
 .text.Chip_Clock_EnablePLL
                0x10001530       0x38 C:\Users\chadb\Documents\MCUXpressoIDE_11.7.0_9198\workspace\lpc_chip_43xx\Debug\liblpc_chip_43xx.a(clock_18xx_43xx.o)
                0x10001530                Chip_Clock_EnablePLL
 .text.Chip_Clock_GetPLLStatus
                0x10001568       0x28 C:\Users\chadb\Documents\MCUXpressoIDE_11.7.0_9198\workspace\lpc_chip_43xx\Debug\liblpc_chip_43xx.a(clock_18xx_43xx.o)
                0x10001568                Chip_Clock_GetPLLStatus
 .text.fpuInit  0x10001590       0x74 C:\Users\chadb\Documents\MCUXpressoIDE_11.7.0_9198\workspace\lpc_chip_43xx\Debug\liblpc_chip_43xx.a(fpu_init.o)
                0x10001590                fpuInit
 .text.Chip_Clock_DisableMainPLL
                0x10001604       0x20 C:\Users\chadb\Documents\MCUXpressoIDE_11.7.0_9198\workspace\lpc_chip_43xx\Debug\liblpc_chip_43xx.a(sysinit_18xx_43xx.o)
 .text.Chip_Clock_SetupMainPLL
                0x10001624       0x48 C:\Users\chadb\Documents\MCUXpressoIDE_11.7.0_9198\workspace\lpc_chip_43xx\Debug\liblpc_chip_43xx.a(sysinit_18xx_43xx.o)
 .text.Chip_Clock_MainPLLLocked
                0x1000166c       0x24 C:\Users\chadb\Documents\MCUXpressoIDE_11.7.0_9198\workspace\lpc_chip_43xx\Debug\liblpc_chip_43xx.a(sysinit_18xx_43xx.o)
 .text.Chip_SetupCoreClock
                0x10001690      0x148 C:\Users\chadb\Documents\MCUXpressoIDE_11.7.0_9198\workspace\lpc_chip_43xx\Debug\liblpc_chip_43xx.a(sysinit_18xx_43xx.o)
                0x10001690                Chip_SetupCoreClock
 .text.Chip_SetupIrcClocking
                0x100017d8       0x18 C:\Users\chadb\Documents\MCUXpressoIDE_11.7.0_9198\workspace\lpc_chip_43xx\Debug\liblpc_chip_43xx.a(sysinit_18xx_43xx.o)
                0x100017d8                Chip_SetupIrcClocking
 .text.Chip_SystemInit
                0x100017f0        0xc C:\Users\chadb\Documents\MCUXpressoIDE_11.7.0_9198\workspace\lpc_chip_43xx\Debug\liblpc_chip_43xx.a(sysinit_18xx_43xx.o)
                0x100017f0                Chip_SystemInit
 .text.memset   0x100017fc        0x4 c:/nxp/mcuxpressoide_11.7.0_9198/ide/plugins/com.nxp.mcuxpresso.tools.win32_11.7.0.202209140929/tools/bin/../lib/gcc/arm-none-eabi/10.3.1/../../../../arm-none-eabi/lib/thumb/v7e-m+fp/softfp\libcr_c.a(memset.o)
                0x100017fc                memset
 .text.__weak_main
                0x10001800        0x4 c:/nxp/mcuxpressoide_11.7.0_9198/ide/plugins/com.nxp.mcuxpresso.tools.win32_11.7.0.202209140929/tools/bin/../lib/gcc/arm-none-eabi/10.3.1/../../../../arm-none-eabi/lib/thumb/v7e-m+fp/softfp\libcr_c.a(__weak__main.o)
                0x10001800                __weak_main
                0x10001800                __main
 .text.strcpy   0x10001804       0x42 c:/nxp/mcuxpressoide_11.7.0_9198/ide/plugins/com.nxp.mcuxpresso.tools.win32_11.7.0.202209140929/tools/bin/../lib/gcc/arm-none-eabi/10.3.1/../../../../arm-none-eabi/lib/thumb/v7e-m+fp/softfp\libcr_c.a(strcpy.o)
                0x10001804                strcpy
 .text.__aeabi_memset_lowlevel
                0x10001846       0x32 c:/nxp/mcuxpressoide_11.7.0_9198/ide/plugins/com.nxp.mcuxpresso.tools.win32_11.7.0.202209140929/tools/bin/../lib/gcc/arm-none-eabi/10.3.1/thumb/v7e-m+fp/softfp\libcr_eabihelpers.a(memcpy.o)
                0x10001846                __aeabi_lowlevel_memset
 *(.rodata .rodata.* .constdata .constdata.*)
 .rodata.main.str1.4
                0x10001878        0xd ./src/ProbeScope_Test.o
 *fill*         0x10001885        0x3 ff
 .rodata.USB_DeviceDescriptor
                0x10001888       0x12 ./src/libusbdev_desc.o
                0x10001888                USB_DeviceDescriptor
 *fill*         0x1000189a        0x2 ff
 .rodata.USB_DeviceQualifier
                0x1000189c        0xa ./src/libusbdev_desc.o
                0x1000189c                USB_DeviceQualifier
 *fill*         0x100018a6        0x2 ff
 .rodata.USB_StringDescriptor
                0x100018a8       0x7c ./src/libusbdev_desc.o
                0x100018a8                USB_StringDescriptor
 .rodata.WCID_String_Descriptor
                0x10001924       0x12 ./src/libusbdev_desc.o
                0x10001924                WCID_String_Descriptor
 *fill*         0x10001936        0x2 ff
 .rodata.WCID_CompatID_Descriptor
                0x10001938       0x28 ./src/libusbdev_desc.o
                0x10001938                WCID_CompatID_Descriptor
 .rodata.ExtRateIn
                0x10001960        0x4 ./src/sysinit.o
                0x10001960                ExtRateIn
 .rodata.OscRateIn
                0x10001964        0x4 ./src/sysinit.o
                0x10001964                OscRateIn
 .rodata.usbPLLSetup
                0x10001968       0x14 C:\Users\chadb\Documents\MCUXpressoIDE_11.7.0_9198\workspace\lpc_chip_43xx\Debug\liblpc_chip_43xx.a(chip_18xx_43xx.o)
 .rodata.periph_to_base
                0x1000197c       0x6c C:\Users\chadb\Documents\MCUXpressoIDE_11.7.0_9198\workspace\lpc_chip_43xx\Debug\liblpc_chip_43xx.a(clock_18xx_43xx.o)
 .rodata.Chip_Clock_SetDivider.str1.4
                0x100019e8        0x6 C:\Users\chadb\Documents\MCUXpressoIDE_11.7.0_9198\workspace\lpc_chip_43xx\Debug\liblpc_chip_43xx.a(clock_18xx_43xx.o)
 *fill*         0x100019ee        0x2 ff
 .rodata.InitClkStates
                0x100019f0       0x48 C:\Users\chadb\Documents\MCUXpressoIDE_11.7.0_9198\workspace\lpc_chip_43xx\Debug\liblpc_chip_43xx.a(sysinit_18xx_43xx.o)
                0x10001a38                . = ALIGN (0x4)

.glue_7         0x10001a38        0x0
 .glue_7        0x10001a38        0x0 linker stubs

.glue_7t        0x10001a38        0x0
 .glue_7t       0x10001a38        0x0 linker stubs

.vfp11_veneer   0x10001a38        0x0
 .vfp11_veneer  0x10001a38        0x0 linker stubs

.v4_bx          0x10001a38        0x0
 .v4_bx         0x10001a38        0x0 linker stubs

.iplt           0x10001a38        0x0
 .iplt          0x10001a38        0x0 ./src/ProbeScope_Test.o

.rel.dyn        0x10001a38        0x0
 .rel.iplt      0x10001a38        0x0 ./src/ProbeScope_Test.o

.ARM.extab
 *(.ARM.extab* .gnu.linkonce.armextab.*)

.ARM.exidx      0x10001a38        0x0
                0x10001a38                __exidx_start = .
 *(.ARM.exidx* .gnu.linkonce.armexidx.*)
                0x10001a38                __exidx_end = .
                0x10001a38                _etext = .

.data_RAM2      0x10080000        0x0 load address 0x10001a38
 FILL mask 0xff
                [!provide]                PROVIDE (__start_data_RAM2 = .)
                [!provide]                PROVIDE (__start_data_RamLoc72 = .)
 *(.ramfunc.$RAM2)
 *(.ramfunc.$RamLoc72)
 *(.data.$RAM2)
 *(.data.$RamLoc72)
 *(.data.$RAM2.*)
 *(.data.$RamLoc72.*)
                0x10080000                . = ALIGN (0x4)
                [!provide]                PROVIDE (__end_data_RAM2 = .)
                [!provide]                PROVIDE (__end_data_RamLoc72 = .)

.data_RAM3      0x20000000        0x0 load address 0x10001a38
 FILL mask 0xff
                [!provide]                PROVIDE (__start_data_RAM3 = .)
                [!provide]                PROVIDE (__start_data_RamAHB32 = .)
 *(.ramfunc.$RAM3)
 *(.ramfunc.$RamAHB32)
 *(.data.$RAM3)
 *(.data.$RamAHB32)
 *(.data.$RAM3.*)
 *(.data.$RamAHB32.*)
                0x20000000                . = ALIGN (0x4)
                [!provide]                PROVIDE (__end_data_RAM3 = .)
                [!provide]                PROVIDE (__end_data_RamAHB32 = .)

.data_RAM4      0x20008000        0x0 load address 0x10001a38
 FILL mask 0xff
                [!provide]                PROVIDE (__start_data_RAM4 = .)
                [!provide]                PROVIDE (__start_data_RamAHB16 = .)
 *(.ramfunc.$RAM4)
 *(.ramfunc.$RamAHB16)
 *(.data.$RAM4)
 *(.data.$RamAHB16)
 *(.data.$RAM4.*)
 *(.data.$RamAHB16.*)
                0x20008000                . = ALIGN (0x4)
                [!provide]                PROVIDE (__end_data_RAM4 = .)
                [!provide]                PROVIDE (__end_data_RamAHB16 = .)

.data_RAM5      0x2000c000        0x0 load address 0x10001a38
 FILL mask 0xff
                [!provide]                PROVIDE (__start_data_RAM5 = .)
                [!provide]                PROVIDE (__start_data_RamAHB_ETB16 = .)
 *(.ramfunc.$RAM5)
 *(.ramfunc.$RamAHB_ETB16)
 *(.data.$RAM5)
 *(.data.$RamAHB_ETB16)
 *(.data.$RAM5.*)
 *(.data.$RamAHB_ETB16.*)
                0x2000c000                . = ALIGN (0x4)
                [!provide]                PROVIDE (__end_data_RAM5 = .)
                [!provide]                PROVIDE (__end_data_RamAHB_ETB16 = .)

.data_RAM6      0x18000000        0x0 load address 0x10001a38
 FILL mask 0xff
                [!provide]                PROVIDE (__start_data_RAM6 = .)
                [!provide]                PROVIDE (__start_data_RamM0Sub16 = .)
 *(.ramfunc.$RAM6)
 *(.ramfunc.$RamM0Sub16)
 *(.data.$RAM6)
 *(.data.$RamM0Sub16)
 *(.data.$RAM6.*)
 *(.data.$RamM0Sub16.*)
                0x18000000                . = ALIGN (0x4)
                [!provide]                PROVIDE (__end_data_RAM6 = .)
                [!provide]                PROVIDE (__end_data_RamM0Sub16 = .)

.data_RAM7      0x18004000        0x0 load address 0x10001a38
 FILL mask 0xff
                [!provide]                PROVIDE (__start_data_RAM7 = .)
                [!provide]                PROVIDE (__start_data_RamM0Sub2 = .)
 *(.ramfunc.$RAM7)
 *(.ramfunc.$RamM0Sub2)
 *(.data.$RAM7)
 *(.data.$RamM0Sub2)
 *(.data.$RAM7.*)
 *(.data.$RamM0Sub2.*)
                0x18004000                . = ALIGN (0x4)
                [!provide]                PROVIDE (__end_data_RAM7 = .)
                [!provide]                PROVIDE (__end_data_RamM0Sub2 = .)

.uninit_RESERVED
                0x10001a38        0x0
                0x10001a38                _start_uninit_RESERVED = .
 *(.bss.$RESERVED*)
                0x10001a38                . = ALIGN (0x4)
                0x10001a38                _end_uninit_RESERVED = .

.data           0x10001a38       0x50
 FILL mask 0xff
                0x10001a38                _data = .
                [!provide]                PROVIDE (__start_data_RAM = .)
                [!provide]                PROVIDE (__start_data_RamLoc128 = .)
 *(vtable)
 *(.ramfunc*)
 *(CodeQuickAccess)
 *(DataQuickAccess)
 *(RamFunction)
 *(.data*)
 .data.USB_FsConfigDescriptor
                0x10001a38       0x28 ./src/libusbdev_desc.o
                0x10001a38                USB_FsConfigDescriptor
 .data.USB_HsConfigDescriptor
                0x10001a60       0x28 ./src/libusbdev_desc.o
                0x10001a60                USB_HsConfigDescriptor
                0x10001a88                . = ALIGN (0x4)
                0x10001a88                _edata = .
                [!provide]                PROVIDE (__end_data_RAM = .)
                [!provide]                PROVIDE (__end_data_RamLoc128 = .)

.igot.plt       0x10001a88        0x0
 .igot.plt      0x10001a88        0x0 ./src/ProbeScope_Test.o

.bss_RAM2       0x10080000        0x0
                [!provide]                PROVIDE (__start_bss_RAM2 = .)
                [!provide]                PROVIDE (__start_bss_RamLoc72 = .)
 *(.bss.$RAM2)
 *(.bss.$RamLoc72)
 *(.bss.$RAM2.*)
 *(.bss.$RamLoc72.*)
                0x10080000                . = ALIGN ((. != 0x0)?0x4:0x1)
                [!provide]                PROVIDE (__end_bss_RAM2 = .)
                [!provide]                PROVIDE (__end_bss_RamLoc72 = .)

.bss_RAM3       0x20000000        0x0
                [!provide]                PROVIDE (__start_bss_RAM3 = .)
                [!provide]                PROVIDE (__start_bss_RamAHB32 = .)
 *(.bss.$RAM3)
 *(.bss.$RamAHB32)
 *(.bss.$RAM3.*)
 *(.bss.$RamAHB32.*)
                0x20000000                . = ALIGN ((. != 0x0)?0x4:0x1)
                [!provide]                PROVIDE (__end_bss_RAM3 = .)
                [!provide]                PROVIDE (__end_bss_RamAHB32 = .)

.bss_RAM4       0x20008000        0x0
                [!provide]                PROVIDE (__start_bss_RAM4 = .)
                [!provide]                PROVIDE (__start_bss_RamAHB16 = .)
 *(.bss.$RAM4)
 *(.bss.$RamAHB16)
 *(.bss.$RAM4.*)
 *(.bss.$RamAHB16.*)
                0x20008000                . = ALIGN ((. != 0x0)?0x4:0x1)
                [!provide]                PROVIDE (__end_bss_RAM4 = .)
                [!provide]                PROVIDE (__end_bss_RamAHB16 = .)

.bss_RAM5       0x2000c000        0x0
                [!provide]                PROVIDE (__start_bss_RAM5 = .)
                [!provide]                PROVIDE (__start_bss_RamAHB_ETB16 = .)
 *(.bss.$RAM5)
 *(.bss.$RamAHB_ETB16)
 *(.bss.$RAM5.*)
 *(.bss.$RamAHB_ETB16.*)
                0x2000c000                . = ALIGN ((. != 0x0)?0x4:0x1)
                [!provide]                PROVIDE (__end_bss_RAM5 = .)
                [!provide]                PROVIDE (__end_bss_RamAHB_ETB16 = .)

.bss_RAM6       0x18000000        0x0
                [!provide]                PROVIDE (__start_bss_RAM6 = .)
                [!provide]                PROVIDE (__start_bss_RamM0Sub16 = .)
 *(.bss.$RAM6)
 *(.bss.$RamM0Sub16)
 *(.bss.$RAM6.*)
 *(.bss.$RamM0Sub16.*)
                0x18000000                . = ALIGN ((. != 0x0)?0x4:0x1)
                [!provide]                PROVIDE (__end_bss_RAM6 = .)
                [!provide]                PROVIDE (__end_bss_RamM0Sub16 = .)

.bss_RAM7       0x18004000        0x0
                [!provide]                PROVIDE (__start_bss_RAM7 = .)
                [!provide]                PROVIDE (__start_bss_RamM0Sub2 = .)
 *(.bss.$RAM7)
 *(.bss.$RamM0Sub2)
 *(.bss.$RAM7.*)
 *(.bss.$RamM0Sub2.*)
                0x18004000                . = ALIGN ((. != 0x0)?0x4:0x1)
                [!provide]                PROVIDE (__end_bss_RAM7 = .)
                [!provide]                PROVIDE (__end_bss_RamM0Sub2 = .)

.bss            0x10001a88     0x1038
                0x10001a88                _bss = .
                [!provide]                PROVIDE (__start_bss_RAM = .)
                [!provide]                PROVIDE (__start_bss_RamLoc128 = .)
 *(.bss*)
 .bss.g_rxBuff  0x10001a88     0x1000 ./src/ProbeScope_Test.o
 .bss.g_ep0RxBusy
                0x10002a88        0x4 ./src/libusbdev.o
 .bss.g_Ep0BaseHdlr
                0x10002a8c        0x4 ./src/libusbdev.o
 .bss.g_lusb    0x10002a90       0x20 ./src/libusbdev.o
                0x10002a90                g_lusb
 .bss.g_pUsbApi
                0x10002ab0        0x4 ./src/libusbdev.o
                0x10002ab0                g_pUsbApi
 .bss.SystemCoreClock
                0x10002ab4        0x4 C:\Users\chadb\Documents\MCUXpressoIDE_11.7.0_9198\workspace\lpc_chip_43xx\Debug\liblpc_chip_43xx.a(chip_18xx_43xx.o)
                0x10002ab4                SystemCoreClock
 .bss.audio_usb_pll_freq
                0x10002ab8        0x8 C:\Users\chadb\Documents\MCUXpressoIDE_11.7.0_9198\workspace\lpc_chip_43xx\Debug\liblpc_chip_43xx.a(clock_18xx_43xx.o)
 *(COMMON)
                0x10002ac0                . = ALIGN (0x4)
                0x10002ac0                _ebss = .
                [!provide]                PROVIDE (__end_bss_RAM = .)
                [!provide]                PROVIDE (__end_bss_RamLoc128 = .)
                [!provide]                PROVIDE (end = .)

.noinit_RAM2    0x10080000        0x0
                [!provide]                PROVIDE (__start_noinit_RAM2 = .)
                [!provide]                PROVIDE (__start_noinit_RamLoc72 = .)
 *(.noinit.$RAM2)
 *(.noinit.$RamLoc72)
 *(.noinit.$RAM2.*)
 *(.noinit.$RamLoc72.*)
                0x10080000                . = ALIGN (0x4)
                [!provide]                PROVIDE (__end_noinit_RAM2 = .)
                [!provide]                PROVIDE (__end_noinit_RamLoc72 = .)

.noinit_RAM3    0x20000000        0x0
                [!provide]                PROVIDE (__start_noinit_RAM3 = .)
                [!provide]                PROVIDE (__start_noinit_RamAHB32 = .)
 *(.noinit.$RAM3)
 *(.noinit.$RamAHB32)
 *(.noinit.$RAM3.*)
 *(.noinit.$RamAHB32.*)
                0x20000000                . = ALIGN (0x4)
                [!provide]                PROVIDE (__end_noinit_RAM3 = .)
                [!provide]                PROVIDE (__end_noinit_RamAHB32 = .)

.noinit_RAM4    0x20008000        0x0
                [!provide]                PROVIDE (__start_noinit_RAM4 = .)
                [!provide]                PROVIDE (__start_noinit_RamAHB16 = .)
 *(.noinit.$RAM4)
 *(.noinit.$RamAHB16)
 *(.noinit.$RAM4.*)
 *(.noinit.$RamAHB16.*)
                0x20008000                . = ALIGN (0x4)
                [!provide]                PROVIDE (__end_noinit_RAM4 = .)
                [!provide]                PROVIDE (__end_noinit_RamAHB16 = .)

.noinit_RAM5    0x2000c000        0x0
                [!provide]                PROVIDE (__start_noinit_RAM5 = .)
                [!provide]                PROVIDE (__start_noinit_RamAHB_ETB16 = .)
 *(.noinit.$RAM5)
 *(.noinit.$RamAHB_ETB16)
 *(.noinit.$RAM5.*)
 *(.noinit.$RamAHB_ETB16.*)
                0x2000c000                . = ALIGN (0x4)
                [!provide]                PROVIDE (__end_noinit_RAM5 = .)
                [!provide]                PROVIDE (__end_noinit_RamAHB_ETB16 = .)

.noinit_RAM6    0x18000000        0x0
                [!provide]                PROVIDE (__start_noinit_RAM6 = .)
                [!provide]                PROVIDE (__start_noinit_RamM0Sub16 = .)
 *(.noinit.$RAM6)
 *(.noinit.$RamM0Sub16)
 *(.noinit.$RAM6.*)
 *(.noinit.$RamM0Sub16.*)
                0x18000000                . = ALIGN (0x4)
                [!provide]                PROVIDE (__end_noinit_RAM6 = .)
                [!provide]                PROVIDE (__end_noinit_RamM0Sub16 = .)

.noinit_RAM7    0x18004000        0x0
                [!provide]                PROVIDE (__start_noinit_RAM7 = .)
                [!provide]                PROVIDE (__start_noinit_RamM0Sub2 = .)
 *(.noinit.$RAM7)
 *(.noinit.$RamM0Sub2)
 *(.noinit.$RAM7.*)
 *(.noinit.$RamM0Sub2.*)
                0x18004000                . = ALIGN (0x4)
                [!provide]                PROVIDE (__end_noinit_RAM7 = .)
                [!provide]                PROVIDE (__end_noinit_RamM0Sub2 = .)

.noinit         0x10002ac0        0x0
                0x10002ac0                _noinit = .
                [!provide]                PROVIDE (__start_noinit_RAM = .)
                [!provide]                PROVIDE (__start_noinit_RamLoc128 = .)
 *(.noinit*)
                0x10002ac0                . = ALIGN (0x4)
                0x10002ac0                _end_noinit = .
                [!provide]                PROVIDE (__end_noinit_RAM = .)
                [!provide]                PROVIDE (__end_noinit_RamLoc128 = .)
                [!provide]                PROVIDE (_pvHeapStart = DEFINED (__user_heap_base)?__user_heap_base:.)
                0x10020000                PROVIDE (_vStackTop = DEFINED (__user_stack_top)?__user_stack_top:(__top_RamLoc128 - 0x0))
                0x8ffdf19e                PROVIDE (__valid_user_code_checksum = (0x0 - ((((((_vStackTop + (ResetISR + 0x1)) + (NMI_Handler + 0x1)) + (HardFault_Handler + 0x1)) + (DEFINED (MemManage_Handler)?MemManage_Handler:0x0 + 0x1)) + (DEFINED (BusFault_Handler)?BusFault_Handler:0x0 + 0x1)) + (DEFINED (UsageFault_Handler)?UsageFault_Handler:0x0 + 0x1))))
                0x10000000                _image_start = LOADADDR (.text)
                0x10001a88                _image_end = (LOADADDR (.data) + SIZEOF (.data))
                0x00001a88                _image_size = (_image_end - _image_start)
OUTPUT(ProbeScope_Test.axf elf32-littlearm)
LOAD linker stubs

.debug_info     0x00000000     0x6633
 .debug_info    0x00000000      0x5c9 ./src/ProbeScope_Test.o
 .debug_info    0x000005c9      0x2c9 ./src/cr_startup_lpc43xx.o
 .debug_info    0x00000892       0x40 ./src/crp.o
 .debug_info    0x000008d2     0x2b04 ./src/libusbdev.o
 .debug_info    0x000033d6      0x1d3 ./src/libusbdev_desc.o
 .debug_info    0x000035a9      0x5ae ./src/sysinit.o
 .debug_info    0x00003b57      0xa59 C:\Users\chadb\Documents\MCUXpressoIDE_11.7.0_9198\workspace\lpc_chip_43xx\Debug\liblpc_chip_43xx.a(chip_18xx_43xx.o)
 .debug_info    0x000045b0     0x1660 C:\Users\chadb\Documents\MCUXpressoIDE_11.7.0_9198\workspace\lpc_chip_43xx\Debug\liblpc_chip_43xx.a(clock_18xx_43xx.o)
 .debug_info    0x00005c10      0x10e C:\Users\chadb\Documents\MCUXpressoIDE_11.7.0_9198\workspace\lpc_chip_43xx\Debug\liblpc_chip_43xx.a(fpu_init.o)
 .debug_info    0x00005d1e      0x915 C:\Users\chadb\Documents\MCUXpressoIDE_11.7.0_9198\workspace\lpc_chip_43xx\Debug\liblpc_chip_43xx.a(sysinit_18xx_43xx.o)

.debug_abbrev   0x00000000      0xdd9
 .debug_abbrev  0x00000000       0xe2 ./src/ProbeScope_Test.o
 .debug_abbrev  0x000000e2      0x12b ./src/cr_startup_lpc43xx.o
 .debug_abbrev  0x0000020d       0x38 ./src/crp.o
 .debug_abbrev  0x00000245      0x3b1 ./src/libusbdev.o
 .debug_abbrev  0x000005f6       0x8b ./src/libusbdev_desc.o
 .debug_abbrev  0x00000681       0xda ./src/sysinit.o
 .debug_abbrev  0x0000075b      0x173 C:\Users\chadb\Documents\MCUXpressoIDE_11.7.0_9198\workspace\lpc_chip_43xx\Debug\liblpc_chip_43xx.a(chip_18xx_43xx.o)
 .debug_abbrev  0x000008ce      0x2fc C:\Users\chadb\Documents\MCUXpressoIDE_11.7.0_9198\workspace\lpc_chip_43xx\Debug\liblpc_chip_43xx.a(clock_18xx_43xx.o)
 .debug_abbrev  0x00000bca       0x79 C:\Users\chadb\Documents\MCUXpressoIDE_11.7.0_9198\workspace\lpc_chip_43xx\Debug\liblpc_chip_43xx.a(fpu_init.o)
 .debug_abbrev  0x00000c43      0x196 C:\Users\chadb\Documents\MCUXpressoIDE_11.7.0_9198\workspace\lpc_chip_43xx\Debug\liblpc_chip_43xx.a(sysinit_18xx_43xx.o)

.debug_aranges  0x00000000      0x388
 .debug_aranges
                0x00000000       0x20 ./src/ProbeScope_Test.o
 .debug_aranges
                0x00000020       0x80 ./src/cr_startup_lpc43xx.o
 .debug_aranges
                0x000000a0       0x18 ./src/crp.o
 .debug_aranges
                0x000000b8       0xb0 ./src/libusbdev.o
 .debug_aranges
                0x00000168       0x18 ./src/libusbdev_desc.o
 .debug_aranges
                0x00000180       0x20 ./src/sysinit.o
 .debug_aranges
                0x000001a0       0x40 C:\Users\chadb\Documents\MCUXpressoIDE_11.7.0_9198\workspace\lpc_chip_43xx\Debug\liblpc_chip_43xx.a(chip_18xx_43xx.o)
 .debug_aranges
                0x000001e0      0x138 C:\Users\chadb\Documents\MCUXpressoIDE_11.7.0_9198\workspace\lpc_chip_43xx\Debug\liblpc_chip_43xx.a(clock_18xx_43xx.o)
 .debug_aranges
                0x00000318       0x20 C:\Users\chadb\Documents\MCUXpressoIDE_11.7.0_9198\workspace\lpc_chip_43xx\Debug\liblpc_chip_43xx.a(fpu_init.o)
 .debug_aranges
                0x00000338       0x50 C:\Users\chadb\Documents\MCUXpressoIDE_11.7.0_9198\workspace\lpc_chip_43xx\Debug\liblpc_chip_43xx.a(sysinit_18xx_43xx.o)

.debug_ranges   0x00000000      0x2f0
 .debug_ranges  0x00000000       0x10 ./src/ProbeScope_Test.o
 .debug_ranges  0x00000010       0x70 ./src/cr_startup_lpc43xx.o
 .debug_ranges  0x00000080       0xa0 ./src/libusbdev.o
 .debug_ranges  0x00000120       0x10 ./src/sysinit.o
 .debug_ranges  0x00000130       0x30 C:\Users\chadb\Documents\MCUXpressoIDE_11.7.0_9198\workspace\lpc_chip_43xx\Debug\liblpc_chip_43xx.a(chip_18xx_43xx.o)
 .debug_ranges  0x00000160      0x140 C:\Users\chadb\Documents\MCUXpressoIDE_11.7.0_9198\workspace\lpc_chip_43xx\Debug\liblpc_chip_43xx.a(clock_18xx_43xx.o)
 .debug_ranges  0x000002a0       0x10 C:\Users\chadb\Documents\MCUXpressoIDE_11.7.0_9198\workspace\lpc_chip_43xx\Debug\liblpc_chip_43xx.a(fpu_init.o)
 .debug_ranges  0x000002b0       0x40 C:\Users\chadb\Documents\MCUXpressoIDE_11.7.0_9198\workspace\lpc_chip_43xx\Debug\liblpc_chip_43xx.a(sysinit_18xx_43xx.o)

.debug_macro    0x00000000     0x77f2
 .debug_macro   0x00000000      0x3e8 ./src/ProbeScope_Test.o
 .debug_macro   0x000003e8      0xa90 ./src/ProbeScope_Test.o
 .debug_macro   0x00000e78       0x10 ./src/ProbeScope_Test.o
 .debug_macro   0x00000e88       0x10 ./src/ProbeScope_Test.o
 .debug_macro   0x00000e98      0x12e ./src/ProbeScope_Test.o
 .debug_macro   0x00000fc6      0x5b3 ./src/ProbeScope_Test.o
 .debug_macro   0x00001579       0x22 ./src/ProbeScope_Test.o
 .debug_macro   0x0000159b       0x88 ./src/ProbeScope_Test.o
 .debug_macro   0x00001623       0x28 ./src/ProbeScope_Test.o
 .debug_macro   0x0000164b       0x3b ./src/ProbeScope_Test.o
 .debug_macro   0x00001686       0x2d ./src/ProbeScope_Test.o
 .debug_macro   0x000016b3       0x42 ./src/ProbeScope_Test.o
 .debug_macro   0x000016f5      0xd39 ./src/ProbeScope_Test.o
 .debug_macro   0x0000242e      0x2c3 ./src/ProbeScope_Test.o
 .debug_macro   0x000026f1      0x112 ./src/ProbeScope_Test.o
 .debug_macro   0x00002803       0x11 ./src/ProbeScope_Test.o
 .debug_macro   0x00002814       0x2a ./src/ProbeScope_Test.o
 .debug_macro   0x0000283e       0x16 ./src/ProbeScope_Test.o
 .debug_macro   0x00002854      0x2e6 ./src/ProbeScope_Test.o
 .debug_macro   0x00002b3a       0x82 ./src/ProbeScope_Test.o
 .debug_macro   0x00002bbc      0x13d ./src/ProbeScope_Test.o
 .debug_macro   0x00002cf9      0x198 ./src/ProbeScope_Test.o
 .debug_macro   0x00002e91       0x34 ./src/ProbeScope_Test.o
 .debug_macro   0x00002ec5       0x58 ./src/ProbeScope_Test.o
 .debug_macro   0x00002f1d      0x236 ./src/ProbeScope_Test.o
 .debug_macro   0x00003153      0x572 ./src/ProbeScope_Test.o
 .debug_macro   0x000036c5       0x16 ./src/ProbeScope_Test.o
 .debug_macro   0x000036db      0x18a ./src/ProbeScope_Test.o
 .debug_macro   0x00003865       0x88 ./src/ProbeScope_Test.o
 .debug_macro   0x000038ed      0x1b9 ./src/ProbeScope_Test.o
 .debug_macro   0x00003aa6      0x1da ./src/ProbeScope_Test.o
 .debug_macro   0x00003c80       0x40 ./src/ProbeScope_Test.o
 .debug_macro   0x00003cc0       0x1c ./src/ProbeScope_Test.o
 .debug_macro   0x00003cdc       0x2e ./src/ProbeScope_Test.o
 .debug_macro   0x00003d0a       0x2e ./src/ProbeScope_Test.o
 .debug_macro   0x00003d38       0x22 ./src/ProbeScope_Test.o
 .debug_macro   0x00003d5a      0x201 ./src/ProbeScope_Test.o
 .debug_macro   0x00003f5b       0xe0 ./src/ProbeScope_Test.o
 .debug_macro   0x0000403b      0x34c ./src/ProbeScope_Test.o
 .debug_macro   0x00004387       0xdc ./src/ProbeScope_Test.o
 .debug_macro   0x00004463       0xc4 ./src/ProbeScope_Test.o
 .debug_macro   0x00004527       0x8f ./src/ProbeScope_Test.o
 .debug_macro   0x000045b6       0x94 ./src/ProbeScope_Test.o
 .debug_macro   0x0000464a       0xb8 ./src/ProbeScope_Test.o
 .debug_macro   0x00004702       0x4c ./src/ProbeScope_Test.o
 .debug_macro   0x0000474e       0x16 ./src/ProbeScope_Test.o
 .debug_macro   0x00004764      0x328 ./src/ProbeScope_Test.o
 .debug_macro   0x00004a8c       0x3a ./src/ProbeScope_Test.o
 .debug_macro   0x00004ac6       0xd0 ./src/ProbeScope_Test.o
 .debug_macro   0x00004b96       0x18 ./src/ProbeScope_Test.o
 .debug_macro   0x00004bae       0x22 ./src/ProbeScope_Test.o
 .debug_macro   0x00004bd0       0x40 ./src/ProbeScope_Test.o
 .debug_macro   0x00004c10       0x82 ./src/ProbeScope_Test.o
 .debug_macro   0x00004c92      0x26c ./src/ProbeScope_Test.o
 .debug_macro   0x00004efe       0x76 ./src/ProbeScope_Test.o
 .debug_macro   0x00004f74       0x12 ./src/ProbeScope_Test.o
 .debug_macro   0x00004f86       0xfa ./src/ProbeScope_Test.o
 .debug_macro   0x00005080       0xee ./src/ProbeScope_Test.o
 .debug_macro   0x0000516e      0x69a ./src/ProbeScope_Test.o
 .debug_macro   0x00005808      0x272 ./src/ProbeScope_Test.o
 .debug_macro   0x00005a7a       0x10 ./src/ProbeScope_Test.o
 .debug_macro   0x00005a8a       0x9a ./src/ProbeScope_Test.o
 .debug_macro   0x00005b24       0x22 ./src/ProbeScope_Test.o
 .debug_macro   0x00005b46       0x26 ./src/ProbeScope_Test.o
 .debug_macro   0x00005b6c       0x1d ./src/cr_startup_lpc43xx.o
 .debug_macro   0x00005b89       0x1a ./src/crp.o
 .debug_macro   0x00005ba3       0x34 ./src/crp.o
 .debug_macro   0x00005bd7      0x3ce ./src/libusbdev.o
 .debug_macro   0x00005fa5       0x5e ./src/libusbdev.o
 .debug_macro   0x00006003       0x20 ./src/libusbdev.o
 .debug_macro   0x00006023       0xf5 ./src/libusbdev_desc.o
 .debug_macro   0x00006118      0x2e4 ./src/sysinit.o
 .debug_macro   0x000063fc      0x2e4 C:\Users\chadb\Documents\MCUXpressoIDE_11.7.0_9198\workspace\lpc_chip_43xx\Debug\liblpc_chip_43xx.a(chip_18xx_43xx.o)
 .debug_macro   0x000066e0      0xa84 C:\Users\chadb\Documents\MCUXpressoIDE_11.7.0_9198\workspace\lpc_chip_43xx\Debug\liblpc_chip_43xx.a(chip_18xx_43xx.o)
 .debug_macro   0x00007164      0x2ea C:\Users\chadb\Documents\MCUXpressoIDE_11.7.0_9198\workspace\lpc_chip_43xx\Debug\liblpc_chip_43xx.a(clock_18xx_43xx.o)
 .debug_macro   0x0000744e       0xc0 C:\Users\chadb\Documents\MCUXpressoIDE_11.7.0_9198\workspace\lpc_chip_43xx\Debug\liblpc_chip_43xx.a(fpu_init.o)
 .debug_macro   0x0000750e      0x2e4 C:\Users\chadb\Documents\MCUXpressoIDE_11.7.0_9198\workspace\lpc_chip_43xx\Debug\liblpc_chip_43xx.a(sysinit_18xx_43xx.o)

.debug_line     0x00000000     0x46ea
 .debug_line    0x00000000      0x9c0 ./src/ProbeScope_Test.o
 .debug_line    0x000009c0      0x1a2 ./src/cr_startup_lpc43xx.o
 .debug_line    0x00000b62       0xb1 ./src/crp.o
 .debug_line    0x00000c13      0xd5a ./src/libusbdev.o
 .debug_line    0x0000196d      0x351 ./src/libusbdev_desc.o
 .debug_line    0x00001cbe      0x6d9 ./src/sysinit.o
 .debug_line    0x00002397      0x777 C:\Users\chadb\Documents\MCUXpressoIDE_11.7.0_9198\workspace\lpc_chip_43xx\Debug\liblpc_chip_43xx.a(chip_18xx_43xx.o)
 .debug_line    0x00002b0e     0x1074 C:\Users\chadb\Documents\MCUXpressoIDE_11.7.0_9198\workspace\lpc_chip_43xx\Debug\liblpc_chip_43xx.a(clock_18xx_43xx.o)
 .debug_line    0x00003b82      0x309 C:\Users\chadb\Documents\MCUXpressoIDE_11.7.0_9198\workspace\lpc_chip_43xx\Debug\liblpc_chip_43xx.a(fpu_init.o)
 .debug_line    0x00003e8b      0x85f C:\Users\chadb\Documents\MCUXpressoIDE_11.7.0_9198\workspace\lpc_chip_43xx\Debug\liblpc_chip_43xx.a(sysinit_18xx_43xx.o)

.debug_str      0x00000000    0x1dbdc
 .debug_str     0x00000000    0x1a988 ./src/ProbeScope_Test.o
                              0x1aa81 (size before relaxing)
 .debug_str     0x0001a988      0x1de ./src/cr_startup_lpc43xx.o
                               0x2f50 (size before relaxing)
 .debug_str     0x0001ab66       0xe9 ./src/crp.o
                               0x2e50 (size before relaxing)
 .debug_str     0x0001ac4f     0x2366 ./src/libusbdev.o
                              0x1c9b6 (size before relaxing)
 .debug_str     0x0001cfb5       0x18 ./src/libusbdev_desc.o
                               0x8509 (size before relaxing)
 .debug_str     0x0001cfcd       0x2f ./src/sysinit.o
                              0x1655f (size before relaxing)
 .debug_str     0x0001cffc      0x422 C:\Users\chadb\Documents\MCUXpressoIDE_11.7.0_9198\workspace\lpc_chip_43xx\Debug\liblpc_chip_43xx.a(chip_18xx_43xx.o)
                              0x1681e (size before relaxing)
 .debug_str     0x0001d41e      0x61f C:\Users\chadb\Documents\MCUXpressoIDE_11.7.0_9198\workspace\lpc_chip_43xx\Debug\liblpc_chip_43xx.a(clock_18xx_43xx.o)
                              0x16da1 (size before relaxing)
 .debug_str     0x0001da3d       0xb5 C:\Users\chadb\Documents\MCUXpressoIDE_11.7.0_9198\workspace\lpc_chip_43xx\Debug\liblpc_chip_43xx.a(fpu_init.o)
                               0xa0a1 (size before relaxing)
 .debug_str     0x0001daf2       0xea C:\Users\chadb\Documents\MCUXpressoIDE_11.7.0_9198\workspace\lpc_chip_43xx\Debug\liblpc_chip_43xx.a(sysinit_18xx_43xx.o)
                              0x167f0 (size before relaxing)

.comment        0x00000000       0x49
 .comment       0x00000000       0x49 ./src/ProbeScope_Test.o
                                 0x4a (size before relaxing)
 .comment       0x00000049       0x4a ./src/cr_startup_lpc43xx.o
 .comment       0x00000049       0x4a ./src/crp.o
 .comment       0x00000049       0x4a ./src/libusbdev.o
 .comment       0x00000049       0x4a ./src/libusbdev_desc.o
 .comment       0x00000049       0x4a ./src/sysinit.o
 .comment       0x00000049       0x4a C:\Users\chadb\Documents\MCUXpressoIDE_11.7.0_9198\workspace\lpc_chip_43xx\Debug\liblpc_chip_43xx.a(chip_18xx_43xx.o)
 .comment       0x00000049       0x4a C:\Users\chadb\Documents\MCUXpressoIDE_11.7.0_9198\workspace\lpc_chip_43xx\Debug\liblpc_chip_43xx.a(clock_18xx_43xx.o)
 .comment       0x00000049       0x4a C:\Users\chadb\Documents\MCUXpressoIDE_11.7.0_9198\workspace\lpc_chip_43xx\Debug\liblpc_chip_43xx.a(fpu_init.o)
 .comment       0x00000049       0x4a C:\Users\chadb\Documents\MCUXpressoIDE_11.7.0_9198\workspace\lpc_chip_43xx\Debug\liblpc_chip_43xx.a(sysinit_18xx_43xx.o)
 .comment       0x00000049       0x4a c:/nxp/mcuxpressoide_11.7.0_9198/ide/plugins/com.nxp.mcuxpresso.tools.win32_11.7.0.202209140929/tools/bin/../lib/gcc/arm-none-eabi/10.3.1/../../../../arm-none-eabi/lib/thumb/v7e-m+fp/softfp\libcr_c.a(memset.o)
 .comment       0x00000049       0x4a c:/nxp/mcuxpressoide_11.7.0_9198/ide/plugins/com.nxp.mcuxpresso.tools.win32_11.7.0.202209140929/tools/bin/../lib/gcc/arm-none-eabi/10.3.1/../../../../arm-none-eabi/lib/thumb/v7e-m+fp/softfp\libcr_c.a(__weak__main.o)
 .comment       0x00000049       0x4a c:/nxp/mcuxpressoide_11.7.0_9198/ide/plugins/com.nxp.mcuxpresso.tools.win32_11.7.0.202209140929/tools/bin/../lib/gcc/arm-none-eabi/10.3.1/../../../../arm-none-eabi/lib/thumb/v7e-m+fp/softfp\libcr_c.a(strcpy.o)

.ARM.attributes
                0x00000000       0x30
 .ARM.attributes
                0x00000000       0x32 ./src/ProbeScope_Test.o
 .ARM.attributes
                0x00000032       0x32 ./src/cr_startup_lpc43xx.o
 .ARM.attributes
                0x00000064       0x32 ./src/crp.o
 .ARM.attributes
                0x00000096       0x32 ./src/libusbdev.o
 .ARM.attributes
                0x000000c8       0x32 ./src/libusbdev_desc.o
 .ARM.attributes
                0x000000fa       0x32 ./src/sysinit.o
 .ARM.attributes
                0x0000012c       0x32 C:\Users\chadb\Documents\MCUXpressoIDE_11.7.0_9198\workspace\lpc_chip_43xx\Debug\liblpc_chip_43xx.a(chip_18xx_43xx.o)
 .ARM.attributes
                0x0000015e       0x32 C:\Users\chadb\Documents\MCUXpressoIDE_11.7.0_9198\workspace\lpc_chip_43xx\Debug\liblpc_chip_43xx.a(clock_18xx_43xx.o)
 .ARM.attributes
                0x00000190       0x32 C:\Users\chadb\Documents\MCUXpressoIDE_11.7.0_9198\workspace\lpc_chip_43xx\Debug\liblpc_chip_43xx.a(fpu_init.o)
 .ARM.attributes
                0x000001c2       0x32 C:\Users\chadb\Documents\MCUXpressoIDE_11.7.0_9198\workspace\lpc_chip_43xx\Debug\liblpc_chip_43xx.a(sysinit_18xx_43xx.o)
 .ARM.attributes
                0x000001f4       0x32 c:/nxp/mcuxpressoide_11.7.0_9198/ide/plugins/com.nxp.mcuxpresso.tools.win32_11.7.0.202209140929/tools/bin/../lib/gcc/arm-none-eabi/10.3.1/../../../../arm-none-eabi/lib/thumb/v7e-m+fp/softfp\libcr_c.a(memset.o)
 .ARM.attributes
                0x00000226       0x32 c:/nxp/mcuxpressoide_11.7.0_9198/ide/plugins/com.nxp.mcuxpresso.tools.win32_11.7.0.202209140929/tools/bin/../lib/gcc/arm-none-eabi/10.3.1/../../../../arm-none-eabi/lib/thumb/v7e-m+fp/softfp\libcr_c.a(__weak__main.o)
 .ARM.attributes
                0x00000258       0x32 c:/nxp/mcuxpressoide_11.7.0_9198/ide/plugins/com.nxp.mcuxpresso.tools.win32_11.7.0.202209140929/tools/bin/../lib/gcc/arm-none-eabi/10.3.1/../../../../arm-none-eabi/lib/thumb/v7e-m+fp/softfp\libcr_c.a(strcpy.o)
 .ARM.attributes
                0x0000028a       0x20 c:/nxp/mcuxpressoide_11.7.0_9198/ide/plugins/com.nxp.mcuxpresso.tools.win32_11.7.0.202209140929/tools/bin/../lib/gcc/arm-none-eabi/10.3.1/thumb/v7e-m+fp/softfp\libcr_eabihelpers.a(memcpy.o)

.debug_frame    0x00000000      0xbe0
 .debug_frame   0x00000000       0x30 ./src/ProbeScope_Test.o
 .debug_frame   0x00000030      0x170 ./src/cr_startup_lpc43xx.o
 .debug_frame   0x000001a0      0x2d8 ./src/libusbdev.o
 .debug_frame   0x00000478       0x34 ./src/sysinit.o
 .debug_frame   0x000004ac       0xa0 C:\Users\chadb\Documents\MCUXpressoIDE_11.7.0_9198\workspace\lpc_chip_43xx\Debug\liblpc_chip_43xx.a(chip_18xx_43xx.o)
 .debug_frame   0x0000054c      0x568 C:\Users\chadb\Documents\MCUXpressoIDE_11.7.0_9198\workspace\lpc_chip_43xx\Debug\liblpc_chip_43xx.a(clock_18xx_43xx.o)
 .debug_frame   0x00000ab4       0x38 C:\Users\chadb\Documents\MCUXpressoIDE_11.7.0_9198\workspace\lpc_chip_43xx\Debug\liblpc_chip_43xx.a(fpu_init.o)
 .debug_frame   0x00000aec       0xf4 C:\Users\chadb\Documents\MCUXpressoIDE_11.7.0_9198\workspace\lpc_chip_43xx\Debug\liblpc_chip_43xx.a(sysinit_18xx_43xx.o)

Cross Reference Table

Symbol                                            File
ADC0_IRQHandler                                   ./src/cr_startup_lpc43xx.o
ADC1_IRQHandler                                   ./src/cr_startup_lpc43xx.o
ADCHS_IRQHandler                                  ./src/cr_startup_lpc43xx.o
ATIMER_IRQHandler                                 ./src/cr_startup_lpc43xx.o
BusFault_Handler                                  ./src/cr_startup_lpc43xx.o
CAN0_IRQHandler                                   ./src/cr_startup_lpc43xx.o
CAN1_IRQHandler                                   ./src/cr_startup_lpc43xx.o
CRP_WORD                                          ./src/crp.o
Chip_Clock_CalcMainPLLValue                       C:\Users\chadb\Documents\MCUXpressoIDE_11.7.0_9198\workspace\lpc_chip_43xx\Debug\liblpc_chip_43xx.a(clock_18xx_43xx.o)
                                                  C:\Users\chadb\Documents\MCUXpressoIDE_11.7.0_9198\workspace\lpc_chip_43xx\Debug\liblpc_chip_43xx.a(sysinit_18xx_43xx.o)
Chip_Clock_ClearPowerDown                         C:\Users\chadb\Documents\MCUXpressoIDE_11.7.0_9198\workspace\lpc_chip_43xx\Debug\liblpc_chip_43xx.a(clock_18xx_43xx.o)
Chip_Clock_Disable                                C:\Users\chadb\Documents\MCUXpressoIDE_11.7.0_9198\workspace\lpc_chip_43xx\Debug\liblpc_chip_43xx.a(clock_18xx_43xx.o)
Chip_Clock_DisableBaseClock                       C:\Users\chadb\Documents\MCUXpressoIDE_11.7.0_9198\workspace\lpc_chip_43xx\Debug\liblpc_chip_43xx.a(clock_18xx_43xx.o)
Chip_Clock_DisableCrystal                         C:\Users\chadb\Documents\MCUXpressoIDE_11.7.0_9198\workspace\lpc_chip_43xx\Debug\liblpc_chip_43xx.a(clock_18xx_43xx.o)
Chip_Clock_DisablePLL                             C:\Users\chadb\Documents\MCUXpressoIDE_11.7.0_9198\workspace\lpc_chip_43xx\Debug\liblpc_chip_43xx.a(clock_18xx_43xx.o)
Chip_Clock_Enable                                 C:\Users\chadb\Documents\MCUXpressoIDE_11.7.0_9198\workspace\lpc_chip_43xx\Debug\liblpc_chip_43xx.a(clock_18xx_43xx.o)
Chip_Clock_EnableBaseClock                        C:\Users\chadb\Documents\MCUXpressoIDE_11.7.0_9198\workspace\lpc_chip_43xx\Debug\liblpc_chip_43xx.a(clock_18xx_43xx.o)
                                                  C:\Users\chadb\Documents\MCUXpressoIDE_11.7.0_9198\workspace\lpc_chip_43xx\Debug\liblpc_chip_43xx.a(chip_18xx_43xx.o)
Chip_Clock_EnableCrystal                          C:\Users\chadb\Documents\MCUXpressoIDE_11.7.0_9198\workspace\lpc_chip_43xx\Debug\liblpc_chip_43xx.a(clock_18xx_43xx.o)
                                                  C:\Users\chadb\Documents\MCUXpressoIDE_11.7.0_9198\workspace\lpc_chip_43xx\Debug\liblpc_chip_43xx.a(sysinit_18xx_43xx.o)
Chip_Clock_EnableOpts                             C:\Users\chadb\Documents\MCUXpressoIDE_11.7.0_9198\workspace\lpc_chip_43xx\Debug\liblpc_chip_43xx.a(clock_18xx_43xx.o)
                                                  C:\Users\chadb\Documents\MCUXpressoIDE_11.7.0_9198\workspace\lpc_chip_43xx\Debug\liblpc_chip_43xx.a(chip_18xx_43xx.o)
Chip_Clock_EnablePLL                              C:\Users\chadb\Documents\MCUXpressoIDE_11.7.0_9198\workspace\lpc_chip_43xx\Debug\liblpc_chip_43xx.a(clock_18xx_43xx.o)
                                                  C:\Users\chadb\Documents\MCUXpressoIDE_11.7.0_9198\workspace\lpc_chip_43xx\Debug\liblpc_chip_43xx.a(chip_18xx_43xx.o)
Chip_Clock_GetBaseClock                           C:\Users\chadb\Documents\MCUXpressoIDE_11.7.0_9198\workspace\lpc_chip_43xx\Debug\liblpc_chip_43xx.a(clock_18xx_43xx.o)
Chip_Clock_GetBaseClockOpts                       C:\Users\chadb\Documents\MCUXpressoIDE_11.7.0_9198\workspace\lpc_chip_43xx\Debug\liblpc_chip_43xx.a(clock_18xx_43xx.o)
Chip_Clock_GetBaseClocktHz                        C:\Users\chadb\Documents\MCUXpressoIDE_11.7.0_9198\workspace\lpc_chip_43xx\Debug\liblpc_chip_43xx.a(clock_18xx_43xx.o)
Chip_Clock_GetClockInputHz                        C:\Users\chadb\Documents\MCUXpressoIDE_11.7.0_9198\workspace\lpc_chip_43xx\Debug\liblpc_chip_43xx.a(clock_18xx_43xx.o)
                                                  C:\Users\chadb\Documents\MCUXpressoIDE_11.7.0_9198\workspace\lpc_chip_43xx\Debug\liblpc_chip_43xx.a(chip_18xx_43xx.o)
Chip_Clock_GetDividerDivisor                      C:\Users\chadb\Documents\MCUXpressoIDE_11.7.0_9198\workspace\lpc_chip_43xx\Debug\liblpc_chip_43xx.a(clock_18xx_43xx.o)
Chip_Clock_GetDividerSource                       C:\Users\chadb\Documents\MCUXpressoIDE_11.7.0_9198\workspace\lpc_chip_43xx\Debug\liblpc_chip_43xx.a(clock_18xx_43xx.o)
Chip_Clock_GetEMCRate                             C:\Users\chadb\Documents\MCUXpressoIDE_11.7.0_9198\workspace\lpc_chip_43xx\Debug\liblpc_chip_43xx.a(clock_18xx_43xx.o)
Chip_Clock_GetMainPLLHz                           C:\Users\chadb\Documents\MCUXpressoIDE_11.7.0_9198\workspace\lpc_chip_43xx\Debug\liblpc_chip_43xx.a(clock_18xx_43xx.o)
Chip_Clock_GetPLLStatus                           C:\Users\chadb\Documents\MCUXpressoIDE_11.7.0_9198\workspace\lpc_chip_43xx\Debug\liblpc_chip_43xx.a(clock_18xx_43xx.o)
                                                  C:\Users\chadb\Documents\MCUXpressoIDE_11.7.0_9198\workspace\lpc_chip_43xx\Debug\liblpc_chip_43xx.a(chip_18xx_43xx.o)
Chip_Clock_GetRate                                C:\Users\chadb\Documents\MCUXpressoIDE_11.7.0_9198\workspace\lpc_chip_43xx\Debug\liblpc_chip_43xx.a(clock_18xx_43xx.o)
                                                  C:\Users\chadb\Documents\MCUXpressoIDE_11.7.0_9198\workspace\lpc_chip_43xx\Debug\liblpc_chip_43xx.a(chip_18xx_43xx.o)
Chip_Clock_IsBaseClockEnabled                     C:\Users\chadb\Documents\MCUXpressoIDE_11.7.0_9198\workspace\lpc_chip_43xx\Debug\liblpc_chip_43xx.a(clock_18xx_43xx.o)
Chip_Clock_RTCEnable                              C:\Users\chadb\Documents\MCUXpressoIDE_11.7.0_9198\workspace\lpc_chip_43xx\Debug\liblpc_chip_43xx.a(clock_18xx_43xx.o)
Chip_Clock_SetBaseClock                           C:\Users\chadb\Documents\MCUXpressoIDE_11.7.0_9198\workspace\lpc_chip_43xx\Debug\liblpc_chip_43xx.a(clock_18xx_43xx.o)
                                                  C:\Users\chadb\Documents\MCUXpressoIDE_11.7.0_9198\workspace\lpc_chip_43xx\Debug\liblpc_chip_43xx.a(sysinit_18xx_43xx.o)
                                                  C:\Users\chadb\Documents\MCUXpressoIDE_11.7.0_9198\workspace\lpc_chip_43xx\Debug\liblpc_chip_43xx.a(chip_18xx_43xx.o)
Chip_Clock_SetDivider                             C:\Users\chadb\Documents\MCUXpressoIDE_11.7.0_9198\workspace\lpc_chip_43xx\Debug\liblpc_chip_43xx.a(clock_18xx_43xx.o)
                                                  C:\Users\chadb\Documents\MCUXpressoIDE_11.7.0_9198\workspace\lpc_chip_43xx\Debug\liblpc_chip_43xx.a(chip_18xx_43xx.o)
Chip_Clock_SetupMainPLLHz                         C:\Users\chadb\Documents\MCUXpressoIDE_11.7.0_9198\workspace\lpc_chip_43xx\Debug\liblpc_chip_43xx.a(clock_18xx_43xx.o)
Chip_Clock_SetupMainPLLMult                       C:\Users\chadb\Documents\MCUXpressoIDE_11.7.0_9198\workspace\lpc_chip_43xx\Debug\liblpc_chip_43xx.a(clock_18xx_43xx.o)
Chip_Clock_SetupPLL                               C:\Users\chadb\Documents\MCUXpressoIDE_11.7.0_9198\workspace\lpc_chip_43xx\Debug\liblpc_chip_43xx.a(clock_18xx_43xx.o)
                                                  C:\Users\chadb\Documents\MCUXpressoIDE_11.7.0_9198\workspace\lpc_chip_43xx\Debug\liblpc_chip_43xx.a(chip_18xx_43xx.o)
Chip_Clock_StartPowerDown                         C:\Users\chadb\Documents\MCUXpressoIDE_11.7.0_9198\workspace\lpc_chip_43xx\Debug\liblpc_chip_43xx.a(clock_18xx_43xx.o)
Chip_SetupCoreClock                               C:\Users\chadb\Documents\MCUXpressoIDE_11.7.0_9198\workspace\lpc_chip_43xx\Debug\liblpc_chip_43xx.a(sysinit_18xx_43xx.o)
Chip_SetupIrcClocking                             C:\Users\chadb\Documents\MCUXpressoIDE_11.7.0_9198\workspace\lpc_chip_43xx\Debug\liblpc_chip_43xx.a(sysinit_18xx_43xx.o)
Chip_SetupXtalClocking                            C:\Users\chadb\Documents\MCUXpressoIDE_11.7.0_9198\workspace\lpc_chip_43xx\Debug\liblpc_chip_43xx.a(sysinit_18xx_43xx.o)
Chip_SystemInit                                   C:\Users\chadb\Documents\MCUXpressoIDE_11.7.0_9198\workspace\lpc_chip_43xx\Debug\liblpc_chip_43xx.a(sysinit_18xx_43xx.o)
                                                  ./src/sysinit.o
Chip_USB0_Init                                    C:\Users\chadb\Documents\MCUXpressoIDE_11.7.0_9198\workspace\lpc_chip_43xx\Debug\liblpc_chip_43xx.a(chip_18xx_43xx.o)
                                                  ./src/libusbdev.o
Chip_USB1_Init                                    C:\Users\chadb\Documents\MCUXpressoIDE_11.7.0_9198\workspace\lpc_chip_43xx\Debug\liblpc_chip_43xx.a(chip_18xx_43xx.o)
DAC_IRQHandler                                    ./src/cr_startup_lpc43xx.o
DMA_IRQHandler                                    ./src/cr_startup_lpc43xx.o
DebugMon_Handler                                  ./src/cr_startup_lpc43xx.o
ETH_IRQHandler                                    ./src/cr_startup_lpc43xx.o
EVRT_IRQHandler                                   ./src/cr_startup_lpc43xx.o
ExtRateIn                                         ./src/sysinit.o
                                                  C:\Users\chadb\Documents\MCUXpressoIDE_11.7.0_9198\workspace\lpc_chip_43xx\Debug\liblpc_chip_43xx.a(clock_18xx_43xx.o)
FLASH_EEPROM_IRQHandler                           ./src/cr_startup_lpc43xx.o
GINT0_IRQHandler                                  ./src/cr_startup_lpc43xx.o
GINT1_IRQHandler                                  ./src/cr_startup_lpc43xx.o
GPIO0_IRQHandler                                  ./src/cr_startup_lpc43xx.o
GPIO1_IRQHandler                                  ./src/cr_startup_lpc43xx.o
GPIO2_IRQHandler                                  ./src/cr_startup_lpc43xx.o
GPIO3_IRQHandler                                  ./src/cr_startup_lpc43xx.o
GPIO4_IRQHandler                                  ./src/cr_startup_lpc43xx.o
GPIO5_IRQHandler                                  ./src/cr_startup_lpc43xx.o
GPIO6_IRQHandler                                  ./src/cr_startup_lpc43xx.o
GPIO7_IRQHandler                                  ./src/cr_startup_lpc43xx.o
HardFault_Handler                                 ./src/cr_startup_lpc43xx.o
I2C0_IRQHandler                                   ./src/cr_startup_lpc43xx.o
I2C1_IRQHandler                                   ./src/cr_startup_lpc43xx.o
I2S0_IRQHandler                                   ./src/cr_startup_lpc43xx.o
I2S1_IRQHandler                                   ./src/cr_startup_lpc43xx.o
IntDefaultHandler                                 ./src/cr_startup_lpc43xx.o
LCD_IRQHandler                                    ./src/cr_startup_lpc43xx.o
M0APP_IRQHandler                                  ./src/cr_startup_lpc43xx.o
M0SUB_IRQHandler                                  ./src/cr_startup_lpc43xx.o
MCPWM_IRQHandler                                  ./src/cr_startup_lpc43xx.o
MemManage_Handler                                 ./src/cr_startup_lpc43xx.o
NMI_Handler                                       ./src/cr_startup_lpc43xx.o
OscRateIn                                         ./src/sysinit.o
                                                  C:\Users\chadb\Documents\MCUXpressoIDE_11.7.0_9198\workspace\lpc_chip_43xx\Debug\liblpc_chip_43xx.a(clock_18xx_43xx.o)
PendSV_Handler                                    ./src/cr_startup_lpc43xx.o
QEI_IRQHandler                                    ./src/cr_startup_lpc43xx.o
RIT_IRQHandler                                    ./src/cr_startup_lpc43xx.o
RTC_IRQHandler                                    ./src/cr_startup_lpc43xx.o
ResetISR                                          ./src/cr_startup_lpc43xx.o
SCT_IRQHandler                                    ./src/cr_startup_lpc43xx.o
SDIO_IRQHandler                                   ./src/cr_startup_lpc43xx.o
SGPIO_IRQHandler                                  ./src/cr_startup_lpc43xx.o
SPIFI_IRQHandler                                  ./src/cr_startup_lpc43xx.o
SPI_IRQHandler                                    ./src/cr_startup_lpc43xx.o
SSP0_IRQHandler                                   ./src/cr_startup_lpc43xx.o
SSP1_IRQHandler                                   ./src/cr_startup_lpc43xx.o
SVC_Handler                                       ./src/cr_startup_lpc43xx.o
SysTick_Handler                                   ./src/cr_startup_lpc43xx.o
SystemCoreClock                                   C:\Users\chadb\Documents\MCUXpressoIDE_11.7.0_9198\workspace\lpc_chip_43xx\Debug\liblpc_chip_43xx.a(chip_18xx_43xx.o)
SystemCoreClockUpdate                             C:\Users\chadb\Documents\MCUXpressoIDE_11.7.0_9198\workspace\lpc_chip_43xx\Debug\liblpc_chip_43xx.a(chip_18xx_43xx.o)
                                                  ./src/ProbeScope_Test.o
SystemInit                                        ./src/sysinit.o
                                                  ./src/cr_startup_lpc43xx.o
TIMER0_IRQHandler                                 ./src/cr_startup_lpc43xx.o
TIMER1_IRQHandler                                 ./src/cr_startup_lpc43xx.o
TIMER2_IRQHandler                                 ./src/cr_startup_lpc43xx.o
TIMER3_IRQHandler                                 ./src/cr_startup_lpc43xx.o
UART0_IRQHandler                                  ./src/cr_startup_lpc43xx.o
UART1_IRQHandler                                  ./src/cr_startup_lpc43xx.o
UART2_IRQHandler                                  ./src/cr_startup_lpc43xx.o
UART3_IRQHandler                                  ./src/cr_startup_lpc43xx.o
USB0_IRQHandler                                   ./src/libusbdev.o
                                                  ./src/cr_startup_lpc43xx.o
USB1_IRQHandler                                   ./src/cr_startup_lpc43xx.o
USB_DeviceDescriptor                              ./src/libusbdev_desc.o
                                                  ./src/libusbdev.o
USB_DeviceQualifier                               ./src/libusbdev_desc.o
                                                  ./src/libusbdev.o
USB_FsConfigDescriptor                            ./src/libusbdev_desc.o
                                                  ./src/libusbdev.o
USB_HsConfigDescriptor                            ./src/libusbdev_desc.o
                                                  ./src/libusbdev.o
USB_StringDescriptor                              ./src/libusbdev_desc.o
                                                  ./src/libusbdev.o
UsageFault_Handler                                ./src/cr_startup_lpc43xx.o
WCID_CompatID_Descriptor                          ./src/libusbdev_desc.o
                                                  ./src/libusbdev.o
WCID_String_Descriptor                            ./src/libusbdev_desc.o
                                                  ./src/libusbdev.o
WCID_hdlr                                         ./src/libusbdev.o
WDT_IRQHandler                                    ./src/cr_startup_lpc43xx.o
__aeabi_lowlevel_memset                           c:/nxp/mcuxpressoide_11.7.0_9198/ide/plugins/com.nxp.mcuxpresso.tools.win32_11.7.0.202209140929/tools/bin/../lib/gcc/arm-none-eabi/10.3.1/thumb/v7e-m+fp/softfp\libcr_eabihelpers.a(memcpy.o)
                                                  c:/nxp/mcuxpressoide_11.7.0_9198/ide/plugins/com.nxp.mcuxpresso.tools.win32_11.7.0.202209140929/tools/bin/../lib/gcc/arm-none-eabi/10.3.1/../../../../arm-none-eabi/lib/thumb/v7e-m+fp/softfp\libcr_c.a(memset.o)
__aeabi_memclr                                    c:/nxp/mcuxpressoide_11.7.0_9198/ide/plugins/com.nxp.mcuxpresso.tools.win32_11.7.0.202209140929/tools/bin/../lib/gcc/arm-none-eabi/10.3.1/thumb/v7e-m+fp/softfp\libcr_eabihelpers.a(memcpy.o)
__aeabi_memclr4                                   c:/nxp/mcuxpressoide_11.7.0_9198/ide/plugins/com.nxp.mcuxpresso.tools.win32_11.7.0.202209140929/tools/bin/../lib/gcc/arm-none-eabi/10.3.1/thumb/v7e-m+fp/softfp\libcr_eabihelpers.a(memcpy.o)
__aeabi_memclr8                                   c:/nxp/mcuxpressoide_11.7.0_9198/ide/plugins/com.nxp.mcuxpresso.tools.win32_11.7.0.202209140929/tools/bin/../lib/gcc/arm-none-eabi/10.3.1/thumb/v7e-m+fp/softfp\libcr_eabihelpers.a(memcpy.o)
__aeabi_memcpy                                    c:/nxp/mcuxpressoide_11.7.0_9198/ide/plugins/com.nxp.mcuxpresso.tools.win32_11.7.0.202209140929/tools/bin/../lib/gcc/arm-none-eabi/10.3.1/thumb/v7e-m+fp/softfp\libcr_eabihelpers.a(memcpy.o)
__aeabi_memcpy4                                   c:/nxp/mcuxpressoide_11.7.0_9198/ide/plugins/com.nxp.mcuxpresso.tools.win32_11.7.0.202209140929/tools/bin/../lib/gcc/arm-none-eabi/10.3.1/thumb/v7e-m+fp/softfp\libcr_eabihelpers.a(memcpy.o)
__aeabi_memcpy8                                   c:/nxp/mcuxpressoide_11.7.0_9198/ide/plugins/com.nxp.mcuxpresso.tools.win32_11.7.0.202209140929/tools/bin/../lib/gcc/arm-none-eabi/10.3.1/thumb/v7e-m+fp/softfp\libcr_eabihelpers.a(memcpy.o)
__aeabi_memmove                                   c:/nxp/mcuxpressoide_11.7.0_9198/ide/plugins/com.nxp.mcuxpresso.tools.win32_11.7.0.202209140929/tools/bin/../lib/gcc/arm-none-eabi/10.3.1/thumb/v7e-m+fp/softfp\libcr_eabihelpers.a(memcpy.o)
__aeabi_memmove4                                  c:/nxp/mcuxpressoide_11.7.0_9198/ide/plugins/com.nxp.mcuxpresso.tools.win32_11.7.0.202209140929/tools/bin/../lib/gcc/arm-none-eabi/10.3.1/thumb/v7e-m+fp/softfp\libcr_eabihelpers.a(memcpy.o)
__aeabi_memmove8                                  c:/nxp/mcuxpressoide_11.7.0_9198/ide/plugins/com.nxp.mcuxpresso.tools.win32_11.7.0.202209140929/tools/bin/../lib/gcc/arm-none-eabi/10.3.1/thumb/v7e-m+fp/softfp\libcr_eabihelpers.a(memcpy.o)
__aeabi_memset                                    c:/nxp/mcuxpressoide_11.7.0_9198/ide/plugins/com.nxp.mcuxpresso.tools.win32_11.7.0.202209140929/tools/bin/../lib/gcc/arm-none-eabi/10.3.1/thumb/v7e-m+fp/softfp\libcr_eabihelpers.a(memcpy.o)
__aeabi_memset4                                   c:/nxp/mcuxpressoide_11.7.0_9198/ide/plugins/com.nxp.mcuxpresso.tools.win32_11.7.0.202209140929/tools/bin/../lib/gcc/arm-none-eabi/10.3.1/thumb/v7e-m+fp/softfp\libcr_eabihelpers.a(memcpy.o)
__aeabi_memset8                                   c:/nxp/mcuxpressoide_11.7.0_9198/ide/plugins/com.nxp.mcuxpresso.tools.win32_11.7.0.202209140929/tools/bin/../lib/gcc/arm-none-eabi/10.3.1/thumb/v7e-m+fp/softfp\libcr_eabihelpers.a(memcpy.o)
__bss_section_table_end                           ./src/cr_startup_lpc43xx.o
__data_section_table                              ./src/cr_startup_lpc43xx.o
__data_section_table_end                          ./src/cr_startup_lpc43xx.o
__main                                            c:/nxp/mcuxpressoide_11.7.0_9198/ide/plugins/com.nxp.mcuxpresso.tools.win32_11.7.0.202209140929/tools/bin/../lib/gcc/arm-none-eabi/10.3.1/../../../../arm-none-eabi/lib/thumb/v7e-m+fp/softfp\libcr_c.a(__weak__main.o)
                                                  ./src/cr_startup_lpc43xx.o
__valid_user_code_checksum                        ./src/cr_startup_lpc43xx.o
__weak_main                                       c:/nxp/mcuxpressoide_11.7.0_9198/ide/plugins/com.nxp.mcuxpresso.tools.win32_11.7.0.202209140929/tools/bin/../lib/gcc/arm-none-eabi/10.3.1/../../../../arm-none-eabi/lib/thumb/v7e-m+fp/softfp\libcr_c.a(__weak__main.o)
_vStackTop                                        ./src/cr_startup_lpc43xx.o
bss_init                                          ./src/cr_startup_lpc43xx.o
cr_start_m0                                       ./src/cr_start_m0.o
data_init                                         ./src/cr_startup_lpc43xx.o
fpuInit                                           C:\Users\chadb\Documents\MCUXpressoIDE_11.7.0_9198\workspace\lpc_chip_43xx\Debug\liblpc_chip_43xx.a(fpu_init.o)
                                                  ./src/sysinit.o
g_lusb                                            ./src/libusbdev.o
g_pUsbApi                                         ./src/libusbdev.o
g_pfnVectors                                      ./src/cr_startup_lpc43xx.o
                                                  ./src/sysinit.o
libusbdev_Connected                               ./src/libusbdev.o
                                                  ./src/ProbeScope_Test.o
libusbdev_QueueReadDone                           ./src/libusbdev.o
                                                  ./src/ProbeScope_Test.o
libusbdev_QueueReadReq                            ./src/libusbdev.o
                                                  ./src/ProbeScope_Test.o
libusbdev_QueueSendDone                           ./src/libusbdev.o
                                                  ./src/ProbeScope_Test.o
libusbdev_QueueSendReq                            ./src/libusbdev.o
                                                  ./src/ProbeScope_Test.o
libusbdev_Read                                    ./src/libusbdev.o
libusbdev_Send                                    ./src/libusbdev.o
libusbdev_SendInterrupt                           ./src/libusbdev.o
libusbdev_init                                    ./src/libusbdev.o
                                                  ./src/ProbeScope_Test.o
lusb_BulkIN_Hdlr                                  ./src/libusbdev.o
lusb_BulkOUT_Hdlr                                 ./src/libusbdev.o
lusb_IntrIN_Hdlr                                  ./src/libusbdev.o
lusb_ResetEvent                                   ./src/libusbdev.o
main                                              ./src/ProbeScope_Test.o
                                                  c:/nxp/mcuxpressoide_11.7.0_9198/ide/plugins/com.nxp.mcuxpresso.tools.win32_11.7.0.202209140929/tools/bin/../lib/gcc/arm-none-eabi/10.3.1/../../../../arm-none-eabi/lib/thumb/v7e-m+fp/softfp\libcr_c.a(__weak__main.o)
memset                                            c:/nxp/mcuxpressoide_11.7.0_9198/ide/plugins/com.nxp.mcuxpresso.tools.win32_11.7.0.202209140929/tools/bin/../lib/gcc/arm-none-eabi/10.3.1/../../../../arm-none-eabi/lib/thumb/v7e-m+fp/softfp\libcr_c.a(memset.o)
                                                  C:\Users\chadb\Documents\MCUXpressoIDE_11.7.0_9198\workspace\lpc_chip_43xx\Debug\liblpc_chip_43xx.a(clock_18xx_43xx.o)
                                                  ./src/libusbdev.o
strcpy                                            c:/nxp/mcuxpressoide_11.7.0_9198/ide/plugins/com.nxp.mcuxpresso.tools.win32_11.7.0.202209140929/tools/bin/../lib/gcc/arm-none-eabi/10.3.1/../../../../arm-none-eabi/lib/thumb/v7e-m+fp/softfp\libcr_c.a(strcpy.o)
                                                  ./src/ProbeScope_Test.o
