Archive member included to satisfy reference by file (symbol)

C:\Users\chadb\Documents\MCUXpressoIDE_11.7.0_9198\workspace\lpc_chip_43xx\Debug\liblpc_chip_43xx.a(chip_18xx_43xx.o)
                              ./src/freertos/port.o (SystemCoreClock)
C:\Users\chadb\Documents\MCUXpressoIDE_11.7.0_9198\workspace\lpc_chip_43xx\Debug\liblpc_chip_43xx.a(clock_18xx_43xx.o)
                              ./src/RD_ProbeScope_FreeRTOS_Test.o (Chip_Clock_GetDividerSource)
C:\Users\chadb\Documents\MCUXpressoIDE_11.7.0_9198\workspace\lpc_chip_43xx\Debug\liblpc_chip_43xx.a(fpu_init.o)
                              ./src/sysinit.o (fpuInit)
C:\Users\chadb\Documents\MCUXpressoIDE_11.7.0_9198\workspace\lpc_chip_43xx\Debug\liblpc_chip_43xx.a(hsadc_18xx_43xx.o)
                              ./src/RD_ProbeScope_FreeRTOS_Test.o (Chip_HSADC_Init)
C:\Users\chadb\Documents\MCUXpressoIDE_11.7.0_9198\workspace\lpc_chip_43xx\Debug\liblpc_chip_43xx.a(sysinit_18xx_43xx.o)
                              ./src/sysinit.o (Chip_SystemInit)
C:\Users\chadb\Documents\MCUXpressoIDE_11.7.0_9198\workspace\lpc_chip_43xx\Debug\liblpc_chip_43xx.a(timer_18xx_43xx.o)
                              ./src/RD_ProbeScope_FreeRTOS_Test.o (Chip_TIMER_Init)
c:/nxp/mcuxpressoide_11.7.0_9198/ide/plugins/com.nxp.mcuxpresso.tools.win32_11.7.0.202209140929/tools/bin/../lib/gcc/arm-none-eabi/10.3.1/../../../../arm-none-eabi/lib/thumb/v7e-m+fp/softfp\libcr_c.a(memcpy.o)
                              ./src/freertos/queue.o (memcpy)
c:/nxp/mcuxpressoide_11.7.0_9198/ide/plugins/com.nxp.mcuxpresso.tools.win32_11.7.0.202209140929/tools/bin/../lib/gcc/arm-none-eabi/10.3.1/../../../../arm-none-eabi/lib/thumb/v7e-m+fp/softfp\libcr_c.a(memset.o)
                              ./src/freertos/tasks.o (memset)
c:/nxp/mcuxpressoide_11.7.0_9198/ide/plugins/com.nxp.mcuxpresso.tools.win32_11.7.0.202209140929/tools/bin/../lib/gcc/arm-none-eabi/10.3.1/../../../../arm-none-eabi/lib/thumb/v7e-m+fp/softfp\libcr_c.a(__weak__main.o)
                              ./src/cr_startup_lpc43xx.o (__main)
c:/nxp/mcuxpressoide_11.7.0_9198/ide/plugins/com.nxp.mcuxpresso.tools.win32_11.7.0.202209140929/tools/bin/../lib/gcc/arm-none-eabi/10.3.1/../../../../arm-none-eabi/lib/thumb/v7e-m+fp/softfp\libcr_c.a(alloc.o)
                              ./src/freertos/heap_3.o (malloc)
c:/nxp/mcuxpressoide_11.7.0_9198/ide/plugins/com.nxp.mcuxpresso.tools.win32_11.7.0.202209140929/tools/bin/../lib/gcc/arm-none-eabi/10.3.1/../../../../arm-none-eabi/lib/thumb/v7e-m+fp/softfp\libcr_c.a(__init_alloc.o)
                              c:/nxp/mcuxpressoide_11.7.0_9198/ide/plugins/com.nxp.mcuxpresso.tools.win32_11.7.0.202209140929/tools/bin/../lib/gcc/arm-none-eabi/10.3.1/../../../../arm-none-eabi/lib/thumb/v7e-m+fp/softfp\libcr_c.a(alloc.o) (__heaps)
c:/nxp/mcuxpressoide_11.7.0_9198/ide/plugins/com.nxp.mcuxpresso.tools.win32_11.7.0.202209140929/tools/bin/../lib/gcc/arm-none-eabi/10.3.1/../../../../arm-none-eabi/lib/thumb/v7e-m+fp/softfp\libcr_c.a(_cr_sbrk.o)
                              c:/nxp/mcuxpressoide_11.7.0_9198/ide/plugins/com.nxp.mcuxpresso.tools.win32_11.7.0.202209140929/tools/bin/../lib/gcc/arm-none-eabi/10.3.1/../../../../arm-none-eabi/lib/thumb/v7e-m+fp/softfp\libcr_c.a(alloc.o) (_sbrk)
c:/nxp/mcuxpressoide_11.7.0_9198/ide/plugins/com.nxp.mcuxpresso.tools.win32_11.7.0.202209140929/tools/bin/../lib/gcc/arm-none-eabi/10.3.1/../../../../arm-none-eabi/lib/thumb/v7e-m+fp/softfp\libcr_c.a(errno.o)
                              c:/nxp/mcuxpressoide_11.7.0_9198/ide/plugins/com.nxp.mcuxpresso.tools.win32_11.7.0.202209140929/tools/bin/../lib/gcc/arm-none-eabi/10.3.1/../../../../arm-none-eabi/lib/thumb/v7e-m+fp/softfp\libcr_c.a(_cr_sbrk.o) (errno)
c:/nxp/mcuxpressoide_11.7.0_9198/ide/plugins/com.nxp.mcuxpresso.tools.win32_11.7.0.202209140929/tools/bin/../lib/gcc/arm-none-eabi/10.3.1/../../../../arm-none-eabi/lib/thumb/v7e-m+fp/softfp\libcr_c.a(_cr_check_heap.o)
                              c:/nxp/mcuxpressoide_11.7.0_9198/ide/plugins/com.nxp.mcuxpresso.tools.win32_11.7.0.202209140929/tools/bin/../lib/gcc/arm-none-eabi/10.3.1/../../../../arm-none-eabi/lib/thumb/v7e-m+fp/softfp\libcr_c.a(_cr_sbrk.o) (__check_heap_overflow)
c:/nxp/mcuxpressoide_11.7.0_9198/ide/plugins/com.nxp.mcuxpresso.tools.win32_11.7.0.202209140929/tools/bin/../lib/gcc/arm-none-eabi/10.3.1/thumb/v7e-m+fp/softfp\libcr_eabihelpers.a(memcpy.o)
                              c:/nxp/mcuxpressoide_11.7.0_9198/ide/plugins/com.nxp.mcuxpresso.tools.win32_11.7.0.202209140929/tools/bin/../lib/gcc/arm-none-eabi/10.3.1/../../../../arm-none-eabi/lib/thumb/v7e-m+fp/softfp\libcr_c.a(memcpy.o) (__aeabi_memcpy)

Discarded input sections

 .group         0x00000000        0xc ./src/freertos/FreeRTOSCommonHooks.o
 .group         0x00000000        0xc ./src/freertos/FreeRTOSCommonHooks.o
 .group         0x00000000        0xc ./src/freertos/FreeRTOSCommonHooks.o
[...]
Memory Configuration

Name             Origin             Length             Attributes
RamLoc128        0x10000000         0x00020000         xrw
RamLoc72         0x10080000         0x00012000         xrw
RamAHB32         0x20000000         0x00008000         xrw
RamAHB16         0x20008000         0x00004000         xrw
RamAHB_ETB16     0x2000c000         0x00004000         xrw
RamM0Sub16       0x18000000         0x00004000         xrw
RamM0Sub2        0x18004000         0x00000800         xrw
*default*        0x00000000         0xffffffff

Linker script and memory map

LOAD ./src/freertos/FreeRTOSCommonHooks.o
LOAD ./src/freertos/croutine.o
LOAD ./src/freertos/heap_3.o
LOAD ./src/freertos/list.o
LOAD ./src/freertos/port.o
LOAD ./src/freertos/queue.o
LOAD ./src/freertos/tasks.o
LOAD ./src/freertos/timers.o
LOAD ./src/RD_ProbeScope_FreeRTOS_Test.o
LOAD ./src/cr_start_m0.o
LOAD ./src/cr_startup_lpc43xx.o
LOAD ./src/crp.o
LOAD ./src/sysinit.o
LOAD C:\Users\chadb\Documents\MCUXpressoIDE_11.7.0_9198\workspace\lpc_chip_43xx\Debug\liblpc_chip_43xx.a
START GROUP
LOAD c:/nxp/mcuxpressoide_11.7.0_9198/ide/plugins/com.nxp.mcuxpresso.tools.win32_11.7.0.202209140929/tools/bin/../lib/gcc/arm-none-eabi/10.3.1/../../../../arm-none-eabi/lib/thumb/v7e-m+fp/softfp\libcr_c.a
LOAD c:/nxp/mcuxpressoide_11.7.0_9198/ide/plugins/com.nxp.mcuxpresso.tools.win32_11.7.0.202209140929/tools/bin/../lib/gcc/arm-none-eabi/10.3.1/thumb/v7e-m+fp/softfp\libcr_eabihelpers.a
LOAD c:/nxp/mcuxpressoide_11.7.0_9198/ide/plugins/com.nxp.mcuxpresso.tools.win32_11.7.0.202209140929/tools/bin/../lib/gcc/arm-none-eabi/10.3.1/thumb/v7e-m+fp/softfp\libgcc.a
END GROUP
                0x10000000                __base_RamLoc128 = 0x10000000
                0x10000000                __base_RAM = 0x10000000
                0x10020000                __top_RamLoc128 = 0x10020000
                0x10020000                __top_RAM = 0x10020000
                0x10080000                __base_RamLoc72 = 0x10080000
                0x10080000                __base_RAM2 = 0x10080000
                0x10092000                __top_RamLoc72 = 0x10092000
                0x10092000                __top_RAM2 = 0x10092000
                0x20000000                __base_RamAHB32 = 0x20000000
                0x20000000                __base_RAM3 = 0x20000000
                0x20008000                __top_RamAHB32 = 0x20008000
                0x20008000                __top_RAM3 = 0x20008000
                0x20008000                __base_RamAHB16 = 0x20008000
                0x20008000                __base_RAM4 = 0x20008000
                0x2000c000                __top_RamAHB16 = 0x2000c000
                0x2000c000                __top_RAM4 = 0x2000c000
                0x2000c000                __base_RamAHB_ETB16 = 0x2000c000
                0x2000c000                __base_RAM5 = 0x2000c000
                0x20010000                __top_RamAHB_ETB16 = 0x20010000
                0x20010000                __top_RAM5 = 0x20010000
                0x18000000                __base_RamM0Sub16 = 0x18000000
                0x18000000                __base_RAM6 = 0x18000000
                0x18004000                __top_RamM0Sub16 = 0x18004000
                0x18004000                __top_RAM6 = 0x18004000
                0x18004000                __base_RamM0Sub2 = 0x18004000
                0x18004000                __base_RAM7 = 0x18004000
                0x18004800                __top_RamM0Sub2 = 0x18004800
                0x18004800                __top_RAM7 = 0x18004800

.text           0x10000000     0x2be4
 FILL mask 0xff
                0x10000000                __vectors_start__ = ABSOLUTE (.)
 *(.isr_vector)
 .isr_vector    0x10000000      0x114 ./src/cr_startup_lpc43xx.o
                0x10000000                g_pfnVectors
                0x10000114                . = ALIGN (0x4)
                0x10000114                __section_table_start = .
                0x10000114                __data_section_table = .
                0x10000114        0x4 LONG 0x10002be4 LOADADDR (.data)
                0x10000118        0x4 LONG 0x10002be4 ADDR (.data)
                0x1000011c        0x4 LONG 0x8 SIZEOF (.data)
                0x10000120        0x4 LONG 0x10002be4 LOADADDR (.data_RAM2)
                0x10000124        0x4 LONG 0x10080000 ADDR (.data_RAM2)
                0x10000128        0x4 LONG 0x0 SIZEOF (.data_RAM2)
                0x1000012c        0x4 LONG 0x10002be4 LOADADDR (.data_RAM3)
                0x10000130        0x4 LONG 0x20000000 ADDR (.data_RAM3)
                0x10000134        0x4 LONG 0x0 SIZEOF (.data_RAM3)
                0x10000138        0x4 LONG 0x10002be4 LOADADDR (.data_RAM4)
                0x1000013c        0x4 LONG 0x20008000 ADDR (.data_RAM4)
                0x10000140        0x4 LONG 0x0 SIZEOF (.data_RAM4)
                0x10000144        0x4 LONG 0x10002be4 LOADADDR (.data_RAM5)
                0x10000148        0x4 LONG 0x2000c000 ADDR (.data_RAM5)
                0x1000014c        0x4 LONG 0x0 SIZEOF (.data_RAM5)
                0x10000150        0x4 LONG 0x10002be4 LOADADDR (.data_RAM6)
                0x10000154        0x4 LONG 0x18000000 ADDR (.data_RAM6)
                0x10000158        0x4 LONG 0x0 SIZEOF (.data_RAM6)
                0x1000015c        0x4 LONG 0x10002be4 LOADADDR (.data_RAM7)
                0x10000160        0x4 LONG 0x18004000 ADDR (.data_RAM7)
                0x10000164        0x4 LONG 0x0 SIZEOF (.data_RAM7)
                0x10000168                __data_section_table_end = .
                0x10000168                __bss_section_table = .
                0x10000168        0x4 LONG 0x10002bec ADDR (.bss)
                0x1000016c        0x4 LONG 0x17c SIZEOF (.bss)
                0x10000170        0x4 LONG 0x10080000 ADDR (.bss_RAM2)
                0x10000174        0x4 LONG 0x0 SIZEOF (.bss_RAM2)
                0x10000178        0x4 LONG 0x20000000 ADDR (.bss_RAM3)
                0x1000017c        0x4 LONG 0x0 SIZEOF (.bss_RAM3)
                0x10000180        0x4 LONG 0x20008000 ADDR (.bss_RAM4)
                0x10000184        0x4 LONG 0x0 SIZEOF (.bss_RAM4)
                0x10000188        0x4 LONG 0x2000c000 ADDR (.bss_RAM5)
                0x1000018c        0x4 LONG 0x0 SIZEOF (.bss_RAM5)
                0x10000190        0x4 LONG 0x18000000 ADDR (.bss_RAM6)
                0x10000194        0x4 LONG 0x0 SIZEOF (.bss_RAM6)
                0x10000198        0x4 LONG 0x18004000 ADDR (.bss_RAM7)
                0x1000019c        0x4 LONG 0x0 SIZEOF (.bss_RAM7)
                0x100001a0                __bss_section_table_end = .
                0x100001a0                __section_table_end = .
 *(.after_vectors*)
 .after_vectors
                0x100001a0       0xbc ./src/cr_startup_lpc43xx.o
                0x100001a0                data_init
                0x100001e6                bss_init
                0x10000220                NMI_Handler
                0x10000226                HardFault_Handler
                0x1000022c                MemManage_Handler
                0x10000232                BusFault_Handler
                0x10000238                UsageFault_Handler
                0x10000244                DebugMon_Handler
                0x10000256                ATIMER_IRQHandler
                0x10000256                FLASH_EEPROM_IRQHandler
                0x10000256                I2C1_IRQHandler
                0x10000256                UART1_IRQHandler
                0x10000256                GPIO5_IRQHandler
                0x10000256                CAN1_IRQHandler
                0x10000256                SDIO_IRQHandler
                0x10000256                I2S0_IRQHandler
                0x10000256                TIMER3_IRQHandler
                0x10000256                UART0_IRQHandler
                0x10000256                ADCHS_IRQHandler
                0x10000256                SGPIO_IRQHandler
                0x10000256                RIT_IRQHandler
                0x10000256                USB1_IRQHandler
                0x10000256                GPIO6_IRQHandler
                0x10000256                IntDefaultHandler
                0x10000256                GPIO1_IRQHandler
                0x10000256                SSP0_IRQHandler
                0x10000256                ADC1_IRQHandler
                0x10000256                RTC_IRQHandler
                0x10000256                TIMER0_IRQHandler
                0x10000256                SPI_IRQHandler
                0x10000256                LCD_IRQHandler
                0x10000256                I2C0_IRQHandler
                0x10000256                TIMER1_IRQHandler
                0x10000256                UART2_IRQHandler
                0x10000256                GPIO2_IRQHandler
                0x10000256                I2S1_IRQHandler
                0x10000256                SSP1_IRQHandler
                0x10000256                USB0_IRQHandler
                0x10000256                GPIO3_IRQHandler
                0x10000256                SCT_IRQHandler
                0x10000256                ADC0_IRQHandler
                0x10000256                WDT_IRQHandler
                0x10000256                GPIO7_IRQHandler
                0x10000256                SPIFI_IRQHandler
                0x10000256                QEI_IRQHandler
                0x10000256                ETH_IRQHandler
                0x10000256                CAN0_IRQHandler
                0x10000256                GINT0_IRQHandler
                0x10000256                DAC_IRQHandler
                0x10000256                M0SUB_IRQHandler
                0x10000256                GPIO0_IRQHandler
                0x10000256                DMA_IRQHandler
                0x10000256                EVRT_IRQHandler
                0x10000256                TIMER2_IRQHandler
                0x10000256                UART3_IRQHandler
                0x10000256                MCPWM_IRQHandler
                0x10000256                M0APP_IRQHandler
                0x10000256                GINT1_IRQHandler
                0x10000256                GPIO4_IRQHandler
                0x000002fc                . = 0x2fc
 *fill*         0x1000025c       0xa0 ff
                0x100002fc                PROVIDE (__CRP_WORD_START__ = .)
 *(.crp)
 .crp           0x100002fc        0x4 ./src/crp.o
                0x100002fc                CRP_WORD
                0x10000300                PROVIDE (__CRP_WORD_END__ = .)
                0x00000001                ASSERT (! ((__CRP_WORD_START__ == __CRP_WORD_END__)), Linker CRP Enabled, but no CRP_WORD provided within application)
 *(.text*)
 .text.vApplicationIdleHook
                0x10000300       0x12 ./src/freertos/FreeRTOSCommonHooks.o
                0x10000300                vApplicationIdleHook
 .text.pvPortMalloc
                0x10000312       0x22 ./src/freertos/heap_3.o
                0x10000312                pvPortMalloc
 .text.vPortFree
                0x10000334       0x24 ./src/freertos/heap_3.o
                0x10000334                vPortFree
 .text.vListInitialise
                0x10000358       0x40 ./src/freertos/list.o
                0x10000358                vListInitialise
 .text.vListInitialiseItem
                0x10000398       0x1a ./src/freertos/list.o
                0x10000398                vListInitialiseItem
 .text.vListInsertEnd
                0x100003b2       0x48 ./src/freertos/list.o
                0x100003b2                vListInsertEnd
 .text.uxListRemove
                0x100003fa       0x54 ./src/freertos/list.o
                0x100003fa                uxListRemove
 *fill*         0x1000044e        0x2 ff
 .text.pxPortInitialiseStack
                0x10000450       0x64 ./src/freertos/port.o
                0x10000450                pxPortInitialiseStack
 .text.prvTaskExitError
                0x100004b4        0xa ./src/freertos/port.o
 *fill*         0x100004be        0x2 ff
 .text.SVC_Handler
                0x100004c0       0x24 ./src/freertos/port.o
                0x100004c0                SVC_Handler
 .text.prvPortStartFirstTask
                0x100004e4       0x20 ./src/freertos/port.o
 .text.xPortStartScheduler
                0x10000504       0x50 ./src/freertos/port.o
                0x10000504                xPortStartScheduler
 .text.vPortYield
                0x10000554       0x24 ./src/freertos/port.o
                0x10000554                vPortYield
 .text.vPortEnterCritical
                0x10000578       0x24 ./src/freertos/port.o
                0x10000578                vPortEnterCritical
 .text.vPortExitCritical
                0x1000059c       0x24 ./src/freertos/port.o
                0x1000059c                vPortExitCritical
 .text.ulPortSetInterruptMask
                0x100005c0       0x12 ./src/freertos/port.o
                0x100005c0                ulPortSetInterruptMask
 .text.vPortClearInterruptMask
                0x100005d2        0x8 ./src/freertos/port.o
                0x100005d2                vPortClearInterruptMask
 *fill*         0x100005da        0x2 ff
 .text.PendSV_Handler
                0x100005dc       0x5c ./src/freertos/port.o
                0x100005dc                PendSV_Handler
 .text.SysTick_Handler
                0x10000638       0x28 ./src/freertos/port.o
                0x10000638                SysTick_Handler
 .text.vPortSuppressTicksAndSleep
                0x10000660      0x17c ./src/freertos/port.o
                0x10000660                vPortSuppressTicksAndSleep
 .text.vPortSetupTimerInterrupt
                0x100007dc       0x68 ./src/freertos/port.o
                0x100007dc                vPortSetupTimerInterrupt
 .text.vPortEnableVFP
                0x10000844       0x14 ./src/freertos/port.o
 .text.xTaskGenericCreate
                0x10000858      0x140 ./src/freertos/tasks.o
                0x10000858                xTaskGenericCreate
 .text.vTaskStartScheduler
                0x10000998       0x58 ./src/freertos/tasks.o
                0x10000998                vTaskStartScheduler
 .text.vTaskSuspendAll
                0x100009f0       0x1c ./src/freertos/tasks.o
                0x100009f0                vTaskSuspendAll
 .text.prvGetExpectedIdleTime
                0x10000a0c       0x50 ./src/freertos/tasks.o
 .text.xTaskResumeAll
                0x10000a5c       0xfc ./src/freertos/tasks.o
                0x10000a5c                xTaskResumeAll
 .text.vTaskStepTick
                0x10000b58       0x24 ./src/freertos/tasks.o
                0x10000b58                vTaskStepTick
 .text.xTaskIncrementTick
                0x10000b7c      0x15c ./src/freertos/tasks.o
                0x10000b7c                xTaskIncrementTick
 .text.vTaskSwitchContext
                0x10000cd8       0x9c ./src/freertos/tasks.o
                0x10000cd8                vTaskSwitchContext
 .text.prvIdleTask
                0x10000d74       0x48 ./src/freertos/tasks.o
 .text.eTaskConfirmSleepModeStatus
                0x10000dbc       0x5c ./src/freertos/tasks.o
                0x10000dbc                eTaskConfirmSleepModeStatus
 .text.prvInitialiseTCBVariables
                0x10000e18       0x94 ./src/freertos/tasks.o
 .text.prvInitialiseTaskLists
                0x10000eac       0x80 ./src/freertos/tasks.o
 .text.prvCheckTasksWaitingTermination
                0x10000f2c       0x78 ./src/freertos/tasks.o
 .text.prvAllocateTCBAndStack
                0x10000fa4       0x62 ./src/freertos/tasks.o
 .text.prvDeleteTCB
                0x10001006       0x20 ./src/freertos/tasks.o
 *fill*         0x10001026        0x2 ff
 .text.prvResetNextTaskUnblockTime
                0x10001028       0x4c ./src/freertos/tasks.o
 .text.NVIC_EnableIRQ
                0x10001074       0x34 ./src/RD_ProbeScope_FreeRTOS_Test.o
 .text.NVIC_ClearPendingIRQ
                0x100010a8       0x34 ./src/RD_ProbeScope_FreeRTOS_Test.o
 .text.Chip_RGU_TriggerReset
                0x100010dc       0x34 ./src/RD_ProbeScope_FreeRTOS_Test.o
 .text.Chip_RGU_InReset
                0x10001110       0x40 ./src/RD_ProbeScope_FreeRTOS_Test.o
 .text.Chip_HSADC_ConfigureTrigger
                0x10001150       0x46 ./src/RD_ProbeScope_FreeRTOS_Test.o
 .text.Chip_HSADC_EnablePower
                0x10001196       0x24 ./src/RD_ProbeScope_FreeRTOS_Test.o
 .text.Chip_HSADC_SetupDescEntry
                0x100011ba       0x30 ./src/RD_ProbeScope_FreeRTOS_Test.o
 .text.Chip_HSADC_UpdateDescTable
                0x100011ea       0x34 ./src/RD_ProbeScope_FreeRTOS_Test.o
 .text.Chip_HSADC_EnableInts
                0x1000121e       0x2a ./src/RD_ProbeScope_FreeRTOS_Test.o
 .text.Chip_TIMER_Enable
                0x10001248       0x20 ./src/RD_ProbeScope_FreeRTOS_Test.o
 .text.Chip_TIMER_SetMatch
                0x10001268       0x28 ./src/RD_ProbeScope_FreeRTOS_Test.o
 .text.Chip_TIMER_MatchEnableInt
                0x10001290       0x34 ./src/RD_ProbeScope_FreeRTOS_Test.o
 .text.Chip_TIMER_ResetOnMatchEnable
                0x100012c4       0x36 ./src/RD_ProbeScope_FreeRTOS_Test.o
 *fill*         0x100012fa        0x2 ff
 .text.getClockRate
                0x100012fc       0x34 ./src/RD_ProbeScope_FreeRTOS_Test.o
 .text.setupClock
                0x10001330      0x148 ./src/RD_ProbeScope_FreeRTOS_Test.o
 .text.timer_setup
                0x10001478       0x6c ./src/RD_ProbeScope_FreeRTOS_Test.o
 .text.setupADC
                0x100014e4      0x12c ./src/RD_ProbeScope_FreeRTOS_Test.o
                0x100014e4                setupADC
 .text.setupHardware
                0x10001610       0x2c ./src/RD_ProbeScope_FreeRTOS_Test.o
 .text.getSample
                0x1000163c       0x40 ./src/RD_ProbeScope_FreeRTOS_Test.o
 .text.main     0x1000167c       0x3c ./src/RD_ProbeScope_FreeRTOS_Test.o
                0x1000167c                main
 .text.ResetISR
                0x100016b8       0xc4 ./src/cr_startup_lpc43xx.o
                0x100016b8                ResetISR
 .text.SystemInit
                0x1000177c       0x28 ./src/sysinit.o
                0x1000177c                SystemInit
 .text.Chip_CREG_EnableUSB0Phy
                0x100017a4       0x20 C:\Users\chadb\Documents\MCUXpressoIDE_11.7.0_9198\workspace\lpc_chip_43xx\Debug\liblpc_chip_43xx.a(chip_18xx_43xx.o)
 .text.Chip_USB_PllSetup
                0x100017c4       0x44 C:\Users\chadb\Documents\MCUXpressoIDE_11.7.0_9198\workspace\lpc_chip_43xx\Debug\liblpc_chip_43xx.a(chip_18xx_43xx.o)
 .text.Chip_USB0_Init
                0x10001808       0x2e C:\Users\chadb\Documents\MCUXpressoIDE_11.7.0_9198\workspace\lpc_chip_43xx\Debug\liblpc_chip_43xx.a(chip_18xx_43xx.o)
                0x10001808                Chip_USB0_Init
 *fill*         0x10001836        0x2 ff
 .text.SystemCoreClockUpdate
                0x10001838       0x18 C:\Users\chadb\Documents\MCUXpressoIDE_11.7.0_9198\workspace\lpc_chip_43xx\Debug\liblpc_chip_43xx.a(chip_18xx_43xx.o)
                0x10001838                SystemCoreClockUpdate
 .text.ABS      0x10001850       0x22 C:\Users\chadb\Documents\MCUXpressoIDE_11.7.0_9198\workspace\lpc_chip_43xx\Debug\liblpc_chip_43xx.a(clock_18xx_43xx.o)
 *fill*         0x10001872        0x2 ff
 .text.pll_calc_divs
                0x10001874      0x124 C:\Users\chadb\Documents\MCUXpressoIDE_11.7.0_9198\workspace\lpc_chip_43xx\Debug\liblpc_chip_43xx.a(clock_18xx_43xx.o)
 .text.pll_get_frac
                0x10001998      0x180 C:\Users\chadb\Documents\MCUXpressoIDE_11.7.0_9198\workspace\lpc_chip_43xx\Debug\liblpc_chip_43xx.a(clock_18xx_43xx.o)
 .text.Chip_Clock_GetDivRate
                0x10001b18       0x40 C:\Users\chadb\Documents\MCUXpressoIDE_11.7.0_9198\workspace\lpc_chip_43xx\Debug\liblpc_chip_43xx.a(clock_18xx_43xx.o)
 .text.Chip_Clock_FindBaseClock
                0x10001b58       0x90 C:\Users\chadb\Documents\MCUXpressoIDE_11.7.0_9198\workspace\lpc_chip_43xx\Debug\liblpc_chip_43xx.a(clock_18xx_43xx.o)
 .text.Chip_Clock_EnableCrystal
                0x10001be8       0x70 C:\Users\chadb\Documents\MCUXpressoIDE_11.7.0_9198\workspace\lpc_chip_43xx\Debug\liblpc_chip_43xx.a(clock_18xx_43xx.o)
                0x10001be8                Chip_Clock_EnableCrystal
 .text.Chip_Clock_CalcMainPLLValue
                0x10001c58       0xd8 C:\Users\chadb\Documents\MCUXpressoIDE_11.7.0_9198\workspace\lpc_chip_43xx\Debug\liblpc_chip_43xx.a(clock_18xx_43xx.o)
                0x10001c58                Chip_Clock_CalcMainPLLValue
 .text.Chip_Clock_GetMainPLLHz
                0x10001d30       0xbc C:\Users\chadb\Documents\MCUXpressoIDE_11.7.0_9198\workspace\lpc_chip_43xx\Debug\liblpc_chip_43xx.a(clock_18xx_43xx.o)
                0x10001d30                Chip_Clock_GetMainPLLHz
 .text.Chip_Clock_SetDivider
                0x10001dec       0x88 C:\Users\chadb\Documents\MCUXpressoIDE_11.7.0_9198\workspace\lpc_chip_43xx\Debug\liblpc_chip_43xx.a(clock_18xx_43xx.o)
                0x10001dec                Chip_Clock_SetDivider
 .text.Chip_Clock_GetDividerSource
                0x10001e74       0x40 C:\Users\chadb\Documents\MCUXpressoIDE_11.7.0_9198\workspace\lpc_chip_43xx\Debug\liblpc_chip_43xx.a(clock_18xx_43xx.o)
                0x10001e74                Chip_Clock_GetDividerSource
 .text.Chip_Clock_GetDividerDivisor
                0x10001eb4       0x38 C:\Users\chadb\Documents\MCUXpressoIDE_11.7.0_9198\workspace\lpc_chip_43xx\Debug\liblpc_chip_43xx.a(clock_18xx_43xx.o)
                0x10001eb4                Chip_Clock_GetDividerDivisor
 .text.Chip_Clock_GetClockInputHz
                0x10001eec      0x140 C:\Users\chadb\Documents\MCUXpressoIDE_11.7.0_9198\workspace\lpc_chip_43xx\Debug\liblpc_chip_43xx.a(clock_18xx_43xx.o)
                0x10001eec                Chip_Clock_GetClockInputHz
 .text.Chip_Clock_GetBaseClocktHz
                0x1000202c       0x24 C:\Users\chadb\Documents\MCUXpressoIDE_11.7.0_9198\workspace\lpc_chip_43xx\Debug\liblpc_chip_43xx.a(clock_18xx_43xx.o)
                0x1000202c                Chip_Clock_GetBaseClocktHz
 .text.Chip_Clock_SetBaseClock
                0x10002050       0x9c C:\Users\chadb\Documents\MCUXpressoIDE_11.7.0_9198\workspace\lpc_chip_43xx\Debug\liblpc_chip_43xx.a(clock_18xx_43xx.o)
                0x10002050                Chip_Clock_SetBaseClock
 .text.Chip_Clock_EnableBaseClock
                0x100020ec       0x3c C:\Users\chadb\Documents\MCUXpressoIDE_11.7.0_9198\workspace\lpc_chip_43xx\Debug\liblpc_chip_43xx.a(clock_18xx_43xx.o)
                0x100020ec                Chip_Clock_EnableBaseClock
 .text.Chip_Clock_GetBaseClock
                0x10002128       0x4c C:\Users\chadb\Documents\MCUXpressoIDE_11.7.0_9198\workspace\lpc_chip_43xx\Debug\liblpc_chip_43xx.a(clock_18xx_43xx.o)
                0x10002128                Chip_Clock_GetBaseClock
 .text.Chip_Clock_EnableOpts
                0x10002174       0x7c C:\Users\chadb\Documents\MCUXpressoIDE_11.7.0_9198\workspace\lpc_chip_43xx\Debug\liblpc_chip_43xx.a(clock_18xx_43xx.o)
                0x10002174                Chip_Clock_EnableOpts
 .text.Chip_Clock_Enable
                0x100021f0       0x60 C:\Users\chadb\Documents\MCUXpressoIDE_11.7.0_9198\workspace\lpc_chip_43xx\Debug\liblpc_chip_43xx.a(clock_18xx_43xx.o)
                0x100021f0                Chip_Clock_Enable
 .text.Chip_Clock_GetRate
                0x10002250       0x88 C:\Users\chadb\Documents\MCUXpressoIDE_11.7.0_9198\workspace\lpc_chip_43xx\Debug\liblpc_chip_43xx.a(clock_18xx_43xx.o)
                0x10002250                Chip_Clock_GetRate
 .text.Chip_Clock_SetupPLL
                0x100022d8       0x7c C:\Users\chadb\Documents\MCUXpressoIDE_11.7.0_9198\workspace\lpc_chip_43xx\Debug\liblpc_chip_43xx.a(clock_18xx_43xx.o)
                0x100022d8                Chip_Clock_SetupPLL
 .text.Chip_Clock_EnablePLL
                0x10002354       0x38 C:\Users\chadb\Documents\MCUXpressoIDE_11.7.0_9198\workspace\lpc_chip_43xx\Debug\liblpc_chip_43xx.a(clock_18xx_43xx.o)
                0x10002354                Chip_Clock_EnablePLL
 .text.Chip_Clock_GetPLLStatus
                0x1000238c       0x28 C:\Users\chadb\Documents\MCUXpressoIDE_11.7.0_9198\workspace\lpc_chip_43xx\Debug\liblpc_chip_43xx.a(clock_18xx_43xx.o)
                0x1000238c                Chip_Clock_GetPLLStatus
 .text.fpuInit  0x100023b4       0x74 C:\Users\chadb\Documents\MCUXpressoIDE_11.7.0_9198\workspace\lpc_chip_43xx\Debug\liblpc_chip_43xx.a(fpu_init.o)
                0x100023b4                fpuInit
 .text.Chip_RGU_TriggerReset
                0x10002428       0x34 C:\Users\chadb\Documents\MCUXpressoIDE_11.7.0_9198\workspace\lpc_chip_43xx\Debug\liblpc_chip_43xx.a(hsadc_18xx_43xx.o)
 .text.Chip_HSADC_GetBaseClockRate
                0x1000245c       0x1a C:\Users\chadb\Documents\MCUXpressoIDE_11.7.0_9198\workspace\lpc_chip_43xx\Debug\liblpc_chip_43xx.a(hsadc_18xx_43xx.o)
 .text.Chip_HSADC_Init
                0x10002476       0x2a C:\Users\chadb\Documents\MCUXpressoIDE_11.7.0_9198\workspace\lpc_chip_43xx\Debug\liblpc_chip_43xx.a(hsadc_18xx_43xx.o)
                0x10002476                Chip_HSADC_Init
 .text.Chip_HSADC_SetupFIFO
                0x100024a0       0x36 C:\Users\chadb\Documents\MCUXpressoIDE_11.7.0_9198\workspace\lpc_chip_43xx\Debug\liblpc_chip_43xx.a(hsadc_18xx_43xx.o)
                0x100024a0                Chip_HSADC_SetupFIFO
 .text.Chip_HSADC_SetThrLowValue
                0x100024d6       0x40 C:\Users\chadb\Documents\MCUXpressoIDE_11.7.0_9198\workspace\lpc_chip_43xx\Debug\liblpc_chip_43xx.a(hsadc_18xx_43xx.o)
                0x100024d6                Chip_HSADC_SetThrLowValue
 .text.Chip_HSADC_SetThrHighValue
                0x10002516       0x42 C:\Users\chadb\Documents\MCUXpressoIDE_11.7.0_9198\workspace\lpc_chip_43xx\Debug\liblpc_chip_43xx.a(hsadc_18xx_43xx.o)
                0x10002516                Chip_HSADC_SetThrHighValue
 .text.Chip_HSADC_SetSpeed
                0x10002558       0x4a C:\Users\chadb\Documents\MCUXpressoIDE_11.7.0_9198\workspace\lpc_chip_43xx\Debug\liblpc_chip_43xx.a(hsadc_18xx_43xx.o)
                0x10002558                Chip_HSADC_SetSpeed
 *fill*         0x100025a2        0x2 ff
 .text.Chip_HSADC_SetPowerSpeed
                0x100025a4       0x98 C:\Users\chadb\Documents\MCUXpressoIDE_11.7.0_9198\workspace\lpc_chip_43xx\Debug\liblpc_chip_43xx.a(hsadc_18xx_43xx.o)
                0x100025a4                Chip_HSADC_SetPowerSpeed
 .text.Chip_HSADC_SetACDCBias
                0x1000263c       0x5e C:\Users\chadb\Documents\MCUXpressoIDE_11.7.0_9198\workspace\lpc_chip_43xx\Debug\liblpc_chip_43xx.a(hsadc_18xx_43xx.o)
                0x1000263c                Chip_HSADC_SetACDCBias
 *fill*         0x1000269a        0x2 ff
 .text.Chip_Clock_DisableMainPLL
                0x1000269c       0x20 C:\Users\chadb\Documents\MCUXpressoIDE_11.7.0_9198\workspace\lpc_chip_43xx\Debug\liblpc_chip_43xx.a(sysinit_18xx_43xx.o)
 .text.Chip_Clock_SetupMainPLL
                0x100026bc       0x48 C:\Users\chadb\Documents\MCUXpressoIDE_11.7.0_9198\workspace\lpc_chip_43xx\Debug\liblpc_chip_43xx.a(sysinit_18xx_43xx.o)
 .text.Chip_Clock_MainPLLLocked
                0x10002704       0x24 C:\Users\chadb\Documents\MCUXpressoIDE_11.7.0_9198\workspace\lpc_chip_43xx\Debug\liblpc_chip_43xx.a(sysinit_18xx_43xx.o)
 .text.Chip_SetupCoreClock
                0x10002728      0x148 C:\Users\chadb\Documents\MCUXpressoIDE_11.7.0_9198\workspace\lpc_chip_43xx\Debug\liblpc_chip_43xx.a(sysinit_18xx_43xx.o)
                0x10002728                Chip_SetupCoreClock
 .text.Chip_SetupIrcClocking
                0x10002870       0x18 C:\Users\chadb\Documents\MCUXpressoIDE_11.7.0_9198\workspace\lpc_chip_43xx\Debug\liblpc_chip_43xx.a(sysinit_18xx_43xx.o)
                0x10002870                Chip_SetupIrcClocking
 .text.Chip_SystemInit
                0x10002888        0xc C:\Users\chadb\Documents\MCUXpressoIDE_11.7.0_9198\workspace\lpc_chip_43xx\Debug\liblpc_chip_43xx.a(sysinit_18xx_43xx.o)
                0x10002888                Chip_SystemInit
 .text.Chip_TIMER_GetClockIndex
                0x10002894       0x50 C:\Users\chadb\Documents\MCUXpressoIDE_11.7.0_9198\workspace\lpc_chip_43xx\Debug\liblpc_chip_43xx.a(timer_18xx_43xx.o)
 .text.Chip_TIMER_Init
                0x100028e4       0x1e C:\Users\chadb\Documents\MCUXpressoIDE_11.7.0_9198\workspace\lpc_chip_43xx\Debug\liblpc_chip_43xx.a(timer_18xx_43xx.o)
                0x100028e4                Chip_TIMER_Init
 .text.Chip_TIMER_Reset
                0x10002902       0x3c C:\Users\chadb\Documents\MCUXpressoIDE_11.7.0_9198\workspace\lpc_chip_43xx\Debug\liblpc_chip_43xx.a(timer_18xx_43xx.o)
                0x10002902                Chip_TIMER_Reset
 .text.memset   0x1000293e        0x4 c:/nxp/mcuxpressoide_11.7.0_9198/ide/plugins/com.nxp.mcuxpresso.tools.win32_11.7.0.202209140929/tools/bin/../lib/gcc/arm-none-eabi/10.3.1/../../../../arm-none-eabi/lib/thumb/v7e-m+fp/softfp\libcr_c.a(memset.o)
                0x1000293e                memset
 .text.__weak_main
                0x10002942        0x4 c:/nxp/mcuxpressoide_11.7.0_9198/ide/plugins/com.nxp.mcuxpresso.tools.win32_11.7.0.202209140929/tools/bin/../lib/gcc/arm-none-eabi/10.3.1/../../../../arm-none-eabi/lib/thumb/v7e-m+fp/softfp\libcr_c.a(__weak__main.o)
                0x10002942                __weak_main
                0x10002942                __main
 *fill*         0x10002946        0x2 ff
 .text.malloc   0x10002948       0xc8 c:/nxp/mcuxpressoide_11.7.0_9198/ide/plugins/com.nxp.mcuxpresso.tools.win32_11.7.0.202209140929/tools/bin/../lib/gcc/arm-none-eabi/10.3.1/../../../../arm-none-eabi/lib/thumb/v7e-m+fp/softfp\libcr_c.a(alloc.o)
                0x10002948                malloc
 .text.free     0x10002a10       0x30 c:/nxp/mcuxpressoide_11.7.0_9198/ide/plugins/com.nxp.mcuxpresso.tools.win32_11.7.0.202209140929/tools/bin/../lib/gcc/arm-none-eabi/10.3.1/../../../../arm-none-eabi/lib/thumb/v7e-m+fp/softfp\libcr_c.a(alloc.o)
                0x10002a10                free
 .text._sbrk    0x10002a40       0x3c c:/nxp/mcuxpressoide_11.7.0_9198/ide/plugins/com.nxp.mcuxpresso.tools.win32_11.7.0.202209140929/tools/bin/../lib/gcc/arm-none-eabi/10.3.1/../../../../arm-none-eabi/lib/thumb/v7e-m+fp/softfp\libcr_c.a(_cr_sbrk.o)
                0x10002a40                _sbrk
 .text.__check_heap_overflow
                0x10002a7c       0x18 c:/nxp/mcuxpressoide_11.7.0_9198/ide/plugins/com.nxp.mcuxpresso.tools.win32_11.7.0.202209140929/tools/bin/../lib/gcc/arm-none-eabi/10.3.1/../../../../arm-none-eabi/lib/thumb/v7e-m+fp/softfp\libcr_c.a(_cr_check_heap.o)
                0x10002a7c                __check_heap_overflow
 .text.__aeabi_memset_lowlevel
                0x10002a94       0x32 c:/nxp/mcuxpressoide_11.7.0_9198/ide/plugins/com.nxp.mcuxpresso.tools.win32_11.7.0.202209140929/tools/bin/../lib/gcc/arm-none-eabi/10.3.1/thumb/v7e-m+fp/softfp\libcr_eabihelpers.a(memcpy.o)
                0x10002a94                __aeabi_lowlevel_memset
 */tasks.o(.rodata*)
 *fill*         0x10002ac6        0x2 ff
 .rodata.vTaskStartScheduler.str1.4
                0x10002ac8        0x5 ./src/freertos/tasks.o
 *(.rodata .rodata.* .constdata .constdata.*)
 *fill*         0x10002acd        0x3 ff
 .rodata.adcBaseClkSources
                0x10002ad0        0x5 ./src/RD_ProbeScope_FreeRTOS_Test.o
 *fill*         0x10002ad5        0x3 ff
 .rodata.main.str1.4
                0x10002ad8        0xa ./src/RD_ProbeScope_FreeRTOS_Test.o
 *fill*         0x10002ae2        0x2 ff
 .rodata.ExtRateIn
                0x10002ae4        0x4 ./src/sysinit.o
                0x10002ae4                ExtRateIn
 .rodata.OscRateIn
                0x10002ae8        0x4 ./src/sysinit.o
                0x10002ae8                OscRateIn
 .rodata.usbPLLSetup
                0x10002aec       0x14 C:\Users\chadb\Documents\MCUXpressoIDE_11.7.0_9198\workspace\lpc_chip_43xx\Debug\liblpc_chip_43xx.a(chip_18xx_43xx.o)
 .rodata.periph_to_base
                0x10002b00       0x6c C:\Users\chadb\Documents\MCUXpressoIDE_11.7.0_9198\workspace\lpc_chip_43xx\Debug\liblpc_chip_43xx.a(clock_18xx_43xx.o)
 .rodata.Chip_Clock_SetDivider.str1.4
                0x10002b6c        0x6 C:\Users\chadb\Documents\MCUXpressoIDE_11.7.0_9198\workspace\lpc_chip_43xx\Debug\liblpc_chip_43xx.a(clock_18xx_43xx.o)
 *fill*         0x10002b72        0x2 ff
 .rodata.powerSets
                0x10002b74       0x28 C:\Users\chadb\Documents\MCUXpressoIDE_11.7.0_9198\workspace\lpc_chip_43xx\Debug\liblpc_chip_43xx.a(hsadc_18xx_43xx.o)
 .rodata.InitClkStates
                0x10002b9c       0x48 C:\Users\chadb\Documents\MCUXpressoIDE_11.7.0_9198\workspace\lpc_chip_43xx\Debug\liblpc_chip_43xx.a(sysinit_18xx_43xx.o)
                0x10002be4                . = ALIGN (0x4)

.glue_7         0x10002be4        0x0
 .glue_7        0x10002be4        0x0 linker stubs

.glue_7t        0x10002be4        0x0
 .glue_7t       0x10002be4        0x0 linker stubs

.vfp11_veneer   0x10002be4        0x0
 .vfp11_veneer  0x10002be4        0x0 linker stubs

.v4_bx          0x10002be4        0x0
 .v4_bx         0x10002be4        0x0 linker stubs

.iplt           0x10002be4        0x0
 .iplt          0x10002be4        0x0 ./src/freertos/heap_3.o

.rel.dyn        0x10002be4        0x0
 .rel.iplt      0x10002be4        0x0 ./src/freertos/heap_3.o

.ARM.extab
 *(.ARM.extab* .gnu.linkonce.armextab.*)

.ARM.exidx      0x10002be4        0x0
                0x10002be4                __exidx_start = .
 *(.ARM.exidx* .gnu.linkonce.armexidx.*)
                0x10002be4                __exidx_end = .
                0x10002be4                _etext = .

.data_RAM2      0x10080000        0x0 load address 0x10002be4
 FILL mask 0xff
                [!provide]                PROVIDE (__start_data_RAM2 = .)
                [!provide]                PROVIDE (__start_data_RamLoc72 = .)
 *(.ramfunc.$RAM2)
 *(.ramfunc.$RamLoc72)
 *(.data.$RAM2)
 *(.data.$RamLoc72)
 *(.data.$RAM2.*)
 *(.data.$RamLoc72.*)
                0x10080000                . = ALIGN (0x4)
                [!provide]                PROVIDE (__end_data_RAM2 = .)
                [!provide]                PROVIDE (__end_data_RamLoc72 = .)

.data_RAM3      0x20000000        0x0 load address 0x10002be4
 FILL mask 0xff
                [!provide]                PROVIDE (__start_data_RAM3 = .)
                [!provide]                PROVIDE (__start_data_RamAHB32 = .)
 *(.ramfunc.$RAM3)
 *(.ramfunc.$RamAHB32)
 *(.data.$RAM3)
 *(.data.$RamAHB32)
 *(.data.$RAM3.*)
 *(.data.$RamAHB32.*)
                0x20000000                . = ALIGN (0x4)
                [!provide]                PROVIDE (__end_data_RAM3 = .)
                [!provide]                PROVIDE (__end_data_RamAHB32 = .)

.data_RAM4      0x20008000        0x0 load address 0x10002be4
 FILL mask 0xff
                [!provide]                PROVIDE (__start_data_RAM4 = .)
                [!provide]                PROVIDE (__start_data_RamAHB16 = .)
 *(.ramfunc.$RAM4)
 *(.ramfunc.$RamAHB16)
 *(.data.$RAM4)
 *(.data.$RamAHB16)
 *(.data.$RAM4.*)
 *(.data.$RamAHB16.*)
                0x20008000                . = ALIGN (0x4)
                [!provide]                PROVIDE (__end_data_RAM4 = .)
                [!provide]                PROVIDE (__end_data_RamAHB16 = .)

.data_RAM5      0x2000c000        0x0 load address 0x10002be4
 FILL mask 0xff
                [!provide]                PROVIDE (__start_data_RAM5 = .)
                [!provide]                PROVIDE (__start_data_RamAHB_ETB16 = .)
 *(.ramfunc.$RAM5)
 *(.ramfunc.$RamAHB_ETB16)
 *(.data.$RAM5)
 *(.data.$RamAHB_ETB16)
 *(.data.$RAM5.*)
 *(.data.$RamAHB_ETB16.*)
                0x2000c000                . = ALIGN (0x4)
                [!provide]                PROVIDE (__end_data_RAM5 = .)
                [!provide]                PROVIDE (__end_data_RamAHB_ETB16 = .)

.data_RAM6      0x18000000        0x0 load address 0x10002be4
 FILL mask 0xff
                [!provide]                PROVIDE (__start_data_RAM6 = .)
                [!provide]                PROVIDE (__start_data_RamM0Sub16 = .)
 *(.ramfunc.$RAM6)
 *(.ramfunc.$RamM0Sub16)
 *(.data.$RAM6)
 *(.data.$RamM0Sub16)
 *(.data.$RAM6.*)
 *(.data.$RamM0Sub16.*)
                0x18000000                . = ALIGN (0x4)
                [!provide]                PROVIDE (__end_data_RAM6 = .)
                [!provide]                PROVIDE (__end_data_RamM0Sub16 = .)

.data_RAM7      0x18004000        0x0 load address 0x10002be4
 FILL mask 0xff
                [!provide]                PROVIDE (__start_data_RAM7 = .)
                [!provide]                PROVIDE (__start_data_RamM0Sub2 = .)
 *(.ramfunc.$RAM7)
 *(.ramfunc.$RamM0Sub2)
 *(.data.$RAM7)
 *(.data.$RamM0Sub2)
 *(.data.$RAM7.*)
 *(.data.$RamM0Sub2.*)
                0x18004000                . = ALIGN (0x4)
                [!provide]                PROVIDE (__end_data_RAM7 = .)
                [!provide]                PROVIDE (__end_data_RamM0Sub2 = .)

.uninit_RESERVED
                0x10002be4        0x0
                0x10002be4                _start_uninit_RESERVED = .
 *(.bss.$RESERVED*)
                0x10002be4                . = ALIGN (0x4)
                0x10002be4                _end_uninit_RESERVED = .

.data           0x10002be4        0x8
 FILL mask 0xff
                0x10002be4                _data = .
                [!provide]                PROVIDE (__start_data_RAM = .)
                [!provide]                PROVIDE (__start_data_RamLoc128 = .)
 *(vtable)
 *(.ramfunc*)
 *(CodeQuickAccess)
 *(DataQuickAccess)
 *(RamFunction)
 *(.data*)
 .data.uxCriticalNesting
                0x10002be4        0x4 ./src/freertos/port.o
 .data.xNextTaskUnblockTime
                0x10002be8        0x4 ./src/freertos/tasks.o
                0x10002bec                . = ALIGN (0x4)
                0x10002bec                _edata = .
                [!provide]                PROVIDE (__end_data_RAM = .)
                [!provide]                PROVIDE (__end_data_RamLoc128 = .)

.igot.plt       0x10002bec        0x0
 .igot.plt      0x10002bec        0x0 ./src/freertos/heap_3.o

.bss_RAM2       0x10080000        0x0
                [!provide]                PROVIDE (__start_bss_RAM2 = .)
                [!provide]                PROVIDE (__start_bss_RamLoc72 = .)
 *(.bss.$RAM2)
 *(.bss.$RamLoc72)
 *(.bss.$RAM2.*)
 *(.bss.$RamLoc72.*)
                0x10080000                . = ALIGN ((. != 0x0)?0x4:0x1)
                [!provide]                PROVIDE (__end_bss_RAM2 = .)
                [!provide]                PROVIDE (__end_bss_RamLoc72 = .)

.bss_RAM3       0x20000000        0x0
                [!provide]                PROVIDE (__start_bss_RAM3 = .)
                [!provide]                PROVIDE (__start_bss_RamAHB32 = .)
 *(.bss.$RAM3)
 *(.bss.$RamAHB32)
 *(.bss.$RAM3.*)
 *(.bss.$RamAHB32.*)
                0x20000000                . = ALIGN ((. != 0x0)?0x4:0x1)
                [!provide]                PROVIDE (__end_bss_RAM3 = .)
                [!provide]                PROVIDE (__end_bss_RamAHB32 = .)

.bss_RAM4       0x20008000        0x0
                [!provide]                PROVIDE (__start_bss_RAM4 = .)
                [!provide]                PROVIDE (__start_bss_RamAHB16 = .)
 *(.bss.$RAM4)
 *(.bss.$RamAHB16)
 *(.bss.$RAM4.*)
 *(.bss.$RamAHB16.*)
                0x20008000                . = ALIGN ((. != 0x0)?0x4:0x1)
                [!provide]                PROVIDE (__end_bss_RAM4 = .)
                [!provide]                PROVIDE (__end_bss_RamAHB16 = .)

.bss_RAM5       0x2000c000        0x0
                [!provide]                PROVIDE (__start_bss_RAM5 = .)
                [!provide]                PROVIDE (__start_bss_RamAHB_ETB16 = .)
 *(.bss.$RAM5)
 *(.bss.$RamAHB_ETB16)
 *(.bss.$RAM5.*)
 *(.bss.$RamAHB_ETB16.*)
                0x2000c000                . = ALIGN ((. != 0x0)?0x4:0x1)
                [!provide]                PROVIDE (__end_bss_RAM5 = .)
                [!provide]                PROVIDE (__end_bss_RamAHB_ETB16 = .)

.bss_RAM6       0x18000000        0x0
                [!provide]                PROVIDE (__start_bss_RAM6 = .)
                [!provide]                PROVIDE (__start_bss_RamM0Sub16 = .)
 *(.bss.$RAM6)
 *(.bss.$RamM0Sub16)
 *(.bss.$RAM6.*)
 *(.bss.$RamM0Sub16.*)
                0x18000000                . = ALIGN ((. != 0x0)?0x4:0x1)
                [!provide]                PROVIDE (__end_bss_RAM6 = .)
                [!provide]                PROVIDE (__end_bss_RamM0Sub16 = .)

.bss_RAM7       0x18004000        0x0
                [!provide]                PROVIDE (__start_bss_RAM7 = .)
                [!provide]                PROVIDE (__start_bss_RamM0Sub2 = .)
 *(.bss.$RAM7)
 *(.bss.$RamM0Sub2)
 *(.bss.$RAM7.*)
 *(.bss.$RamM0Sub2.*)
                0x18004000                . = ALIGN ((. != 0x0)?0x4:0x1)
                [!provide]                PROVIDE (__end_bss_RAM7 = .)
                [!provide]                PROVIDE (__end_bss_RamM0Sub2 = .)

.bss            0x10002bec      0x17c
                0x10002bec                _bss = .
                [!provide]                PROVIDE (__start_bss_RAM = .)
                [!provide]                PROVIDE (__start_bss_RamLoc128 = .)
 *(.bss*)
 .bss.ulTimerCountsForOneTick
                0x10002bec        0x4 ./src/freertos/port.o
 .bss.xMaximumPossibleSuppressedTicks
                0x10002bf0        0x4 ./src/freertos/port.o
 .bss.ulStoppedTimerCompensation
                0x10002bf4        0x4 ./src/freertos/port.o
 .bss.pxCurrentTCB
                0x10002bf8        0x4 ./src/freertos/tasks.o
                0x10002bf8                pxCurrentTCB
 .bss.pxReadyTasksLists
                0x10002bfc       0xa0 ./src/freertos/tasks.o
 .bss.xDelayedTaskList1
                0x10002c9c       0x14 ./src/freertos/tasks.o
 .bss.xDelayedTaskList2
                0x10002cb0       0x14 ./src/freertos/tasks.o
 .bss.pxDelayedTaskList
                0x10002cc4        0x4 ./src/freertos/tasks.o
 .bss.pxOverflowDelayedTaskList
                0x10002cc8        0x4 ./src/freertos/tasks.o
 .bss.xPendingReadyList
                0x10002ccc       0x14 ./src/freertos/tasks.o
 .bss.xTasksWaitingTermination
                0x10002ce0       0x14 ./src/freertos/tasks.o
 .bss.uxTasksDeleted
                0x10002cf4        0x4 ./src/freertos/tasks.o
 .bss.xSuspendedTaskList
                0x10002cf8       0x14 ./src/freertos/tasks.o
 .bss.uxCurrentNumberOfTasks
                0x10002d0c        0x4 ./src/freertos/tasks.o
 .bss.xTickCount
                0x10002d10        0x4 ./src/freertos/tasks.o
 .bss.uxTopReadyPriority
                0x10002d14        0x4 ./src/freertos/tasks.o
 .bss.xSchedulerRunning
                0x10002d18        0x4 ./src/freertos/tasks.o
 .bss.uxPendedTicks
                0x10002d1c        0x4 ./src/freertos/tasks.o
 .bss.xYieldPending
                0x10002d20        0x4 ./src/freertos/tasks.o
 .bss.xNumOfOverflows
                0x10002d24        0x4 ./src/freertos/tasks.o
 .bss.uxTaskNumber
                0x10002d28        0x4 ./src/freertos/tasks.o
 .bss.uxSchedulerSuspended
                0x10002d2c        0x4 ./src/freertos/tasks.o
 .bss.sampleBuffer
                0x10002d30        0x4 ./src/RD_ProbeScope_FreeRTOS_Test.o
                0x10002d30                sampleBuffer
 .bss.i         0x10002d34        0x4 ./src/RD_ProbeScope_FreeRTOS_Test.o
                0x10002d34                i
 .bss.lastSample
                0x10002d38       0x18 ./src/RD_ProbeScope_FreeRTOS_Test.o
                0x10002d38                lastSample
 .bss.SystemCoreClock
                0x10002d50        0x4 C:\Users\chadb\Documents\MCUXpressoIDE_11.7.0_9198\workspace\lpc_chip_43xx\Debug\liblpc_chip_43xx.a(chip_18xx_43xx.o)
                0x10002d50                SystemCoreClock
 .bss.audio_usb_pll_freq
                0x10002d54        0x8 C:\Users\chadb\Documents\MCUXpressoIDE_11.7.0_9198\workspace\lpc_chip_43xx\Debug\liblpc_chip_43xx.a(clock_18xx_43xx.o)
 .bss.__end_of_heap
                0x10002d5c        0x4 c:/nxp/mcuxpressoide_11.7.0_9198/ide/plugins/com.nxp.mcuxpresso.tools.win32_11.7.0.202209140929/tools/bin/../lib/gcc/arm-none-eabi/10.3.1/../../../../arm-none-eabi/lib/thumb/v7e-m+fp/softfp\libcr_c.a(__init_alloc.o)
                0x10002d5c                __end_of_heap
 .bss.__heaps   0x10002d60        0x4 c:/nxp/mcuxpressoide_11.7.0_9198/ide/plugins/com.nxp.mcuxpresso.tools.win32_11.7.0.202209140929/tools/bin/../lib/gcc/arm-none-eabi/10.3.1/../../../../arm-none-eabi/lib/thumb/v7e-m+fp/softfp\libcr_c.a(__init_alloc.o)
                0x10002d60                __heaps
 .bss.errno     0x10002d64        0x4 c:/nxp/mcuxpressoide_11.7.0_9198/ide/plugins/com.nxp.mcuxpresso.tools.win32_11.7.0.202209140929/tools/bin/../lib/gcc/arm-none-eabi/10.3.1/../../../../arm-none-eabi/lib/thumb/v7e-m+fp/softfp\libcr_c.a(errno.o)
                0x10002d64                errno
 *(COMMON)
                0x10002d68                . = ALIGN (0x4)
                0x10002d68                _ebss = .
                [!provide]                PROVIDE (__end_bss_RAM = .)
                [!provide]                PROVIDE (__end_bss_RamLoc128 = .)
                [!provide]                PROVIDE (end = .)

.noinit_RAM2    0x10080000        0x0
                [!provide]                PROVIDE (__start_noinit_RAM2 = .)
                [!provide]                PROVIDE (__start_noinit_RamLoc72 = .)
 *(.noinit.$RAM2)
 *(.noinit.$RamLoc72)
 *(.noinit.$RAM2.*)
 *(.noinit.$RamLoc72.*)
                0x10080000                . = ALIGN (0x4)
                [!provide]                PROVIDE (__end_noinit_RAM2 = .)
                [!provide]                PROVIDE (__end_noinit_RamLoc72 = .)

.noinit_RAM3    0x20000000        0x0
                [!provide]                PROVIDE (__start_noinit_RAM3 = .)
                [!provide]                PROVIDE (__start_noinit_RamAHB32 = .)
 *(.noinit.$RAM3)
 *(.noinit.$RamAHB32)
 *(.noinit.$RAM3.*)
 *(.noinit.$RamAHB32.*)
                0x20000000                . = ALIGN (0x4)
                [!provide]                PROVIDE (__end_noinit_RAM3 = .)
                [!provide]                PROVIDE (__end_noinit_RamAHB32 = .)

.noinit_RAM4    0x20008000        0x0
                [!provide]                PROVIDE (__start_noinit_RAM4 = .)
                [!provide]                PROVIDE (__start_noinit_RamAHB16 = .)
 *(.noinit.$RAM4)
 *(.noinit.$RamAHB16)
 *(.noinit.$RAM4.*)
 *(.noinit.$RamAHB16.*)
                0x20008000                . = ALIGN (0x4)
                [!provide]                PROVIDE (__end_noinit_RAM4 = .)
                [!provide]                PROVIDE (__end_noinit_RamAHB16 = .)

.noinit_RAM5    0x2000c000        0x0
                [!provide]                PROVIDE (__start_noinit_RAM5 = .)
                [!provide]                PROVIDE (__start_noinit_RamAHB_ETB16 = .)
 *(.noinit.$RAM5)
 *(.noinit.$RamAHB_ETB16)
 *(.noinit.$RAM5.*)
 *(.noinit.$RamAHB_ETB16.*)
                0x2000c000                . = ALIGN (0x4)
                [!provide]                PROVIDE (__end_noinit_RAM5 = .)
                [!provide]                PROVIDE (__end_noinit_RamAHB_ETB16 = .)

.noinit_RAM6    0x18000000        0x0
                [!provide]                PROVIDE (__start_noinit_RAM6 = .)
                [!provide]                PROVIDE (__start_noinit_RamM0Sub16 = .)
 *(.noinit.$RAM6)
 *(.noinit.$RamM0Sub16)
 *(.noinit.$RAM6.*)
 *(.noinit.$RamM0Sub16.*)
                0x18000000                . = ALIGN (0x4)
                [!provide]                PROVIDE (__end_noinit_RAM6 = .)
                [!provide]                PROVIDE (__end_noinit_RamM0Sub16 = .)

.noinit_RAM7    0x18004000        0x0
                [!provide]                PROVIDE (__start_noinit_RAM7 = .)
                [!provide]                PROVIDE (__start_noinit_RamM0Sub2 = .)
 *(.noinit.$RAM7)
 *(.noinit.$RamM0Sub2)
 *(.noinit.$RAM7.*)
 *(.noinit.$RamM0Sub2.*)
                0x18004000                . = ALIGN (0x4)
                [!provide]                PROVIDE (__end_noinit_RAM7 = .)
                [!provide]                PROVIDE (__end_noinit_RamM0Sub2 = .)

.noinit         0x10002d68        0x0
                0x10002d68                _noinit = .
                [!provide]                PROVIDE (__start_noinit_RAM = .)
                [!provide]                PROVIDE (__start_noinit_RamLoc128 = .)
 *(.noinit*)
                0x10002d68                . = ALIGN (0x4)
                0x10002d68                _end_noinit = .
                [!provide]                PROVIDE (__end_noinit_RAM = .)
                [!provide]                PROVIDE (__end_noinit_RamLoc128 = .)
                0x10002d68                PROVIDE (_pvHeapStart = DEFINED (__user_heap_base)?__user_heap_base:.)
                0x10020000                PROVIDE (_vStackTop = DEFINED (__user_stack_top)?__user_stack_top:(__top_RamLoc128 - 0x0))
                0x8ffdde66                PROVIDE (__valid_user_code_checksum = (0x0 - ((((((_vStackTop + (ResetISR + 0x1)) + (NMI_Handler + 0x1)) + (HardFault_Handler + 0x1)) + (DEFINED (MemManage_Handler)?MemManage_Handler:0x0 + 0x1)) + (DEFINED (BusFault_Handler)?BusFault_Handler:0x0 + 0x1)) + (DEFINED (UsageFault_Handler)?UsageFault_Handler:0x0 + 0x1))))
                0x10000000                _image_start = LOADADDR (.text)
                0x10002bec                _image_end = (LOADADDR (.data) + SIZEOF (.data))
                0x00002bec                _image_size = (_image_end - _image_start)
OUTPUT(RD_ProbeScope_FreeRTOS_Test.axf elf32-littlearm)
LOAD linker stubs

.debug_info     0x00000000     0x7d7b
 .debug_info    0x00000000      0x16f ./src/freertos/FreeRTOSCommonHooks.o
 .debug_info    0x0000016f       0xed ./src/freertos/heap_3.o
 .debug_info    0x0000025c      0x2c1 ./src/freertos/list.o
 .debug_info    0x0000051d      0x80b ./src/freertos/port.o
 .debug_info    0x00000d28     0x182d ./src/freertos/tasks.o
 .debug_info    0x00002555     0x131b ./src/RD_ProbeScope_FreeRTOS_Test.o
 .debug_info    0x00003870      0x2c9 ./src/cr_startup_lpc43xx.o
 .debug_info    0x00003b39       0x40 ./src/crp.o
 .debug_info    0x00003b79      0x5ae ./src/sysinit.o
 .debug_info    0x00004127      0xa59 C:\Users\chadb\Documents\MCUXpressoIDE_11.7.0_9198\workspace\lpc_chip_43xx\Debug\liblpc_chip_43xx.a(chip_18xx_43xx.o)
 .debug_info    0x00004b80     0x1660 C:\Users\chadb\Documents\MCUXpressoIDE_11.7.0_9198\workspace\lpc_chip_43xx\Debug\liblpc_chip_43xx.a(clock_18xx_43xx.o)
 .debug_info    0x000061e0      0x10e C:\Users\chadb\Documents\MCUXpressoIDE_11.7.0_9198\workspace\lpc_chip_43xx\Debug\liblpc_chip_43xx.a(fpu_init.o)
 .debug_info    0x000062ee      0xcb3 C:\Users\chadb\Documents\MCUXpressoIDE_11.7.0_9198\workspace\lpc_chip_43xx\Debug\liblpc_chip_43xx.a(hsadc_18xx_43xx.o)
 .debug_info    0x00006fa1      0x915 C:\Users\chadb\Documents\MCUXpressoIDE_11.7.0_9198\workspace\lpc_chip_43xx\Debug\liblpc_chip_43xx.a(sysinit_18xx_43xx.o)
 .debug_info    0x000078b6      0x4c5 C:\Users\chadb\Documents\MCUXpressoIDE_11.7.0_9198\workspace\lpc_chip_43xx\Debug\liblpc_chip_43xx.a(timer_18xx_43xx.o)

.debug_abbrev   0x00000000     0x162a
 .debug_abbrev  0x00000000      0x10d ./src/freertos/FreeRTOSCommonHooks.o
 .debug_abbrev  0x0000010d       0xae ./src/freertos/heap_3.o
 .debug_abbrev  0x000001bb       0xeb ./src/freertos/list.o
 .debug_abbrev  0x000002a6      0x1e6 ./src/freertos/port.o
 .debug_abbrev  0x0000048c      0x297 ./src/freertos/tasks.o
 .debug_abbrev  0x00000723      0x2e5 ./src/RD_ProbeScope_FreeRTOS_Test.o
 .debug_abbrev  0x00000a08      0x12b ./src/cr_startup_lpc43xx.o
 .debug_abbrev  0x00000b33       0x38 ./src/crp.o
 .debug_abbrev  0x00000b6b       0xda ./src/sysinit.o
 .debug_abbrev  0x00000c45      0x173 C:\Users\chadb\Documents\MCUXpressoIDE_11.7.0_9198\workspace\lpc_chip_43xx\Debug\liblpc_chip_43xx.a(chip_18xx_43xx.o)
 .debug_abbrev  0x00000db8      0x2fc C:\Users\chadb\Documents\MCUXpressoIDE_11.7.0_9198\workspace\lpc_chip_43xx\Debug\liblpc_chip_43xx.a(clock_18xx_43xx.o)
 .debug_abbrev  0x000010b4       0x79 C:\Users\chadb\Documents\MCUXpressoIDE_11.7.0_9198\workspace\lpc_chip_43xx\Debug\liblpc_chip_43xx.a(fpu_init.o)
 .debug_abbrev  0x0000112d      0x201 C:\Users\chadb\Documents\MCUXpressoIDE_11.7.0_9198\workspace\lpc_chip_43xx\Debug\liblpc_chip_43xx.a(hsadc_18xx_43xx.o)
 .debug_abbrev  0x0000132e      0x196 C:\Users\chadb\Documents\MCUXpressoIDE_11.7.0_9198\workspace\lpc_chip_43xx\Debug\liblpc_chip_43xx.a(sysinit_18xx_43xx.o)
 .debug_abbrev  0x000014c4      0x166 C:\Users\chadb\Documents\MCUXpressoIDE_11.7.0_9198\workspace\lpc_chip_43xx\Debug\liblpc_chip_43xx.a(timer_18xx_43xx.o)

.debug_aranges  0x00000000      0x6e0
 .debug_aranges
                0x00000000       0x40 ./src/freertos/FreeRTOSCommonHooks.o
 .debug_aranges
                0x00000040       0x28 ./src/freertos/heap_3.o
 .debug_aranges
                0x00000068       0x40 ./src/freertos/list.o
 .debug_aranges
                0x000000a8       0x98 ./src/freertos/port.o
 .debug_aranges
                0x00000140      0x190 ./src/freertos/tasks.o
 .debug_aranges
                0x000002d0       0xb8 ./src/RD_ProbeScope_FreeRTOS_Test.o
 .debug_aranges
                0x00000388       0x80 ./src/cr_startup_lpc43xx.o
 .debug_aranges
                0x00000408       0x18 ./src/crp.o
 .debug_aranges
                0x00000420       0x20 ./src/sysinit.o
 .debug_aranges
                0x00000440       0x40 C:\Users\chadb\Documents\MCUXpressoIDE_11.7.0_9198\workspace\lpc_chip_43xx\Debug\liblpc_chip_43xx.a(chip_18xx_43xx.o)
 .debug_aranges
                0x00000480      0x138 C:\Users\chadb\Documents\MCUXpressoIDE_11.7.0_9198\workspace\lpc_chip_43xx\Debug\liblpc_chip_43xx.a(clock_18xx_43xx.o)
 .debug_aranges
                0x000005b8       0x20 C:\Users\chadb\Documents\MCUXpressoIDE_11.7.0_9198\workspace\lpc_chip_43xx\Debug\liblpc_chip_43xx.a(fpu_init.o)
 .debug_aranges
                0x000005d8       0x78 C:\Users\chadb\Documents\MCUXpressoIDE_11.7.0_9198\workspace\lpc_chip_43xx\Debug\liblpc_chip_43xx.a(hsadc_18xx_43xx.o)
 .debug_aranges
                0x00000650       0x50 C:\Users\chadb\Documents\MCUXpressoIDE_11.7.0_9198\workspace\lpc_chip_43xx\Debug\liblpc_chip_43xx.a(sysinit_18xx_43xx.o)
 .debug_aranges
                0x000006a0       0x40 C:\Users\chadb\Documents\MCUXpressoIDE_11.7.0_9198\workspace\lpc_chip_43xx\Debug\liblpc_chip_43xx.a(timer_18xx_43xx.o)

.debug_ranges   0x00000000      0x600
 .debug_ranges  0x00000000       0x30 ./src/freertos/FreeRTOSCommonHooks.o
 .debug_ranges  0x00000030       0x18 ./src/freertos/heap_3.o
 .debug_ranges  0x00000048       0x30 ./src/freertos/list.o
 .debug_ranges  0x00000078       0x88 ./src/freertos/port.o
 .debug_ranges  0x00000100      0x180 ./src/freertos/tasks.o
 .debug_ranges  0x00000280       0xa8 ./src/RD_ProbeScope_FreeRTOS_Test.o
 .debug_ranges  0x00000328       0x70 ./src/cr_startup_lpc43xx.o
 .debug_ranges  0x00000398       0x10 ./src/sysinit.o
 .debug_ranges  0x000003a8       0x30 C:\Users\chadb\Documents\MCUXpressoIDE_11.7.0_9198\workspace\lpc_chip_43xx\Debug\liblpc_chip_43xx.a(chip_18xx_43xx.o)
 .debug_ranges  0x000003d8      0x140 C:\Users\chadb\Documents\MCUXpressoIDE_11.7.0_9198\workspace\lpc_chip_43xx\Debug\liblpc_chip_43xx.a(clock_18xx_43xx.o)
 .debug_ranges  0x00000518       0x10 C:\Users\chadb\Documents\MCUXpressoIDE_11.7.0_9198\workspace\lpc_chip_43xx\Debug\liblpc_chip_43xx.a(fpu_init.o)
 .debug_ranges  0x00000528       0x68 C:\Users\chadb\Documents\MCUXpressoIDE_11.7.0_9198\workspace\lpc_chip_43xx\Debug\liblpc_chip_43xx.a(hsadc_18xx_43xx.o)
 .debug_ranges  0x00000590       0x40 C:\Users\chadb\Documents\MCUXpressoIDE_11.7.0_9198\workspace\lpc_chip_43xx\Debug\liblpc_chip_43xx.a(sysinit_18xx_43xx.o)
 .debug_ranges  0x000005d0       0x30 C:\Users\chadb\Documents\MCUXpressoIDE_11.7.0_9198\workspace\lpc_chip_43xx\Debug\liblpc_chip_43xx.a(timer_18xx_43xx.o)

.debug_macro    0x00000000     0x8643
 .debug_macro   0x00000000      0x3a5 ./src/freertos/FreeRTOSCommonHooks.o
 .debug_macro   0x000003a5      0xa90 ./src/freertos/FreeRTOSCommonHooks.o
 .debug_macro   0x00000e35       0x10 ./src/freertos/FreeRTOSCommonHooks.o
 .debug_macro   0x00000e45      0x12e ./src/freertos/FreeRTOSCommonHooks.o
 .debug_macro   0x00000f73       0x16 ./src/freertos/FreeRTOSCommonHooks.o
 .debug_macro   0x00000f89      0x5b3 ./src/freertos/FreeRTOSCommonHooks.o
 .debug_macro   0x0000153c       0x40 ./src/freertos/FreeRTOSCommonHooks.o
 .debug_macro   0x0000157c       0x10 ./src/freertos/FreeRTOSCommonHooks.o
 .debug_macro   0x0000158c       0x22 ./src/freertos/FreeRTOSCommonHooks.o
 .debug_macro   0x000015ae       0x81 ./src/freertos/FreeRTOSCommonHooks.o
 .debug_macro   0x0000162f       0x28 ./src/freertos/FreeRTOSCommonHooks.o
 .debug_macro   0x00001657       0x3b ./src/freertos/FreeRTOSCommonHooks.o
 .debug_macro   0x00001692       0x2d ./src/freertos/FreeRTOSCommonHooks.o
 .debug_macro   0x000016bf       0x42 ./src/freertos/FreeRTOSCommonHooks.o
 .debug_macro   0x00001701      0xd39 ./src/freertos/FreeRTOSCommonHooks.o
 .debug_macro   0x0000243a      0x2c3 ./src/freertos/FreeRTOSCommonHooks.o
 .debug_macro   0x000026fd      0x112 ./src/freertos/FreeRTOSCommonHooks.o
 .debug_macro   0x0000280f       0x11 ./src/freertos/FreeRTOSCommonHooks.o
 .debug_macro   0x00002820       0x2a ./src/freertos/FreeRTOSCommonHooks.o
 .debug_macro   0x0000284a       0x16 ./src/freertos/FreeRTOSCommonHooks.o
 .debug_macro   0x00002860      0x2e6 ./src/freertos/FreeRTOSCommonHooks.o
 .debug_macro   0x00002b46       0x82 ./src/freertos/FreeRTOSCommonHooks.o
 .debug_macro   0x00002bc8      0x13d ./src/freertos/FreeRTOSCommonHooks.o
 .debug_macro   0x00002d05      0x198 ./src/freertos/FreeRTOSCommonHooks.o
 .debug_macro   0x00002e9d       0x34 ./src/freertos/FreeRTOSCommonHooks.o
 .debug_macro   0x00002ed1       0x58 ./src/freertos/FreeRTOSCommonHooks.o
 .debug_macro   0x00002f29      0x236 ./src/freertos/FreeRTOSCommonHooks.o
 .debug_macro   0x0000315f      0x572 ./src/freertos/FreeRTOSCommonHooks.o
 .debug_macro   0x000036d1       0x16 ./src/freertos/FreeRTOSCommonHooks.o
 .debug_macro   0x000036e7      0x18a ./src/freertos/FreeRTOSCommonHooks.o
 .debug_macro   0x00003871       0x88 ./src/freertos/FreeRTOSCommonHooks.o
 .debug_macro   0x000038f9      0x1b9 ./src/freertos/FreeRTOSCommonHooks.o
 .debug_macro   0x00003ab2      0x1da ./src/freertos/FreeRTOSCommonHooks.o
 .debug_macro   0x00003c8c       0x40 ./src/freertos/FreeRTOSCommonHooks.o
 .debug_macro   0x00003ccc       0x1c ./src/freertos/FreeRTOSCommonHooks.o
 .debug_macro   0x00003ce8       0x2e ./src/freertos/FreeRTOSCommonHooks.o
 .debug_macro   0x00003d16       0x2e ./src/freertos/FreeRTOSCommonHooks.o
 .debug_macro   0x00003d44       0x22 ./src/freertos/FreeRTOSCommonHooks.o
 .debug_macro   0x00003d66      0x201 ./src/freertos/FreeRTOSCommonHooks.o
 .debug_macro   0x00003f67       0xe0 ./src/freertos/FreeRTOSCommonHooks.o
 .debug_macro   0x00004047      0x34c ./src/freertos/FreeRTOSCommonHooks.o
 .debug_macro   0x00004393       0xdc ./src/freertos/FreeRTOSCommonHooks.o
 .debug_macro   0x0000446f       0xc4 ./src/freertos/FreeRTOSCommonHooks.o
 .debug_macro   0x00004533       0x8f ./src/freertos/FreeRTOSCommonHooks.o
 .debug_macro   0x000045c2       0x94 ./src/freertos/FreeRTOSCommonHooks.o
 .debug_macro   0x00004656       0xb8 ./src/freertos/FreeRTOSCommonHooks.o
 .debug_macro   0x0000470e       0x4c ./src/freertos/FreeRTOSCommonHooks.o
 .debug_macro   0x0000475a       0x16 ./src/freertos/FreeRTOSCommonHooks.o
 .debug_macro   0x00004770      0x328 ./src/freertos/FreeRTOSCommonHooks.o
 .debug_macro   0x00004a98       0x3a ./src/freertos/FreeRTOSCommonHooks.o
 .debug_macro   0x00004ad2       0xd0 ./src/freertos/FreeRTOSCommonHooks.o
 .debug_macro   0x00004ba2       0x11 ./src/freertos/FreeRTOSCommonHooks.o
 .debug_macro   0x00004bb3       0x22 ./src/freertos/FreeRTOSCommonHooks.o
 .debug_macro   0x00004bd5       0x40 ./src/freertos/FreeRTOSCommonHooks.o
 .debug_macro   0x00004c15       0x5e ./src/freertos/FreeRTOSCommonHooks.o
 .debug_macro   0x00004c73       0x9a ./src/freertos/FreeRTOSCommonHooks.o
 .debug_macro   0x00004d0d       0x20 ./src/freertos/FreeRTOSCommonHooks.o
 .debug_macro   0x00004d2d       0xef ./src/freertos/FreeRTOSCommonHooks.o
 .debug_macro   0x00004e1c       0xaf ./src/freertos/FreeRTOSCommonHooks.o
 .debug_macro   0x00004ecb       0x12 ./src/freertos/FreeRTOSCommonHooks.o
 .debug_macro   0x00004edd       0x1f ./src/freertos/FreeRTOSCommonHooks.o
 .debug_macro   0x00004efc      0x35a ./src/freertos/FreeRTOSCommonHooks.o
 .debug_macro   0x00005256       0x79 ./src/freertos/FreeRTOSCommonHooks.o
 .debug_macro   0x000052cf       0x69 ./src/freertos/FreeRTOSCommonHooks.o
 .debug_macro   0x00005338      0x3b5 ./src/freertos/heap_3.o
 .debug_macro   0x000056ed       0x28 ./src/freertos/heap_3.o
 .debug_macro   0x00005715      0x39a ./src/freertos/list.o
 .debug_macro   0x00005aaf      0x43e ./src/freertos/port.o
 .debug_macro   0x00005eed      0x446 ./src/freertos/tasks.o
 .debug_macro   0x00006333       0x91 ./src/freertos/tasks.o
 .debug_macro   0x000063c4       0x16 ./src/freertos/tasks.o
 .debug_macro   0x000063da      0x3c6 ./src/RD_ProbeScope_FreeRTOS_Test.o
 .debug_macro   0x000067a0       0x88 ./src/RD_ProbeScope_FreeRTOS_Test.o
 .debug_macro   0x00006828       0x18 ./src/RD_ProbeScope_FreeRTOS_Test.o
 .debug_macro   0x00006840       0x82 ./src/RD_ProbeScope_FreeRTOS_Test.o
 .debug_macro   0x000068c2       0x10 ./src/RD_ProbeScope_FreeRTOS_Test.o
 .debug_macro   0x000068d2       0x64 ./src/RD_ProbeScope_FreeRTOS_Test.o
 .debug_macro   0x00006936       0x1d ./src/cr_startup_lpc43xx.o
 .debug_macro   0x00006953       0x1a ./src/crp.o
 .debug_macro   0x0000696d       0x34 ./src/crp.o
 .debug_macro   0x000069a1      0x2e4 ./src/sysinit.o
 .debug_macro   0x00006c85      0x2e4 C:\Users\chadb\Documents\MCUXpressoIDE_11.7.0_9198\workspace\lpc_chip_43xx\Debug\liblpc_chip_43xx.a(chip_18xx_43xx.o)
 .debug_macro   0x00006f69      0xa84 C:\Users\chadb\Documents\MCUXpressoIDE_11.7.0_9198\workspace\lpc_chip_43xx\Debug\liblpc_chip_43xx.a(chip_18xx_43xx.o)
 .debug_macro   0x000079ed      0x2ea C:\Users\chadb\Documents\MCUXpressoIDE_11.7.0_9198\workspace\lpc_chip_43xx\Debug\liblpc_chip_43xx.a(clock_18xx_43xx.o)
 .debug_macro   0x00007cd7       0xc0 C:\Users\chadb\Documents\MCUXpressoIDE_11.7.0_9198\workspace\lpc_chip_43xx\Debug\liblpc_chip_43xx.a(fpu_init.o)
 .debug_macro   0x00007d97      0x2e4 C:\Users\chadb\Documents\MCUXpressoIDE_11.7.0_9198\workspace\lpc_chip_43xx\Debug\liblpc_chip_43xx.a(hsadc_18xx_43xx.o)
 .debug_macro   0x0000807b      0x2e4 C:\Users\chadb\Documents\MCUXpressoIDE_11.7.0_9198\workspace\lpc_chip_43xx\Debug\liblpc_chip_43xx.a(sysinit_18xx_43xx.o)
 .debug_macro   0x0000835f      0x2e4 C:\Users\chadb\Documents\MCUXpressoIDE_11.7.0_9198\workspace\lpc_chip_43xx\Debug\liblpc_chip_43xx.a(timer_18xx_43xx.o)

.debug_line     0x00000000     0x86c6
 .debug_line    0x00000000      0x963 ./src/freertos/FreeRTOSCommonHooks.o
 .debug_line    0x00000963      0x8ac ./src/freertos/heap_3.o
 .debug_line    0x0000120f      0x973 ./src/freertos/list.o
 .debug_line    0x00001b82      0xb5d ./src/freertos/port.o
 .debug_line    0x000026df     0x169b ./src/freertos/tasks.o
 .debug_line    0x00003d7a      0xc63 ./src/RD_ProbeScope_FreeRTOS_Test.o
 .debug_line    0x000049dd      0x1a2 ./src/cr_startup_lpc43xx.o
 .debug_line    0x00004b7f       0xb1 ./src/crp.o
 .debug_line    0x00004c30      0x6d9 ./src/sysinit.o
 .debug_line    0x00005309      0x777 C:\Users\chadb\Documents\MCUXpressoIDE_11.7.0_9198\workspace\lpc_chip_43xx\Debug\liblpc_chip_43xx.a(chip_18xx_43xx.o)
 .debug_line    0x00005a80     0x1074 C:\Users\chadb\Documents\MCUXpressoIDE_11.7.0_9198\workspace\lpc_chip_43xx\Debug\liblpc_chip_43xx.a(clock_18xx_43xx.o)
 .debug_line    0x00006af4      0x309 C:\Users\chadb\Documents\MCUXpressoIDE_11.7.0_9198\workspace\lpc_chip_43xx\Debug\liblpc_chip_43xx.a(fpu_init.o)
 .debug_line    0x00006dfd      0x8d5 C:\Users\chadb\Documents\MCUXpressoIDE_11.7.0_9198\workspace\lpc_chip_43xx\Debug\liblpc_chip_43xx.a(hsadc_18xx_43xx.o)
 .debug_line    0x000076d2      0x85f C:\Users\chadb\Documents\MCUXpressoIDE_11.7.0_9198\workspace\lpc_chip_43xx\Debug\liblpc_chip_43xx.a(sysinit_18xx_43xx.o)
 .debug_line    0x00007f31      0x795 C:\Users\chadb\Documents\MCUXpressoIDE_11.7.0_9198\workspace\lpc_chip_43xx\Debug\liblpc_chip_43xx.a(timer_18xx_43xx.o)

.debug_str      0x00000000    0x1d093
 .debug_str     0x00000000    0x186b7 ./src/freertos/FreeRTOSCommonHooks.o
                              0x187d1 (size before relaxing)
 .debug_str     0x000186b7      0x103 ./src/freertos/heap_3.o
                              0x187be (size before relaxing)
 .debug_str     0x000187ba      0x139 ./src/freertos/list.o
                              0x184df (size before relaxing)
 .debug_str     0x000188f3     0x11e1 ./src/freertos/port.o
                              0x19912 (size before relaxing)
 .debug_str     0x00019ad4     0x16c4 ./src/freertos/tasks.o
                              0x1aa27 (size before relaxing)
 .debug_str     0x0001b198      0xee7 ./src/RD_ProbeScope_FreeRTOS_Test.o
                              0x1a849 (size before relaxing)
 .debug_str     0x0001c07f      0x1b3 ./src/cr_startup_lpc43xx.o
                               0x2f5c (size before relaxing)
 .debug_str     0x0001c232       0xe9 ./src/crp.o
                               0x2e5c (size before relaxing)
 .debug_str     0x0001c31b       0x2f ./src/sysinit.o
                              0x1656b (size before relaxing)
 .debug_str     0x0001c34a      0x317 C:\Users\chadb\Documents\MCUXpressoIDE_11.7.0_9198\workspace\lpc_chip_43xx\Debug\liblpc_chip_43xx.a(chip_18xx_43xx.o)
                              0x1681e (size before relaxing)
 .debug_str     0x0001c661      0x5f0 C:\Users\chadb\Documents\MCUXpressoIDE_11.7.0_9198\workspace\lpc_chip_43xx\Debug\liblpc_chip_43xx.a(clock_18xx_43xx.o)
                              0x16da1 (size before relaxing)
 .debug_str     0x0001cc51       0xb5 C:\Users\chadb\Documents\MCUXpressoIDE_11.7.0_9198\workspace\lpc_chip_43xx\Debug\liblpc_chip_43xx.a(fpu_init.o)
                               0xa0a1 (size before relaxing)
 .debug_str     0x0001cd06      0x177 C:\Users\chadb\Documents\MCUXpressoIDE_11.7.0_9198\workspace\lpc_chip_43xx\Debug\liblpc_chip_43xx.a(hsadc_18xx_43xx.o)
                              0x16834 (size before relaxing)
 .debug_str     0x0001ce7d       0xea C:\Users\chadb\Documents\MCUXpressoIDE_11.7.0_9198\workspace\lpc_chip_43xx\Debug\liblpc_chip_43xx.a(sysinit_18xx_43xx.o)
                              0x167f0 (size before relaxing)
 .debug_str     0x0001cf67      0x12c C:\Users\chadb\Documents\MCUXpressoIDE_11.7.0_9198\workspace\lpc_chip_43xx\Debug\liblpc_chip_43xx.a(timer_18xx_43xx.o)
                              0x1601a (size before relaxing)

.comment        0x00000000       0x49
 .comment       0x00000000       0x49 ./src/freertos/FreeRTOSCommonHooks.o
                                 0x4a (size before relaxing)
 .comment       0x00000049       0x4a ./src/freertos/heap_3.o
 .comment       0x00000049       0x4a ./src/freertos/list.o
 .comment       0x00000049       0x4a ./src/freertos/port.o
 .comment       0x00000049       0x4a ./src/freertos/tasks.o
 .comment       0x00000049       0x4a ./src/RD_ProbeScope_FreeRTOS_Test.o
 .comment       0x00000049       0x4a ./src/cr_startup_lpc43xx.o
 .comment       0x00000049       0x4a ./src/crp.o
 .comment       0x00000049       0x4a ./src/sysinit.o
 .comment       0x00000049       0x4a C:\Users\chadb\Documents\MCUXpressoIDE_11.7.0_9198\workspace\lpc_chip_43xx\Debug\liblpc_chip_43xx.a(chip_18xx_43xx.o)
 .comment       0x00000049       0x4a C:\Users\chadb\Documents\MCUXpressoIDE_11.7.0_9198\workspace\lpc_chip_43xx\Debug\liblpc_chip_43xx.a(clock_18xx_43xx.o)
 .comment       0x00000049       0x4a C:\Users\chadb\Documents\MCUXpressoIDE_11.7.0_9198\workspace\lpc_chip_43xx\Debug\liblpc_chip_43xx.a(fpu_init.o)
 .comment       0x00000049       0x4a C:\Users\chadb\Documents\MCUXpressoIDE_11.7.0_9198\workspace\lpc_chip_43xx\Debug\liblpc_chip_43xx.a(hsadc_18xx_43xx.o)
 .comment       0x00000049       0x4a C:\Users\chadb\Documents\MCUXpressoIDE_11.7.0_9198\workspace\lpc_chip_43xx\Debug\liblpc_chip_43xx.a(sysinit_18xx_43xx.o)
 .comment       0x00000049       0x4a C:\Users\chadb\Documents\MCUXpressoIDE_11.7.0_9198\workspace\lpc_chip_43xx\Debug\liblpc_chip_43xx.a(timer_18xx_43xx.o)
 .comment       0x00000049       0x4a c:/nxp/mcuxpressoide_11.7.0_9198/ide/plugins/com.nxp.mcuxpresso.tools.win32_11.7.0.202209140929/tools/bin/../lib/gcc/arm-none-eabi/10.3.1/../../../../arm-none-eabi/lib/thumb/v7e-m+fp/softfp\libcr_c.a(memset.o)
 .comment       0x00000049       0x4a c:/nxp/mcuxpressoide_11.7.0_9198/ide/plugins/com.nxp.mcuxpresso.tools.win32_11.7.0.202209140929/tools/bin/../lib/gcc/arm-none-eabi/10.3.1/../../../../arm-none-eabi/lib/thumb/v7e-m+fp/softfp\libcr_c.a(__weak__main.o)
 .comment       0x00000049       0x4a c:/nxp/mcuxpressoide_11.7.0_9198/ide/plugins/com.nxp.mcuxpresso.tools.win32_11.7.0.202209140929/tools/bin/../lib/gcc/arm-none-eabi/10.3.1/../../../../arm-none-eabi/lib/thumb/v7e-m+fp/softfp\libcr_c.a(alloc.o)
 .comment       0x00000049       0x4a c:/nxp/mcuxpressoide_11.7.0_9198/ide/plugins/com.nxp.mcuxpresso.tools.win32_11.7.0.202209140929/tools/bin/../lib/gcc/arm-none-eabi/10.3.1/../../../../arm-none-eabi/lib/thumb/v7e-m+fp/softfp\libcr_c.a(__init_alloc.o)
 .comment       0x00000049       0x4a c:/nxp/mcuxpressoide_11.7.0_9198/ide/plugins/com.nxp.mcuxpresso.tools.win32_11.7.0.202209140929/tools/bin/../lib/gcc/arm-none-eabi/10.3.1/../../../../arm-none-eabi/lib/thumb/v7e-m+fp/softfp\libcr_c.a(_cr_sbrk.o)
 .comment       0x00000049       0x4a c:/nxp/mcuxpressoide_11.7.0_9198/ide/plugins/com.nxp.mcuxpresso.tools.win32_11.7.0.202209140929/tools/bin/../lib/gcc/arm-none-eabi/10.3.1/../../../../arm-none-eabi/lib/thumb/v7e-m+fp/softfp\libcr_c.a(errno.o)
 .comment       0x00000049       0x4a c:/nxp/mcuxpressoide_11.7.0_9198/ide/plugins/com.nxp.mcuxpresso.tools.win32_11.7.0.202209140929/tools/bin/../lib/gcc/arm-none-eabi/10.3.1/../../../../arm-none-eabi/lib/thumb/v7e-m+fp/softfp\libcr_c.a(_cr_check_heap.o)

.ARM.attributes
                0x00000000       0x30
 .ARM.attributes
                0x00000000       0x32 ./src/freertos/FreeRTOSCommonHooks.o
 .ARM.attributes
                0x00000032       0x32 ./src/freertos/heap_3.o
 .ARM.attributes
                0x00000064       0x32 ./src/freertos/list.o
 .ARM.attributes
                0x00000096       0x32 ./src/freertos/port.o
 .ARM.attributes
                0x000000c8       0x32 ./src/freertos/tasks.o
 .ARM.attributes
                0x000000fa       0x32 ./src/RD_ProbeScope_FreeRTOS_Test.o
 .ARM.attributes
                0x0000012c       0x32 ./src/cr_startup_lpc43xx.o
 .ARM.attributes
                0x0000015e       0x32 ./src/crp.o
 .ARM.attributes
                0x00000190       0x32 ./src/sysinit.o
 .ARM.attributes
                0x000001c2       0x32 C:\Users\chadb\Documents\MCUXpressoIDE_11.7.0_9198\workspace\lpc_chip_43xx\Debug\liblpc_chip_43xx.a(chip_18xx_43xx.o)
 .ARM.attributes
                0x000001f4       0x32 C:\Users\chadb\Documents\MCUXpressoIDE_11.7.0_9198\workspace\lpc_chip_43xx\Debug\liblpc_chip_43xx.a(clock_18xx_43xx.o)
 .ARM.attributes
                0x00000226       0x32 C:\Users\chadb\Documents\MCUXpressoIDE_11.7.0_9198\workspace\lpc_chip_43xx\Debug\liblpc_chip_43xx.a(fpu_init.o)
 .ARM.attributes
                0x00000258       0x32 C:\Users\chadb\Documents\MCUXpressoIDE_11.7.0_9198\workspace\lpc_chip_43xx\Debug\liblpc_chip_43xx.a(hsadc_18xx_43xx.o)
 .ARM.attributes
                0x0000028a       0x32 C:\Users\chadb\Documents\MCUXpressoIDE_11.7.0_9198\workspace\lpc_chip_43xx\Debug\liblpc_chip_43xx.a(sysinit_18xx_43xx.o)
 .ARM.attributes
                0x000002bc       0x32 C:\Users\chadb\Documents\MCUXpressoIDE_11.7.0_9198\workspace\lpc_chip_43xx\Debug\liblpc_chip_43xx.a(timer_18xx_43xx.o)
 .ARM.attributes
                0x000002ee       0x32 c:/nxp/mcuxpressoide_11.7.0_9198/ide/plugins/com.nxp.mcuxpresso.tools.win32_11.7.0.202209140929/tools/bin/../lib/gcc/arm-none-eabi/10.3.1/../../../../arm-none-eabi/lib/thumb/v7e-m+fp/softfp\libcr_c.a(memset.o)
 .ARM.attributes
                0x00000320       0x32 c:/nxp/mcuxpressoide_11.7.0_9198/ide/plugins/com.nxp.mcuxpresso.tools.win32_11.7.0.202209140929/tools/bin/../lib/gcc/arm-none-eabi/10.3.1/../../../../arm-none-eabi/lib/thumb/v7e-m+fp/softfp\libcr_c.a(__weak__main.o)
 .ARM.attributes
                0x00000352       0x32 c:/nxp/mcuxpressoide_11.7.0_9198/ide/plugins/com.nxp.mcuxpresso.tools.win32_11.7.0.202209140929/tools/bin/../lib/gcc/arm-none-eabi/10.3.1/../../../../arm-none-eabi/lib/thumb/v7e-m+fp/softfp\libcr_c.a(alloc.o)
 .ARM.attributes
                0x00000384       0x32 c:/nxp/mcuxpressoide_11.7.0_9198/ide/plugins/com.nxp.mcuxpresso.tools.win32_11.7.0.202209140929/tools/bin/../lib/gcc/arm-none-eabi/10.3.1/../../../../arm-none-eabi/lib/thumb/v7e-m+fp/softfp\libcr_c.a(__init_alloc.o)
 .ARM.attributes
                0x000003b6       0x32 c:/nxp/mcuxpressoide_11.7.0_9198/ide/plugins/com.nxp.mcuxpresso.tools.win32_11.7.0.202209140929/tools/bin/../lib/gcc/arm-none-eabi/10.3.1/../../../../arm-none-eabi/lib/thumb/v7e-m+fp/softfp\libcr_c.a(_cr_sbrk.o)
 .ARM.attributes
                0x000003e8       0x32 c:/nxp/mcuxpressoide_11.7.0_9198/ide/plugins/com.nxp.mcuxpresso.tools.win32_11.7.0.202209140929/tools/bin/../lib/gcc/arm-none-eabi/10.3.1/../../../../arm-none-eabi/lib/thumb/v7e-m+fp/softfp\libcr_c.a(errno.o)
 .ARM.attributes
                0x0000041a       0x32 c:/nxp/mcuxpressoide_11.7.0_9198/ide/plugins/com.nxp.mcuxpresso.tools.win32_11.7.0.202209140929/tools/bin/../lib/gcc/arm-none-eabi/10.3.1/../../../../arm-none-eabi/lib/thumb/v7e-m+fp/softfp\libcr_c.a(_cr_check_heap.o)
 .ARM.attributes
                0x0000044c       0x20 c:/nxp/mcuxpressoide_11.7.0_9198/ide/plugins/com.nxp.mcuxpresso.tools.win32_11.7.0.202209140929/tools/bin/../lib/gcc/arm-none-eabi/10.3.1/thumb/v7e-m+fp/softfp\libcr_eabihelpers.a(memcpy.o)

.debug_frame    0x00000000     0x18dc
 .debug_frame   0x00000000       0xb0 ./src/freertos/FreeRTOSCommonHooks.o
 .debug_frame   0x000000b0       0x58 ./src/freertos/heap_3.o
 .debug_frame   0x00000108       0xd8 ./src/freertos/list.o
 .debug_frame   0x000001e0      0x1a8 ./src/freertos/port.o
 .debug_frame   0x00000388      0x6cc ./src/freertos/tasks.o
 .debug_frame   0x00000a54      0x300 ./src/RD_ProbeScope_FreeRTOS_Test.o
 .debug_frame   0x00000d54      0x170 ./src/cr_startup_lpc43xx.o
 .debug_frame   0x00000ec4       0x34 ./src/sysinit.o
 .debug_frame   0x00000ef8       0xa0 C:\Users\chadb\Documents\MCUXpressoIDE_11.7.0_9198\workspace\lpc_chip_43xx\Debug\liblpc_chip_43xx.a(chip_18xx_43xx.o)
 .debug_frame   0x00000f98      0x568 C:\Users\chadb\Documents\MCUXpressoIDE_11.7.0_9198\workspace\lpc_chip_43xx\Debug\liblpc_chip_43xx.a(clock_18xx_43xx.o)
 .debug_frame   0x00001500       0x38 C:\Users\chadb\Documents\MCUXpressoIDE_11.7.0_9198\workspace\lpc_chip_43xx\Debug\liblpc_chip_43xx.a(fpu_init.o)
 .debug_frame   0x00001538      0x1e0 C:\Users\chadb\Documents\MCUXpressoIDE_11.7.0_9198\workspace\lpc_chip_43xx\Debug\liblpc_chip_43xx.a(hsadc_18xx_43xx.o)
 .debug_frame   0x00001718       0xf4 C:\Users\chadb\Documents\MCUXpressoIDE_11.7.0_9198\workspace\lpc_chip_43xx\Debug\liblpc_chip_43xx.a(sysinit_18xx_43xx.o)
 .debug_frame   0x0000180c       0xd0 C:\Users\chadb\Documents\MCUXpressoIDE_11.7.0_9198\workspace\lpc_chip_43xx\Debug\liblpc_chip_43xx.a(timer_18xx_43xx.o)

Cross Reference Table

Symbol                                            File
ADC0_IRQHandler                                   ./src/cr_startup_lpc43xx.o
ADC1_IRQHandler                                   ./src/cr_startup_lpc43xx.o
ADCHS_IRQHandler                                  ./src/cr_startup_lpc43xx.o
ATIMER_IRQHandler                                 ./src/cr_startup_lpc43xx.o
BusFault_Handler                                  ./src/cr_startup_lpc43xx.o
CAN0_IRQHandler                                   ./src/cr_startup_lpc43xx.o
CAN1_IRQHandler                                   ./src/cr_startup_lpc43xx.o
CRP_WORD                                          ./src/crp.o
Chip_Clock_CalcMainPLLValue                       C:\Users\chadb\Documents\MCUXpressoIDE_11.7.0_9198\workspace\lpc_chip_43xx\Debug\liblpc_chip_43xx.a(clock_18xx_43xx.o)
                                                  C:\Users\chadb\Documents\MCUXpressoIDE_11.7.0_9198\workspace\lpc_chip_43xx\Debug\liblpc_chip_43xx.a(sysinit_18xx_43xx.o)
Chip_Clock_ClearPowerDown                         C:\Users\chadb\Documents\MCUXpressoIDE_11.7.0_9198\workspace\lpc_chip_43xx\Debug\liblpc_chip_43xx.a(clock_18xx_43xx.o)
Chip_Clock_Disable                                C:\Users\chadb\Documents\MCUXpressoIDE_11.7.0_9198\workspace\lpc_chip_43xx\Debug\liblpc_chip_43xx.a(clock_18xx_43xx.o)
                                                  C:\Users\chadb\Documents\MCUXpressoIDE_11.7.0_9198\workspace\lpc_chip_43xx\Debug\liblpc_chip_43xx.a(timer_18xx_43xx.o)
                                                  C:\Users\chadb\Documents\MCUXpressoIDE_11.7.0_9198\workspace\lpc_chip_43xx\Debug\liblpc_chip_43xx.a(hsadc_18xx_43xx.o)
Chip_Clock_DisableBaseClock                       C:\Users\chadb\Documents\MCUXpressoIDE_11.7.0_9198\workspace\lpc_chip_43xx\Debug\liblpc_chip_43xx.a(clock_18xx_43xx.o)
Chip_Clock_DisableCrystal                         C:\Users\chadb\Documents\MCUXpressoIDE_11.7.0_9198\workspace\lpc_chip_43xx\Debug\liblpc_chip_43xx.a(clock_18xx_43xx.o)
Chip_Clock_DisablePLL                             C:\Users\chadb\Documents\MCUXpressoIDE_11.7.0_9198\workspace\lpc_chip_43xx\Debug\liblpc_chip_43xx.a(clock_18xx_43xx.o)
Chip_Clock_Enable                                 C:\Users\chadb\Documents\MCUXpressoIDE_11.7.0_9198\workspace\lpc_chip_43xx\Debug\liblpc_chip_43xx.a(clock_18xx_43xx.o)
                                                  C:\Users\chadb\Documents\MCUXpressoIDE_11.7.0_9198\workspace\lpc_chip_43xx\Debug\liblpc_chip_43xx.a(timer_18xx_43xx.o)
                                                  C:\Users\chadb\Documents\MCUXpressoIDE_11.7.0_9198\workspace\lpc_chip_43xx\Debug\liblpc_chip_43xx.a(hsadc_18xx_43xx.o)
Chip_Clock_EnableBaseClock                        C:\Users\chadb\Documents\MCUXpressoIDE_11.7.0_9198\workspace\lpc_chip_43xx\Debug\liblpc_chip_43xx.a(clock_18xx_43xx.o)
                                                  C:\Users\chadb\Documents\MCUXpressoIDE_11.7.0_9198\workspace\lpc_chip_43xx\Debug\liblpc_chip_43xx.a(chip_18xx_43xx.o)
Chip_Clock_EnableCrystal                          C:\Users\chadb\Documents\MCUXpressoIDE_11.7.0_9198\workspace\lpc_chip_43xx\Debug\liblpc_chip_43xx.a(clock_18xx_43xx.o)
                                                  C:\Users\chadb\Documents\MCUXpressoIDE_11.7.0_9198\workspace\lpc_chip_43xx\Debug\liblpc_chip_43xx.a(sysinit_18xx_43xx.o)
Chip_Clock_EnableOpts                             C:\Users\chadb\Documents\MCUXpressoIDE_11.7.0_9198\workspace\lpc_chip_43xx\Debug\liblpc_chip_43xx.a(clock_18xx_43xx.o)
                                                  C:\Users\chadb\Documents\MCUXpressoIDE_11.7.0_9198\workspace\lpc_chip_43xx\Debug\liblpc_chip_43xx.a(hsadc_18xx_43xx.o)
                                                  C:\Users\chadb\Documents\MCUXpressoIDE_11.7.0_9198\workspace\lpc_chip_43xx\Debug\liblpc_chip_43xx.a(chip_18xx_43xx.o)
                                                  ./src/RD_ProbeScope_FreeRTOS_Test.o
Chip_Clock_EnablePLL                              C:\Users\chadb\Documents\MCUXpressoIDE_11.7.0_9198\workspace\lpc_chip_43xx\Debug\liblpc_chip_43xx.a(clock_18xx_43xx.o)
                                                  C:\Users\chadb\Documents\MCUXpressoIDE_11.7.0_9198\workspace\lpc_chip_43xx\Debug\liblpc_chip_43xx.a(chip_18xx_43xx.o)
Chip_Clock_GetBaseClock                           C:\Users\chadb\Documents\MCUXpressoIDE_11.7.0_9198\workspace\lpc_chip_43xx\Debug\liblpc_chip_43xx.a(clock_18xx_43xx.o)
Chip_Clock_GetBaseClockOpts                       C:\Users\chadb\Documents\MCUXpressoIDE_11.7.0_9198\workspace\lpc_chip_43xx\Debug\liblpc_chip_43xx.a(clock_18xx_43xx.o)
Chip_Clock_GetBaseClocktHz                        C:\Users\chadb\Documents\MCUXpressoIDE_11.7.0_9198\workspace\lpc_chip_43xx\Debug\liblpc_chip_43xx.a(clock_18xx_43xx.o)
Chip_Clock_GetClockInputHz                        C:\Users\chadb\Documents\MCUXpressoIDE_11.7.0_9198\workspace\lpc_chip_43xx\Debug\liblpc_chip_43xx.a(clock_18xx_43xx.o)
                                                  C:\Users\chadb\Documents\MCUXpressoIDE_11.7.0_9198\workspace\lpc_chip_43xx\Debug\liblpc_chip_43xx.a(chip_18xx_43xx.o)
                                                  ./src/RD_ProbeScope_FreeRTOS_Test.o
Chip_Clock_GetDividerDivisor                      C:\Users\chadb\Documents\MCUXpressoIDE_11.7.0_9198\workspace\lpc_chip_43xx\Debug\liblpc_chip_43xx.a(clock_18xx_43xx.o)
Chip_Clock_GetDividerSource                       C:\Users\chadb\Documents\MCUXpressoIDE_11.7.0_9198\workspace\lpc_chip_43xx\Debug\liblpc_chip_43xx.a(clock_18xx_43xx.o)
                                                  ./src/RD_ProbeScope_FreeRTOS_Test.o
Chip_Clock_GetEMCRate                             C:\Users\chadb\Documents\MCUXpressoIDE_11.7.0_9198\workspace\lpc_chip_43xx\Debug\liblpc_chip_43xx.a(clock_18xx_43xx.o)
Chip_Clock_GetMainPLLHz                           C:\Users\chadb\Documents\MCUXpressoIDE_11.7.0_9198\workspace\lpc_chip_43xx\Debug\liblpc_chip_43xx.a(clock_18xx_43xx.o)
Chip_Clock_GetPLLStatus                           C:\Users\chadb\Documents\MCUXpressoIDE_11.7.0_9198\workspace\lpc_chip_43xx\Debug\liblpc_chip_43xx.a(clock_18xx_43xx.o)
                                                  C:\Users\chadb\Documents\MCUXpressoIDE_11.7.0_9198\workspace\lpc_chip_43xx\Debug\liblpc_chip_43xx.a(chip_18xx_43xx.o)
Chip_Clock_GetRate                                C:\Users\chadb\Documents\MCUXpressoIDE_11.7.0_9198\workspace\lpc_chip_43xx\Debug\liblpc_chip_43xx.a(clock_18xx_43xx.o)
                                                  C:\Users\chadb\Documents\MCUXpressoIDE_11.7.0_9198\workspace\lpc_chip_43xx\Debug\liblpc_chip_43xx.a(hsadc_18xx_43xx.o)
                                                  C:\Users\chadb\Documents\MCUXpressoIDE_11.7.0_9198\workspace\lpc_chip_43xx\Debug\liblpc_chip_43xx.a(chip_18xx_43xx.o)
                                                  ./src/RD_ProbeScope_FreeRTOS_Test.o
Chip_Clock_IsBaseClockEnabled                     C:\Users\chadb\Documents\MCUXpressoIDE_11.7.0_9198\workspace\lpc_chip_43xx\Debug\liblpc_chip_43xx.a(clock_18xx_43xx.o)
Chip_Clock_RTCEnable                              C:\Users\chadb\Documents\MCUXpressoIDE_11.7.0_9198\workspace\lpc_chip_43xx\Debug\liblpc_chip_43xx.a(clock_18xx_43xx.o)
Chip_Clock_SetBaseClock                           C:\Users\chadb\Documents\MCUXpressoIDE_11.7.0_9198\workspace\lpc_chip_43xx\Debug\liblpc_chip_43xx.a(clock_18xx_43xx.o)
                                                  C:\Users\chadb\Documents\MCUXpressoIDE_11.7.0_9198\workspace\lpc_chip_43xx\Debug\liblpc_chip_43xx.a(sysinit_18xx_43xx.o)
                                                  C:\Users\chadb\Documents\MCUXpressoIDE_11.7.0_9198\workspace\lpc_chip_43xx\Debug\liblpc_chip_43xx.a(chip_18xx_43xx.o)
                                                  ./src/RD_ProbeScope_FreeRTOS_Test.o
Chip_Clock_SetDivider                             C:\Users\chadb\Documents\MCUXpressoIDE_11.7.0_9198\workspace\lpc_chip_43xx\Debug\liblpc_chip_43xx.a(clock_18xx_43xx.o)
                                                  C:\Users\chadb\Documents\MCUXpressoIDE_11.7.0_9198\workspace\lpc_chip_43xx\Debug\liblpc_chip_43xx.a(chip_18xx_43xx.o)
                                                  ./src/RD_ProbeScope_FreeRTOS_Test.o
Chip_Clock_SetupMainPLLHz                         C:\Users\chadb\Documents\MCUXpressoIDE_11.7.0_9198\workspace\lpc_chip_43xx\Debug\liblpc_chip_43xx.a(clock_18xx_43xx.o)
Chip_Clock_SetupMainPLLMult                       C:\Users\chadb\Documents\MCUXpressoIDE_11.7.0_9198\workspace\lpc_chip_43xx\Debug\liblpc_chip_43xx.a(clock_18xx_43xx.o)
Chip_Clock_SetupPLL                               C:\Users\chadb\Documents\MCUXpressoIDE_11.7.0_9198\workspace\lpc_chip_43xx\Debug\liblpc_chip_43xx.a(clock_18xx_43xx.o)
                                                  C:\Users\chadb\Documents\MCUXpressoIDE_11.7.0_9198\workspace\lpc_chip_43xx\Debug\liblpc_chip_43xx.a(chip_18xx_43xx.o)
Chip_Clock_StartPowerDown                         C:\Users\chadb\Documents\MCUXpressoIDE_11.7.0_9198\workspace\lpc_chip_43xx\Debug\liblpc_chip_43xx.a(clock_18xx_43xx.o)
Chip_HSADC_DeInit                                 C:\Users\chadb\Documents\MCUXpressoIDE_11.7.0_9198\workspace\lpc_chip_43xx\Debug\liblpc_chip_43xx.a(hsadc_18xx_43xx.o)
Chip_HSADC_Init                                   C:\Users\chadb\Documents\MCUXpressoIDE_11.7.0_9198\workspace\lpc_chip_43xx\Debug\liblpc_chip_43xx.a(hsadc_18xx_43xx.o)
                                                  ./src/RD_ProbeScope_FreeRTOS_Test.o
Chip_HSADC_SetACDCBias                            C:\Users\chadb\Documents\MCUXpressoIDE_11.7.0_9198\workspace\lpc_chip_43xx\Debug\liblpc_chip_43xx.a(hsadc_18xx_43xx.o)
                                                  ./src/RD_ProbeScope_FreeRTOS_Test.o
Chip_HSADC_SetPowerSpeed                          C:\Users\chadb\Documents\MCUXpressoIDE_11.7.0_9198\workspace\lpc_chip_43xx\Debug\liblpc_chip_43xx.a(hsadc_18xx_43xx.o)
                                                  ./src/RD_ProbeScope_FreeRTOS_Test.o
Chip_HSADC_SetSpeed                               C:\Users\chadb\Documents\MCUXpressoIDE_11.7.0_9198\workspace\lpc_chip_43xx\Debug\liblpc_chip_43xx.a(hsadc_18xx_43xx.o)
Chip_HSADC_SetThrHighValue                        C:\Users\chadb\Documents\MCUXpressoIDE_11.7.0_9198\workspace\lpc_chip_43xx\Debug\liblpc_chip_43xx.a(hsadc_18xx_43xx.o)
                                                  ./src/RD_ProbeScope_FreeRTOS_Test.o
Chip_HSADC_SetThrLowValue                         C:\Users\chadb\Documents\MCUXpressoIDE_11.7.0_9198\workspace\lpc_chip_43xx\Debug\liblpc_chip_43xx.a(hsadc_18xx_43xx.o)
                                                  ./src/RD_ProbeScope_FreeRTOS_Test.o
Chip_HSADC_SetupFIFO                              C:\Users\chadb\Documents\MCUXpressoIDE_11.7.0_9198\workspace\lpc_chip_43xx\Debug\liblpc_chip_43xx.a(hsadc_18xx_43xx.o)
                                                  ./src/RD_ProbeScope_FreeRTOS_Test.o
Chip_SetupCoreClock                               C:\Users\chadb\Documents\MCUXpressoIDE_11.7.0_9198\workspace\lpc_chip_43xx\Debug\liblpc_chip_43xx.a(sysinit_18xx_43xx.o)
Chip_SetupIrcClocking                             C:\Users\chadb\Documents\MCUXpressoIDE_11.7.0_9198\workspace\lpc_chip_43xx\Debug\liblpc_chip_43xx.a(sysinit_18xx_43xx.o)
Chip_SetupXtalClocking                            C:\Users\chadb\Documents\MCUXpressoIDE_11.7.0_9198\workspace\lpc_chip_43xx\Debug\liblpc_chip_43xx.a(sysinit_18xx_43xx.o)
Chip_SystemInit                                   C:\Users\chadb\Documents\MCUXpressoIDE_11.7.0_9198\workspace\lpc_chip_43xx\Debug\liblpc_chip_43xx.a(sysinit_18xx_43xx.o)
                                                  ./src/sysinit.o
Chip_TIMER_DeInit                                 C:\Users\chadb\Documents\MCUXpressoIDE_11.7.0_9198\workspace\lpc_chip_43xx\Debug\liblpc_chip_43xx.a(timer_18xx_43xx.o)
Chip_TIMER_ExtMatchControlSet                     C:\Users\chadb\Documents\MCUXpressoIDE_11.7.0_9198\workspace\lpc_chip_43xx\Debug\liblpc_chip_43xx.a(timer_18xx_43xx.o)
Chip_TIMER_Init                                   C:\Users\chadb\Documents\MCUXpressoIDE_11.7.0_9198\workspace\lpc_chip_43xx\Debug\liblpc_chip_43xx.a(timer_18xx_43xx.o)
                                                  ./src/RD_ProbeScope_FreeRTOS_Test.o
Chip_TIMER_Reset                                  C:\Users\chadb\Documents\MCUXpressoIDE_11.7.0_9198\workspace\lpc_chip_43xx\Debug\liblpc_chip_43xx.a(timer_18xx_43xx.o)
                                                  ./src/RD_ProbeScope_FreeRTOS_Test.o
Chip_USB0_Init                                    C:\Users\chadb\Documents\MCUXpressoIDE_11.7.0_9198\workspace\lpc_chip_43xx\Debug\liblpc_chip_43xx.a(chip_18xx_43xx.o)
                                                  ./src/RD_ProbeScope_FreeRTOS_Test.o
Chip_USB1_Init                                    C:\Users\chadb\Documents\MCUXpressoIDE_11.7.0_9198\workspace\lpc_chip_43xx\Debug\liblpc_chip_43xx.a(chip_18xx_43xx.o)
DAC_IRQHandler                                    ./src/cr_startup_lpc43xx.o
DMA_IRQHandler                                    ./src/cr_startup_lpc43xx.o
DebugMon_Handler                                  ./src/cr_startup_lpc43xx.o
ETH_IRQHandler                                    ./src/cr_startup_lpc43xx.o
EVRT_IRQHandler                                   ./src/cr_startup_lpc43xx.o
ExtRateIn                                         ./src/sysinit.o
                                                  C:\Users\chadb\Documents\MCUXpressoIDE_11.7.0_9198\workspace\lpc_chip_43xx\Debug\liblpc_chip_43xx.a(clock_18xx_43xx.o)
FLASH_EEPROM_IRQHandler                           ./src/cr_startup_lpc43xx.o
FreeRTOSDelay                                     ./src/freertos/FreeRTOSCommonHooks.o
GINT0_IRQHandler                                  ./src/cr_startup_lpc43xx.o
GINT1_IRQHandler                                  ./src/cr_startup_lpc43xx.o
GPIO0_IRQHandler                                  ./src/cr_startup_lpc43xx.o
GPIO1_IRQHandler                                  ./src/cr_startup_lpc43xx.o
GPIO2_IRQHandler                                  ./src/cr_startup_lpc43xx.o
GPIO3_IRQHandler                                  ./src/cr_startup_lpc43xx.o
GPIO4_IRQHandler                                  ./src/cr_startup_lpc43xx.o
GPIO5_IRQHandler                                  ./src/cr_startup_lpc43xx.o
GPIO6_IRQHandler                                  ./src/cr_startup_lpc43xx.o
GPIO7_IRQHandler                                  ./src/cr_startup_lpc43xx.o
HardFault_Handler                                 ./src/cr_startup_lpc43xx.o
I2C0_IRQHandler                                   ./src/cr_startup_lpc43xx.o
I2C1_IRQHandler                                   ./src/cr_startup_lpc43xx.o
I2S0_IRQHandler                                   ./src/cr_startup_lpc43xx.o
I2S1_IRQHandler                                   ./src/cr_startup_lpc43xx.o
IntDefaultHandler                                 ./src/cr_startup_lpc43xx.o
LCD_IRQHandler                                    ./src/cr_startup_lpc43xx.o
M0APP_IRQHandler                                  ./src/cr_startup_lpc43xx.o
M0SUB_IRQHandler                                  ./src/cr_startup_lpc43xx.o
MCPWM_IRQHandler                                  ./src/cr_startup_lpc43xx.o
MemManage_Handler                                 ./src/cr_startup_lpc43xx.o
NMI_Handler                                       ./src/cr_startup_lpc43xx.o
OscRateIn                                         ./src/sysinit.o
                                                  C:\Users\chadb\Documents\MCUXpressoIDE_11.7.0_9198\workspace\lpc_chip_43xx\Debug\liblpc_chip_43xx.a(clock_18xx_43xx.o)
PendSV_Handler                                    ./src/freertos/port.o
QEI_IRQHandler                                    ./src/cr_startup_lpc43xx.o
RIT_IRQHandler                                    ./src/cr_startup_lpc43xx.o
RTC_IRQHandler                                    ./src/cr_startup_lpc43xx.o
ResetISR                                          ./src/cr_startup_lpc43xx.o
SCT_IRQHandler                                    ./src/cr_startup_lpc43xx.o
SDIO_IRQHandler                                   ./src/cr_startup_lpc43xx.o
SGPIO_IRQHandler                                  ./src/cr_startup_lpc43xx.o
SPIFI_IRQHandler                                  ./src/cr_startup_lpc43xx.o
SPI_IRQHandler                                    ./src/cr_startup_lpc43xx.o
SSP0_IRQHandler                                   ./src/cr_startup_lpc43xx.o
SSP1_IRQHandler                                   ./src/cr_startup_lpc43xx.o
SVC_Handler                                       ./src/freertos/port.o
SysTick_Handler                                   ./src/freertos/port.o
SystemCoreClock                                   C:\Users\chadb\Documents\MCUXpressoIDE_11.7.0_9198\workspace\lpc_chip_43xx\Debug\liblpc_chip_43xx.a(chip_18xx_43xx.o)
                                                  ./src/freertos/port.o
SystemCoreClockUpdate                             C:\Users\chadb\Documents\MCUXpressoIDE_11.7.0_9198\workspace\lpc_chip_43xx\Debug\liblpc_chip_43xx.a(chip_18xx_43xx.o)
                                                  ./src/RD_ProbeScope_FreeRTOS_Test.o
SystemInit                                        ./src/sysinit.o
                                                  ./src/cr_startup_lpc43xx.o
TIMER0_IRQHandler                                 ./src/cr_startup_lpc43xx.o
TIMER1_IRQHandler                                 ./src/cr_startup_lpc43xx.o
TIMER2_IRQHandler                                 ./src/cr_startup_lpc43xx.o